[2.340s] Invoking command in '/home/unitree/odom/src/go2_mapping': PYTHONPATH=/home/unitree/odom/build/go2_mapping/prefix_override:/home/unitree/odom/install/go2_mapping/lib/python3.8/site-packages:${PYTHONPATH} /usr/bin/python3 setup.py egg_info --egg-base ../../build/go2_mapping build --build-base /home/unitree/odom/build/go2_mapping/build install --record /home/unitree/odom/build/go2_mapping/install.log --single-version-externally-managed
[2.793s] running egg_info
[2.794s] writing ../../build/go2_mapping/go2_mapping.egg-info/PKG-INFO
[2.795s] writing dependency_links to ../../build/go2_mapping/go2_mapping.egg-info/dependency_links.txt
[2.795s] writing entry points to ../../build/go2_mapping/go2_mapping.egg-info/entry_points.txt
[2.796s] writing requirements to ../../build/go2_mapping/go2_mapping.egg-info/requires.txt
[2.796s] writing top-level names to ../../build/go2_mapping/go2_mapping.egg-info/top_level.txt
[2.860s] reading manifest file '../../build/go2_mapping/go2_mapping.egg-info/SOURCES.txt'
[2.862s] writing manifest file '../../build/go2_mapping/go2_mapping.egg-info/SOURCES.txt'
[2.863s] running build
[2.863s] running build_py
[2.864s] running build_scripts
[2.864s] running install
[2.865s] running install_lib
[2.868s] running install_data
[2.869s] running install_egg_info
[2.873s] removing '/home/unitree/odom/install/go2_mapping/lib/python3.8/site-packages/go2_mapping-1.0.0-py3.8.egg-info' (and everything under it)
[2.875s] Copying ../../build/go2_mapping/go2_mapping.egg-info to /home/unitree/odom/install/go2_mapping/lib/python3.8/site-packages/go2_mapping-1.0.0-py3.8.egg-info
[2.876s] running install_scripts
[2.909s] changing mode of /home/unitree/odom/install/go2_mapping/lib/go2_mapping/save_map.py to 775
[2.912s] Installing goal_pose_relay script to /home/unitree/odom/install/go2_mapping/lib/go2_mapping
[2.913s] Installing odom_to_tf script to /home/unitree/odom/install/go2_mapping/lib/go2_mapping
[2.913s] writing list of installed files to '/home/unitree/odom/build/go2_mapping/install.log'
[2.979s] Invoked command in '/home/unitree/odom/src/go2_mapping' returned '0': PYTHONPATH=/home/unitree/odom/build/go2_mapping/prefix_override:/home/unitree/odom/install/go2_mapping/lib/python3.8/site-packages:${PYTHONPATH} /usr/bin/python3 setup.py egg_info --egg-base ../../build/go2_mapping build --build-base /home/unitree/odom/build/go2_mapping/build install --record /home/unitree/odom/build/go2_mapping/install.log --single-version-externally-managed
