-- The C compiler identification is GNU 9.4.0
-- The CXX compiler identification is GNU 9.4.0
-- Check for working C compiler: /usr/bin/cc
-- Check for working C compiler: /usr/bin/cc -- works
-- Detecting C compiler ABI info
-- Detecting C compiler ABI info - done
-- Detecting C compile features
-- Detecting C compile features - done
-- Check for working CXX compiler: /usr/bin/c++
-- Check for working CXX compiler: /usr/bin/c++ -- works
-- Detecting CXX compiler ABI info
-- Detecting CXX compiler ABI info - done
-- Detecting CXX compile features
-- Detecting CXX compile features - done
-- cuda not found!
=============================================================
-- ROS_VERSION is 2
=============================================================
-- Found PythonInterp: /home/unitree/.pyenv/shims/python3 (found suitable version "3.11.9", minimum required is "3") 
-- Using PYTHON_EXECUTABLE: /home/unitree/.pyenv/shims/python3
-- Override CMake install command with custom implementation using symlinks instead of copying resources
-- Using all available rosidl_typesupport_c: rosidl_typesupport_fastrtps_c;rosidl_typesupport_introspection_c
-- Found rosidl_adapter: 1.3.1 (/opt/ros/foxy/share/rosidl_adapter/cmake)
-- Found OpenSSL: /usr/lib/aarch64-linux-gnu/libcrypto.so (found version "1.1.1f")  
-- Found FastRTPS: /opt/ros/foxy/include  
-- Using all available rosidl_typesupport_cpp: rosidl_typesupport_fastrtps_cpp;rosidl_typesupport_introspection_cpp
-- Found rmw_implementation_cmake: 1.0.4 (/opt/ros/foxy/share/rmw_implementation_cmake/cmake)
-- Using RMW implementation 'rmw_cyclonedds_cpp' as default
-- Looking for pthread.h
-- Looking for pthread.h - found
-- Performing Test CMAKE_HAVE_LIBC_PTHREAD
-- Performing Test CMAKE_HAVE_LIBC_PTHREAD - Failed
-- Looking for pthread_create in pthreads
-- Looking for pthread_create in pthreads - not found
-- Looking for pthread_create in pthread
-- Looking for pthread_create in pthread - found
-- Found Threads: TRUE  
=============================================================
-- ROS2 Found. ROS2 Support is turned On.
=============================================================
-- Found sensor_msgs: 2.0.5 (/opt/ros/foxy/share/sensor_msgs/cmake)
-- Found rclcpp_action: 2.4.3 (/opt/ros/foxy/share/rclcpp_action/cmake)
-- Found rosidl_default_generators: 1.0.1 (/opt/ros/foxy/share/rosidl_default_generators/cmake)
-- Found PythonInterp: /home/unitree/.pyenv/shims/python3 (found version "3.11.9") 
-- Found ament_cmake_ros: 0.9.2 (/opt/ros/foxy/share/ament_cmake_ros/cmake)
-- Using all available rosidl_typesupport_c: rosidl_typesupport_fastrtps_c;rosidl_typesupport_introspection_c
-- Using all available rosidl_typesupport_cpp: rosidl_typesupport_fastrtps_cpp;rosidl_typesupport_introspection_cpp
-- Found PythonInterp: /home/unitree/.pyenv/shims/python3 (found suitable version "3.11.9", minimum required is "3.5") 
-- Found python_cmake_module: 0.8.1 (/opt/ros/foxy/share/python_cmake_module/cmake)
-- Found PythonLibs: /usr/lib/aarch64-linux-gnu/libpython3.8.so (found suitable version "3.8.10", minimum required is "3.5") 
-- Using PYTHON_EXECUTABLE: /home/unitree/.pyenv/shims/python3
-- Using PYTHON_INCLUDE_DIRS: /usr/include/python3.8
-- Using PYTHON_LIBRARIES: /usr/lib/aarch64-linux-gnu/libpython3.8.so
-- Found PythonExtra: .so  
-- Found Boost: /usr/lib/aarch64-linux-gnu/cmake/Boost-1.71.0/BoostConfig.cmake (found version "1.71.0") found components: thread 
-- Found ament_index_cpp: 1.1.0 (/opt/ros/foxy/share/ament_index_cpp/cmake)
-- Configuring done
-- Generating done
-- Build files have been written to: /home/unitree/xt16_ws/build/hesai_ros_driver
[  1%] [34m[1mGenerating C code for ROS interfaces[0m
[35m[1mScanning dependencies of target log_lib[0m
[35m[1mScanning dependencies of target hesai_ros_driver__cpp[0m
[  3%] [32mBuilding CXX object src/driver/HesaiLidar_SDK_2.0/libhesai/CMakeFiles/log_lib.dir/Logger/src/logger.cc.o[0m
[  3%] [34m[1mGenerating C++ code for ROS interfaces[0m
[  3%] Built target hesai_ros_driver__cpp
[  4%] [34m[1mGenerating C++ type support for eProsima Fast-RTPS[0m
[  5%] [34m[1mGenerating C++ introspection for ROS interfaces[0m
[35m[1mScanning dependencies of target hesai_ros_driver__rosidl_generator_c[0m
[  6%] [32mBuilding C object CMakeFiles/hesai_ros_driver__rosidl_generator_c.dir/rosidl_generator_c/hesai_ros_driver/msg/detail/udp_packet__functions.c.o[0m
[01m[Kcc1:[m[K [01;35m[Kwarning: [m[Kcommand line option ‘[01m[K-std=c++14[m[K’ is valid for C++/ObjC++ but not for C
[  7%] [32m[1mLinking CXX shared library liblog_lib.so[0m
[  7%] Built target log_lib
[  9%] [32mBuilding C object CMakeFiles/hesai_ros_driver__rosidl_generator_c.dir/rosidl_generator_c/hesai_ros_driver/msg/detail/udp_frame__functions.c.o[0m
[  9%] [32mBuilding C object CMakeFiles/hesai_ros_driver__rosidl_generator_c.dir/rosidl_generator_c/hesai_ros_driver/msg/detail/firetime__functions.c.o[0m
[01m[Kcc1:[m[K [01;35m[Kwarning: [m[Kcommand line option ‘[01m[K-std=c++14[m[K’ is valid for C++/ObjC++ but not for C
[01m[Kcc1:[m[K [01;35m[Kwarning: [m[Kcommand line option ‘[01m[K-std=c++14[m[K’ is valid for C++/ObjC++ but not for C
[ 10%] [32mBuilding C object CMakeFiles/hesai_ros_driver__rosidl_generator_c.dir/rosidl_generator_c/hesai_ros_driver/msg/detail/ptp__functions.c.o[0m
[01m[Kcc1:[m[K [01;35m[Kwarning: [m[Kcommand line option ‘[01m[K-std=c++14[m[K’ is valid for C++/ObjC++ but not for C
[ 11%] [34m[1mGenerating C++ type support dispatch for ROS interfaces[0m
[ 12%] [32mBuilding C object CMakeFiles/hesai_ros_driver__rosidl_generator_c.dir/rosidl_generator_c/hesai_ros_driver/msg/detail/loss_packet__functions.c.o[0m
[01m[Kcc1:[m[K [01;35m[Kwarning: [m[Kcommand line option ‘[01m[K-std=c++14[m[K’ is valid for C++/ObjC++ but not for C
[ 13%] [32m[1mLinking C shared library libhesai_ros_driver__rosidl_generator_c.so[0m
[35m[1mScanning dependencies of target hesai_ros_driver__rosidl_typesupport_introspection_cpp[0m
[ 14%] [32mBuilding CXX object CMakeFiles/hesai_ros_driver__rosidl_typesupport_introspection_cpp.dir/rosidl_typesupport_introspection_cpp/hesai_ros_driver/msg/detail/udp_packet__type_support.cpp.o[0m
[ 14%] Built target hesai_ros_driver__rosidl_generator_c
[35m[1mScanning dependencies of target platutils_lib[0m
[35m[1mScanning dependencies of target hesai_ros_driver__rosidl_typesupport_fastrtps_cpp[0m
[ 15%] [32mBuilding CXX object src/driver/HesaiLidar_SDK_2.0/libhesai/CMakeFiles/platutils_lib.dir/Common/src/plat_utils.cc.o[0m
[ 17%] [32mBuilding CXX object CMakeFiles/hesai_ros_driver__rosidl_typesupport_fastrtps_cpp.dir/rosidl_typesupport_fastrtps_cpp/hesai_ros_driver/msg/detail/dds_fastrtps/udp_packet__type_support.cpp.o[0m
[35m[1mScanning dependencies of target hesai_ros_driver__rosidl_typesupport_cpp[0m
[ 18%] [32mBuilding CXX object CMakeFiles/hesai_ros_driver__rosidl_typesupport_cpp.dir/rosidl_typesupport_cpp/hesai_ros_driver/msg/udp_packet__type_support.cpp.o[0m
[ 19%] [32mBuilding CXX object CMakeFiles/hesai_ros_driver__rosidl_typesupport_introspection_cpp.dir/rosidl_typesupport_introspection_cpp/hesai_ros_driver/msg/detail/udp_frame__type_support.cpp.o[0m
[ 20%] [32mBuilding CXX object CMakeFiles/hesai_ros_driver__rosidl_typesupport_cpp.dir/rosidl_typesupport_cpp/hesai_ros_driver/msg/udp_frame__type_support.cpp.o[0m
[ 21%] [32mBuilding CXX object CMakeFiles/hesai_ros_driver__rosidl_typesupport_fastrtps_cpp.dir/rosidl_typesupport_fastrtps_cpp/hesai_ros_driver/msg/detail/dds_fastrtps/udp_frame__type_support.cpp.o[0m
[ 22%] [32mBuilding CXX object src/driver/HesaiLidar_SDK_2.0/libhesai/CMakeFiles/platutils_lib.dir/Common/src/auto_tick_count.cc.o[0m
[ 23%] [32mBuilding CXX object CMakeFiles/hesai_ros_driver__rosidl_typesupport_cpp.dir/rosidl_typesupport_cpp/hesai_ros_driver/msg/firetime__type_support.cpp.o[0m
[ 24%] [32mBuilding CXX object CMakeFiles/hesai_ros_driver__rosidl_typesupport_introspection_cpp.dir/rosidl_typesupport_introspection_cpp/hesai_ros_driver/msg/detail/firetime__type_support.cpp.o[0m
[ 25%] [32mBuilding CXX object CMakeFiles/hesai_ros_driver__rosidl_typesupport_fastrtps_cpp.dir/rosidl_typesupport_fastrtps_cpp/hesai_ros_driver/msg/detail/dds_fastrtps/firetime__type_support.cpp.o[0m
[ 26%] [32mBuilding CXX object CMakeFiles/hesai_ros_driver__rosidl_typesupport_cpp.dir/rosidl_typesupport_cpp/hesai_ros_driver/msg/ptp__type_support.cpp.o[0m
[ 27%] [32mBuilding CXX object CMakeFiles/hesai_ros_driver__rosidl_typesupport_introspection_cpp.dir/rosidl_typesupport_introspection_cpp/hesai_ros_driver/msg/detail/ptp__type_support.cpp.o[0m
[ 28%] [32mBuilding CXX object CMakeFiles/hesai_ros_driver__rosidl_typesupport_cpp.dir/rosidl_typesupport_cpp/hesai_ros_driver/msg/loss_packet__type_support.cpp.o[0m
[ 29%] [32mBuilding CXX object CMakeFiles/hesai_ros_driver__rosidl_typesupport_fastrtps_cpp.dir/rosidl_typesupport_fastrtps_cpp/hesai_ros_driver/msg/detail/dds_fastrtps/ptp__type_support.cpp.o[0m
[ 30%] [32mBuilding CXX object CMakeFiles/hesai_ros_driver__rosidl_typesupport_introspection_cpp.dir/rosidl_typesupport_introspection_cpp/hesai_ros_driver/msg/detail/loss_packet__type_support.cpp.o[0m
[ 31%] [32m[1mLinking CXX shared library libplatutils_lib.so[0m
[ 31%] Built target platutils_lib
[ 32%] [32mBuilding CXX object CMakeFiles/hesai_ros_driver__rosidl_typesupport_fastrtps_cpp.dir/rosidl_typesupport_fastrtps_cpp/hesai_ros_driver/msg/detail/dds_fastrtps/loss_packet__type_support.cpp.o[0m
[ 34%] [32m[1mLinking CXX shared library libhesai_ros_driver__rosidl_typesupport_cpp.so[0m
[ 35%] [32m[1mLinking CXX shared library libhesai_ros_driver__rosidl_typesupport_introspection_cpp.so[0m
[ 35%] Built target hesai_ros_driver__rosidl_typesupport_cpp
[ 36%] [34m[1mGenerating C introspection for ROS interfaces[0m
[ 36%] Built target hesai_ros_driver__rosidl_typesupport_introspection_cpp
[ 37%] [34m[1mGenerating C type support dispatch for ROS interfaces[0m
[35m[1mScanning dependencies of target udpParser_lib[0m
[ 38%] [32mBuilding CXX object src/driver/HesaiLidar_SDK_2.0/libhesai/CMakeFiles/udpParser_lib.dir/UdpParser/udp_parser.cc.o[0m
[ 39%] [32m[1mLinking CXX shared library libhesai_ros_driver__rosidl_typesupport_fastrtps_cpp.so[0m
[ 39%] Built target hesai_ros_driver__rosidl_typesupport_fastrtps_cpp
[35m[1mScanning dependencies of target ptcClient_lib[0m
[ 40%] [32mBuilding CXX object src/driver/HesaiLidar_SDK_2.0/libhesai/CMakeFiles/ptcClient_lib.dir/PtcClient/src/ptc_client.cc.o[0m
[35m[1mScanning dependencies of target hesai_ros_driver__rosidl_typesupport_introspection_c[0m
[ 41%] [32mBuilding C object CMakeFiles/hesai_ros_driver__rosidl_typesupport_introspection_c.dir/rosidl_typesupport_introspection_c/hesai_ros_driver/msg/detail/udp_packet__type_support.c.o[0m
[01m[Kcc1:[m[K [01;35m[Kwarning: [m[Kcommand line option ‘[01m[K-std=c++14[m[K’ is valid for C++/ObjC++ but not for C
[35m[1mScanning dependencies of target hesai_ros_driver__rosidl_typesupport_c[0m
[ 42%] [32mBuilding CXX object CMakeFiles/hesai_ros_driver__rosidl_typesupport_c.dir/rosidl_typesupport_c/hesai_ros_driver/msg/udp_packet__type_support.cpp.o[0m
[ 43%] [32mBuilding C object CMakeFiles/hesai_ros_driver__rosidl_typesupport_introspection_c.dir/rosidl_typesupport_introspection_c/hesai_ros_driver/msg/detail/udp_frame__type_support.c.o[0m
[01m[Kcc1:[m[K [01;35m[Kwarning: [m[Kcommand line option ‘[01m[K-std=c++14[m[K’ is valid for C++/ObjC++ but not for C
[ 44%] [32mBuilding CXX object CMakeFiles/hesai_ros_driver__rosidl_typesupport_c.dir/rosidl_typesupport_c/hesai_ros_driver/msg/udp_frame__type_support.cpp.o[0m
[ 45%] [32mBuilding C object CMakeFiles/hesai_ros_driver__rosidl_typesupport_introspection_c.dir/rosidl_typesupport_introspection_c/hesai_ros_driver/msg/detail/firetime__type_support.c.o[0m
[01m[Kcc1:[m[K [01;35m[Kwarning: [m[Kcommand line option ‘[01m[K-std=c++14[m[K’ is valid for C++/ObjC++ but not for C
[ 46%] [32mBuilding CXX object CMakeFiles/hesai_ros_driver__rosidl_typesupport_c.dir/rosidl_typesupport_c/hesai_ros_driver/msg/firetime__type_support.cpp.o[0m
[ 47%] [32mBuilding C object CMakeFiles/hesai_ros_driver__rosidl_typesupport_introspection_c.dir/rosidl_typesupport_introspection_c/hesai_ros_driver/msg/detail/ptp__type_support.c.o[0m
[01m[Kcc1:[m[K [01;35m[Kwarning: [m[Kcommand line option ‘[01m[K-std=c++14[m[K’ is valid for C++/ObjC++ but not for C
[ 48%] [32mBuilding CXX object CMakeFiles/hesai_ros_driver__rosidl_typesupport_c.dir/rosidl_typesupport_c/hesai_ros_driver/msg/ptp__type_support.cpp.o[0m
[ 50%] [32mBuilding CXX object CMakeFiles/hesai_ros_driver__rosidl_typesupport_c.dir/rosidl_typesupport_c/hesai_ros_driver/msg/loss_packet__type_support.cpp.o[0m
[ 51%] [32mBuilding C object CMakeFiles/hesai_ros_driver__rosidl_typesupport_introspection_c.dir/rosidl_typesupport_introspection_c/hesai_ros_driver/msg/detail/loss_packet__type_support.c.o[0m
[01m[Kcc1:[m[K [01;35m[Kwarning: [m[Kcommand line option ‘[01m[K-std=c++14[m[K’ is valid for C++/ObjC++ but not for C
[ 52%] [32m[1mLinking CXX shared library libhesai_ros_driver__rosidl_typesupport_c.so[0m
[ 53%] [32m[1mLinking C shared library libhesai_ros_driver__rosidl_typesupport_introspection_c.so[0m
[ 53%] Built target hesai_ros_driver__rosidl_typesupport_introspection_c
[ 53%] Built target hesai_ros_driver__rosidl_typesupport_c
[ 54%] [32mBuilding CXX object src/driver/HesaiLidar_SDK_2.0/libhesai/CMakeFiles/ptcClient_lib.dir/PtcClient/src/tcp_client.cc.o[0m
[35m[1mScanning dependencies of target source_lib[0m
[ 55%] [32mBuilding CXX object src/driver/HesaiLidar_SDK_2.0/libhesai/CMakeFiles/source_lib.dir/Source/src/source.cc.o[0m
[ 56%] [32m[1mLinking CXX shared library libudpParser_lib.so[0m
[ 56%] Built target udpParser_lib
[ 57%] [32mBuilding CXX object src/driver/HesaiLidar_SDK_2.0/libhesai/CMakeFiles/source_lib.dir/Source/src/socket_source.cc.o[0m
[ 58%] [32mBuilding CXX object src/driver/HesaiLidar_SDK_2.0/libhesai/CMakeFiles/ptcClient_lib.dir/PtcParser/src/general_ptc_parser.cc.o[0m
[ 59%] [32mBuilding CXX object src/driver/HesaiLidar_SDK_2.0/libhesai/CMakeFiles/source_lib.dir/Source/src/pcap_source.cc.o[0m
[ 60%] [32mBuilding CXX object src/driver/HesaiLidar_SDK_2.0/libhesai/CMakeFiles/source_lib.dir/Source/src/serial_source.cc.o[0m
[ 61%] [32mBuilding CXX object src/driver/HesaiLidar_SDK_2.0/libhesai/CMakeFiles/source_lib.dir/Source/src/pcap_saver.cc.o[0m
[ 62%] [32mBuilding CXX object src/driver/HesaiLidar_SDK_2.0/libhesai/CMakeFiles/source_lib.dir/Source/src/tcp_source.cc.o[0m
[ 63%] [32mBuilding CXX object src/driver/HesaiLidar_SDK_2.0/libhesai/CMakeFiles/ptcClient_lib.dir/PtcParser/src/ptc_1_0_parser.cc.o[0m
[ 64%] [32mBuilding CXX object src/driver/HesaiLidar_SDK_2.0/libhesai/CMakeFiles/ptcClient_lib.dir/PtcParser/src/ptc_2_0_parser.cc.o[0m
[ 65%] [32mBuilding CXX object src/driver/HesaiLidar_SDK_2.0/libhesai/CMakeFiles/ptcClient_lib.dir/PtcParser/ptc_parser.cc.o[0m
[ 67%] [32m[1mLinking CXX shared library libsource_lib.so[0m
[ 68%] [32mBuilding CXX object src/driver/HesaiLidar_SDK_2.0/libhesai/CMakeFiles/ptcClient_lib.dir/PtcClient/src/tcp_ssl_client.cc.o[0m
[ 68%] Built target source_lib
[ 69%] [34m[1mGenerating C type support for eProsima Fast-RTPS[0m
[35m[1mScanning dependencies of target serialClient_lib[0m
[ 70%] [32mBuilding CXX object src/driver/HesaiLidar_SDK_2.0/libhesai/CMakeFiles/serialClient_lib.dir/SerialClient/src/serial_client.cc.o[0m
[35m[1mScanning dependencies of target hesai_ros_driver__rosidl_typesupport_fastrtps_c[0m
[ 72%] [32mBuilding CXX object CMakeFiles/hesai_ros_driver__rosidl_typesupport_fastrtps_c.dir/rosidl_typesupport_fastrtps_c/hesai_ros_driver/msg/detail/udp_frame__type_support_c.cpp.o[0m
[ 72%] [32mBuilding CXX object CMakeFiles/hesai_ros_driver__rosidl_typesupport_fastrtps_c.dir/rosidl_typesupport_fastrtps_c/hesai_ros_driver/msg/detail/udp_packet__type_support_c.cpp.o[0m
[ 73%] [32m[1mLinking CXX shared library libptcClient_lib.so[0m
[ 73%] Built target ptcClient_lib
[ 74%] [32mBuilding CXX object CMakeFiles/hesai_ros_driver__rosidl_typesupport_fastrtps_c.dir/rosidl_typesupport_fastrtps_c/hesai_ros_driver/msg/detail/firetime__type_support_c.cpp.o[0m
[ 75%] [32mBuilding CXX object CMakeFiles/hesai_ros_driver__rosidl_typesupport_fastrtps_c.dir/rosidl_typesupport_fastrtps_c/hesai_ros_driver/msg/detail/ptp__type_support_c.cpp.o[0m
[ 76%] [32mBuilding CXX object CMakeFiles/hesai_ros_driver__rosidl_typesupport_fastrtps_c.dir/rosidl_typesupport_fastrtps_c/hesai_ros_driver/msg/detail/loss_packet__type_support_c.cpp.o[0m
[ 77%] [32m[1mLinking CXX shared library libhesai_ros_driver__rosidl_typesupport_fastrtps_c.so[0m
[ 77%] Built target hesai_ros_driver__rosidl_typesupport_fastrtps_c
[35m[1mScanning dependencies of target hesai_ros_driver[0m
[ 77%] Built target hesai_ros_driver
[35m[1mScanning dependencies of target hesai_ros_driver__py[0m
[ 78%] [34m[1mGenerating Python code for ROS interfaces[0m
[ 79%] [32m[1mLinking CXX shared library libserialClient_lib.so[0m
[ 79%] Built target serialClient_lib
[35m[1mScanning dependencies of target lidar_lib[0m
[ 80%] [32mBuilding CXX object src/driver/HesaiLidar_SDK_2.0/libhesai/CMakeFiles/lidar_lib.dir/Lidar/lidar.cc.o[0m
[ 80%] Built target hesai_ros_driver__py
[35m[1mScanning dependencies of target hesai_ros_driver__python[0m
[ 84%] [32mBuilding C object CMakeFiles/hesai_ros_driver__python.dir/rosidl_generator_py/hesai_ros_driver/msg/_firetime_s.c.o[0m
[ 84%] [32mBuilding C object CMakeFiles/hesai_ros_driver__python.dir/rosidl_generator_py/hesai_ros_driver/msg/_udp_packet_s.c.o[0m
[ 84%] [32mBuilding C object CMakeFiles/hesai_ros_driver__python.dir/rosidl_generator_py/hesai_ros_driver/msg/_udp_frame_s.c.o[0m
[01m[Kcc1:[m[K [01;35m[Kwarning: [m[Kcommand line option ‘[01m[K-std=c++14[m[K’ is valid for C++/ObjC++ but not for C
[01m[Kcc1:[m[K [01;35m[Kwarning: [m[Kcommand line option ‘[01m[K-std=c++14[m[K’ is valid for C++/ObjC++ but not for C
[01m[Kcc1:[m[K [01;35m[Kwarning: [m[Kcommand line option ‘[01m[K-std=c++14[m[K’ is valid for C++/ObjC++ but not for C
[ 85%] [32mBuilding C object CMakeFiles/hesai_ros_driver__python.dir/rosidl_generator_py/hesai_ros_driver/msg/_ptp_s.c.o[0m
[01m[Kcc1:[m[K [01;35m[Kwarning: [m[Kcommand line option ‘[01m[K-std=c++14[m[K’ is valid for C++/ObjC++ but not for C
[ 86%] [32mBuilding C object CMakeFiles/hesai_ros_driver__python.dir/rosidl_generator_py/hesai_ros_driver/msg/_loss_packet_s.c.o[0m
[01m[Kcc1:[m[K [01;35m[Kwarning: [m[Kcommand line option ‘[01m[K-std=c++14[m[K’ is valid for C++/ObjC++ but not for C
[ 87%] [32m[1mLinking C shared library rosidl_generator_py/hesai_ros_driver/libhesai_ros_driver__python.so[0m
[ 87%] Built target hesai_ros_driver__python
[35m[1mScanning dependencies of target hesai_ros_driver__rosidl_typesupport_c__pyext[0m
[35m[1mScanning dependencies of target hesai_ros_driver__rosidl_typesupport_introspection_c__pyext[0m
[35m[1mScanning dependencies of target hesai_ros_driver__rosidl_typesupport_fastrtps_c__pyext[0m
[ 89%] [32mBuilding C object CMakeFiles/hesai_ros_driver__rosidl_typesupport_introspection_c__pyext.dir/rosidl_generator_py/hesai_ros_driver/_hesai_ros_driver_s.ep.rosidl_typesupport_introspection_c.c.o[0m
[ 89%] [32mBuilding C object CMakeFiles/hesai_ros_driver__rosidl_typesupport_c__pyext.dir/rosidl_generator_py/hesai_ros_driver/_hesai_ros_driver_s.ep.rosidl_typesupport_c.c.o[0m
[ 90%] [32mBuilding C object CMakeFiles/hesai_ros_driver__rosidl_typesupport_fastrtps_c__pyext.dir/rosidl_generator_py/hesai_ros_driver/_hesai_ros_driver_s.ep.rosidl_typesupport_fastrtps_c.c.o[0m
[01m[Kcc1:[m[K [01;35m[Kwarning: [m[Kcommand line option ‘[01m[K-std=c++14[m[K’ is valid for C++/ObjC++ but not for C
[01m[Kcc1:[m[K [01;35m[Kwarning: [m[Kcommand line option ‘[01m[K-std=c++14[m[K’ is valid for C++/ObjC++ but not for C
[01m[Kcc1:[m[K [01;35m[Kwarning: [m[Kcommand line option ‘[01m[K-std=c++14[m[K’ is valid for C++/ObjC++ but not for C
[ 92%] [32m[1mLinking C shared library rosidl_generator_py/hesai_ros_driver/hesai_ros_driver_s__rosidl_typesupport_c.cpython-311-aarch64-linux-gnu.so[0m
[ 92%] [32m[1mLinking C shared library rosidl_generator_py/hesai_ros_driver/hesai_ros_driver_s__rosidl_typesupport_introspection_c.cpython-311-aarch64-linux-gnu.so[0m
[ 93%] [32m[1mLinking CXX shared library rosidl_generator_py/hesai_ros_driver/hesai_ros_driver_s__rosidl_typesupport_fastrtps_c.cpython-311-aarch64-linux-gnu.so[0m
[ 93%] Built target hesai_ros_driver__rosidl_typesupport_introspection_c__pyext
[ 93%] Built target hesai_ros_driver__rosidl_typesupport_c__pyext
[ 93%] Built target hesai_ros_driver__rosidl_typesupport_fastrtps_c__pyext
[ 94%] [32m[1mLinking CXX shared library liblidar_lib.so[0m
[ 94%] Built target lidar_lib
[35m[1mScanning dependencies of target hesai_sdk_lib[0m
[ 95%] [32mBuilding CXX object src/driver/HesaiLidar_SDK_2.0/CMakeFiles/hesai_sdk_lib.dir/driver/hesai_lidar_sdk.cc.o[0m
[ 96%] [32m[1mLinking CXX shared library libhesai_sdk_lib.so[0m
[ 96%] Built target hesai_sdk_lib
[35m[1mScanning dependencies of target hesai_ros_driver_node[0m
[ 98%] [32mBuilding CXX object CMakeFiles/hesai_ros_driver_node.dir/src/manager/node_manager.cc.o[0m
[ 98%] [32mBuilding CXX object CMakeFiles/hesai_ros_driver_node.dir/node/hesai_ros_driver_node.cc.o[0m
[100%] [32m[1mLinking CXX executable hesai_ros_driver_node[0m
[100%] Built target hesai_ros_driver_node
-- Install configuration: "Release"
-- Execute custom install script
-- Symlinking: /home/unitree/xt16_ws/install/hesai_ros_driver/share/ament_index/resource_index/rosidl_interfaces/hesai_ros_driver
-- Symlinking: /home/unitree/xt16_ws/install/hesai_ros_driver/include/hesai_ros_driver/msg/detail/firetime__functions.h
-- Symlinking: /home/unitree/xt16_ws/install/hesai_ros_driver/include/hesai_ros_driver/msg/detail/firetime__struct.h
-- Symlinking: /home/unitree/xt16_ws/install/hesai_ros_driver/include/hesai_ros_driver/msg/detail/firetime__type_support.h
-- Symlinking: /home/unitree/xt16_ws/install/hesai_ros_driver/include/hesai_ros_driver/msg/detail/loss_packet__functions.h
-- Symlinking: /home/unitree/xt16_ws/install/hesai_ros_driver/include/hesai_ros_driver/msg/detail/loss_packet__struct.h
-- Symlinking: /home/unitree/xt16_ws/install/hesai_ros_driver/include/hesai_ros_driver/msg/detail/loss_packet__type_support.h
-- Symlinking: /home/unitree/xt16_ws/install/hesai_ros_driver/include/hesai_ros_driver/msg/detail/ptp__functions.h
-- Symlinking: /home/unitree/xt16_ws/install/hesai_ros_driver/include/hesai_ros_driver/msg/detail/ptp__struct.h
-- Symlinking: /home/unitree/xt16_ws/install/hesai_ros_driver/include/hesai_ros_driver/msg/detail/ptp__type_support.h
-- Symlinking: /home/unitree/xt16_ws/install/hesai_ros_driver/include/hesai_ros_driver/msg/detail/udp_frame__functions.h
-- Symlinking: /home/unitree/xt16_ws/install/hesai_ros_driver/include/hesai_ros_driver/msg/detail/udp_frame__struct.h
-- Symlinking: /home/unitree/xt16_ws/install/hesai_ros_driver/include/hesai_ros_driver/msg/detail/udp_frame__type_support.h
-- Symlinking: /home/unitree/xt16_ws/install/hesai_ros_driver/include/hesai_ros_driver/msg/detail/udp_packet__functions.h
-- Symlinking: /home/unitree/xt16_ws/install/hesai_ros_driver/include/hesai_ros_driver/msg/detail/udp_packet__struct.h
-- Symlinking: /home/unitree/xt16_ws/install/hesai_ros_driver/include/hesai_ros_driver/msg/detail/udp_packet__type_support.h
-- Symlinking: /home/unitree/xt16_ws/install/hesai_ros_driver/include/hesai_ros_driver/msg/firetime.h
-- Symlinking: /home/unitree/xt16_ws/install/hesai_ros_driver/include/hesai_ros_driver/msg/loss_packet.h
-- Symlinking: /home/unitree/xt16_ws/install/hesai_ros_driver/include/hesai_ros_driver/msg/ptp.h
-- Symlinking: /home/unitree/xt16_ws/install/hesai_ros_driver/include/hesai_ros_driver/msg/rosidl_generator_c__visibility_control.h
-- Symlinking: /home/unitree/xt16_ws/install/hesai_ros_driver/include/hesai_ros_driver/msg/udp_frame.h
-- Symlinking: /home/unitree/xt16_ws/install/hesai_ros_driver/include/hesai_ros_driver/msg/udp_packet.h
-- Symlinking: /home/unitree/xt16_ws/install/hesai_ros_driver/share/hesai_ros_driver/environment/library_path.sh
-- Symlinking: /home/unitree/xt16_ws/install/hesai_ros_driver/share/hesai_ros_driver/environment/library_path.dsv
-- Symlinking: /home/unitree/xt16_ws/install/hesai_ros_driver/include/hesai_ros_driver/msg/detail/firetime__rosidl_typesupport_fastrtps_c.h
-- Symlinking: /home/unitree/xt16_ws/install/hesai_ros_driver/include/hesai_ros_driver/msg/detail/loss_packet__rosidl_typesupport_fastrtps_c.h
-- Symlinking: /home/unitree/xt16_ws/install/hesai_ros_driver/include/hesai_ros_driver/msg/detail/ptp__rosidl_typesupport_fastrtps_c.h
-- Symlinking: /home/unitree/xt16_ws/install/hesai_ros_driver/include/hesai_ros_driver/msg/detail/udp_frame__rosidl_typesupport_fastrtps_c.h
-- Symlinking: /home/unitree/xt16_ws/install/hesai_ros_driver/include/hesai_ros_driver/msg/detail/udp_packet__rosidl_typesupport_fastrtps_c.h
-- Symlinking: /home/unitree/xt16_ws/install/hesai_ros_driver/include/hesai_ros_driver/msg/rosidl_typesupport_fastrtps_c__visibility_control.h
-- Symlinking: /home/unitree/xt16_ws/install/hesai_ros_driver/lib/libhesai_ros_driver__rosidl_typesupport_fastrtps_c.so
-- Symlinking: /home/unitree/xt16_ws/install/hesai_ros_driver/include/hesai_ros_driver/msg/detail/firetime__rosidl_typesupport_fastrtps_cpp.hpp
-- Symlinking: /home/unitree/xt16_ws/install/hesai_ros_driver/include/hesai_ros_driver/msg/detail/loss_packet__rosidl_typesupport_fastrtps_cpp.hpp
-- Symlinking: /home/unitree/xt16_ws/install/hesai_ros_driver/include/hesai_ros_driver/msg/detail/ptp__rosidl_typesupport_fastrtps_cpp.hpp
-- Symlinking: /home/unitree/xt16_ws/install/hesai_ros_driver/include/hesai_ros_driver/msg/detail/udp_frame__rosidl_typesupport_fastrtps_cpp.hpp
-- Symlinking: /home/unitree/xt16_ws/install/hesai_ros_driver/include/hesai_ros_driver/msg/detail/udp_packet__rosidl_typesupport_fastrtps_cpp.hpp
-- Symlinking: /home/unitree/xt16_ws/install/hesai_ros_driver/include/hesai_ros_driver/msg/rosidl_typesupport_fastrtps_cpp__visibility_control.h
-- Symlinking: /home/unitree/xt16_ws/install/hesai_ros_driver/lib/libhesai_ros_driver__rosidl_typesupport_fastrtps_cpp.so
-- Symlinking: /home/unitree/xt16_ws/install/hesai_ros_driver/include/hesai_ros_driver/msg/detail/firetime__rosidl_typesupport_introspection_c.h
-- Symlinking: /home/unitree/xt16_ws/install/hesai_ros_driver/include/hesai_ros_driver/msg/detail/loss_packet__rosidl_typesupport_introspection_c.h
-- Symlinking: /home/unitree/xt16_ws/install/hesai_ros_driver/include/hesai_ros_driver/msg/detail/ptp__rosidl_typesupport_introspection_c.h
-- Symlinking: /home/unitree/xt16_ws/install/hesai_ros_driver/include/hesai_ros_driver/msg/detail/udp_frame__rosidl_typesupport_introspection_c.h
-- Symlinking: /home/unitree/xt16_ws/install/hesai_ros_driver/include/hesai_ros_driver/msg/detail/udp_packet__rosidl_typesupport_introspection_c.h
-- Symlinking: /home/unitree/xt16_ws/install/hesai_ros_driver/include/hesai_ros_driver/msg/rosidl_typesupport_introspection_c__visibility_control.h
-- Symlinking: /home/unitree/xt16_ws/install/hesai_ros_driver/include/hesai_ros_driver/msg/detail/firetime__builder.hpp
-- Symlinking: /home/unitree/xt16_ws/install/hesai_ros_driver/include/hesai_ros_driver/msg/detail/firetime__struct.hpp
-- Symlinking: /home/unitree/xt16_ws/install/hesai_ros_driver/include/hesai_ros_driver/msg/detail/firetime__traits.hpp
-- Symlinking: /home/unitree/xt16_ws/install/hesai_ros_driver/include/hesai_ros_driver/msg/detail/firetime__type_support.hpp
-- Symlinking: /home/unitree/xt16_ws/install/hesai_ros_driver/include/hesai_ros_driver/msg/detail/loss_packet__builder.hpp
-- Symlinking: /home/unitree/xt16_ws/install/hesai_ros_driver/include/hesai_ros_driver/msg/detail/loss_packet__struct.hpp
-- Symlinking: /home/unitree/xt16_ws/install/hesai_ros_driver/include/hesai_ros_driver/msg/detail/loss_packet__traits.hpp
-- Symlinking: /home/unitree/xt16_ws/install/hesai_ros_driver/include/hesai_ros_driver/msg/detail/loss_packet__type_support.hpp
-- Symlinking: /home/unitree/xt16_ws/install/hesai_ros_driver/include/hesai_ros_driver/msg/detail/ptp__builder.hpp
-- Symlinking: /home/unitree/xt16_ws/install/hesai_ros_driver/include/hesai_ros_driver/msg/detail/ptp__struct.hpp
-- Symlinking: /home/unitree/xt16_ws/install/hesai_ros_driver/include/hesai_ros_driver/msg/detail/ptp__traits.hpp
-- Symlinking: /home/unitree/xt16_ws/install/hesai_ros_driver/include/hesai_ros_driver/msg/detail/ptp__type_support.hpp
-- Symlinking: /home/unitree/xt16_ws/install/hesai_ros_driver/include/hesai_ros_driver/msg/detail/udp_frame__builder.hpp
-- Symlinking: /home/unitree/xt16_ws/install/hesai_ros_driver/include/hesai_ros_driver/msg/detail/udp_frame__struct.hpp
-- Symlinking: /home/unitree/xt16_ws/install/hesai_ros_driver/include/hesai_ros_driver/msg/detail/udp_frame__traits.hpp
-- Symlinking: /home/unitree/xt16_ws/install/hesai_ros_driver/include/hesai_ros_driver/msg/detail/udp_frame__type_support.hpp
-- Symlinking: /home/unitree/xt16_ws/install/hesai_ros_driver/include/hesai_ros_driver/msg/detail/udp_packet__builder.hpp
-- Symlinking: /home/unitree/xt16_ws/install/hesai_ros_driver/include/hesai_ros_driver/msg/detail/udp_packet__struct.hpp
-- Symlinking: /home/unitree/xt16_ws/install/hesai_ros_driver/include/hesai_ros_driver/msg/detail/udp_packet__traits.hpp
-- Symlinking: /home/unitree/xt16_ws/install/hesai_ros_driver/include/hesai_ros_driver/msg/detail/udp_packet__type_support.hpp
-- Symlinking: /home/unitree/xt16_ws/install/hesai_ros_driver/include/hesai_ros_driver/msg/firetime.hpp
-- Symlinking: /home/unitree/xt16_ws/install/hesai_ros_driver/include/hesai_ros_driver/msg/loss_packet.hpp
-- Symlinking: /home/unitree/xt16_ws/install/hesai_ros_driver/include/hesai_ros_driver/msg/ptp.hpp
-- Symlinking: /home/unitree/xt16_ws/install/hesai_ros_driver/include/hesai_ros_driver/msg/rosidl_generator_cpp__visibility_control.hpp
-- Symlinking: /home/unitree/xt16_ws/install/hesai_ros_driver/include/hesai_ros_driver/msg/udp_frame.hpp
-- Symlinking: /home/unitree/xt16_ws/install/hesai_ros_driver/include/hesai_ros_driver/msg/udp_packet.hpp
-- Symlinking: /home/unitree/xt16_ws/install/hesai_ros_driver/include/hesai_ros_driver/msg/detail/firetime__rosidl_typesupport_introspection_cpp.hpp
-- Symlinking: /home/unitree/xt16_ws/install/hesai_ros_driver/include/hesai_ros_driver/msg/detail/loss_packet__rosidl_typesupport_introspection_cpp.hpp
-- Symlinking: /home/unitree/xt16_ws/install/hesai_ros_driver/include/hesai_ros_driver/msg/detail/ptp__rosidl_typesupport_introspection_cpp.hpp
-- Symlinking: /home/unitree/xt16_ws/install/hesai_ros_driver/include/hesai_ros_driver/msg/detail/udp_frame__rosidl_typesupport_introspection_cpp.hpp
-- Symlinking: /home/unitree/xt16_ws/install/hesai_ros_driver/include/hesai_ros_driver/msg/detail/udp_packet__rosidl_typesupport_introspection_cpp.hpp
-- Symlinking: /home/unitree/xt16_ws/install/hesai_ros_driver/share/hesai_ros_driver/environment/pythonpath.sh
-- Symlinking: /home/unitree/xt16_ws/install/hesai_ros_driver/share/hesai_ros_driver/environment/pythonpath.dsv
-- Symlinking: /home/unitree/xt16_ws/install/hesai_ros_driver/lib/python3.11/site-packages/hesai_ros_driver/__init__.py
-- Symlinking: /home/unitree/xt16_ws/install/hesai_ros_driver/lib/python3.11/site-packages/hesai_ros_driver/msg/__init__.py
-- Symlinking: /home/unitree/xt16_ws/install/hesai_ros_driver/lib/python3.11/site-packages/hesai_ros_driver/msg/_firetime.py
-- Symlinking: /home/unitree/xt16_ws/install/hesai_ros_driver/lib/python3.11/site-packages/hesai_ros_driver/msg/_loss_packet.py
-- Symlinking: /home/unitree/xt16_ws/install/hesai_ros_driver/lib/python3.11/site-packages/hesai_ros_driver/msg/_ptp.py
-- Symlinking: /home/unitree/xt16_ws/install/hesai_ros_driver/lib/python3.11/site-packages/hesai_ros_driver/msg/_udp_frame.py
-- Symlinking: /home/unitree/xt16_ws/install/hesai_ros_driver/lib/python3.11/site-packages/hesai_ros_driver/msg/_udp_packet.py
-- Symlinking: /home/unitree/xt16_ws/install/hesai_ros_driver/lib/python3.11/site-packages/hesai_ros_driver/hesai_ros_driver_s__rosidl_typesupport_fastrtps_c.cpython-311-aarch64-linux-gnu.so
-- Symlinking: /home/unitree/xt16_ws/install/hesai_ros_driver/lib/python3.11/site-packages/hesai_ros_driver/hesai_ros_driver_s__rosidl_typesupport_introspection_c.cpython-311-aarch64-linux-gnu.so
-- Symlinking: /home/unitree/xt16_ws/install/hesai_ros_driver/lib/python3.11/site-packages/hesai_ros_driver/hesai_ros_driver_s__rosidl_typesupport_c.cpython-311-aarch64-linux-gnu.so
-- Symlinking: /home/unitree/xt16_ws/install/hesai_ros_driver/lib/libhesai_ros_driver__python.so
-- Symlinking: /home/unitree/xt16_ws/install/hesai_ros_driver/share/hesai_ros_driver/msg/UdpPacket.idl
-- Symlinking: /home/unitree/xt16_ws/install/hesai_ros_driver/share/hesai_ros_driver/msg/UdpFrame.idl
-- Symlinking: /home/unitree/xt16_ws/install/hesai_ros_driver/share/hesai_ros_driver/msg/Firetime.idl
-- Symlinking: /home/unitree/xt16_ws/install/hesai_ros_driver/share/hesai_ros_driver/msg/Ptp.idl
-- Symlinking: /home/unitree/xt16_ws/install/hesai_ros_driver/share/hesai_ros_driver/msg/LossPacket.idl
-- Symlinking: /home/unitree/xt16_ws/install/hesai_ros_driver/share/hesai_ros_driver/msg_ros2/UdpPacket.msg
-- Symlinking: /home/unitree/xt16_ws/install/hesai_ros_driver/share/hesai_ros_driver/msg_ros2/UdpFrame.msg
-- Symlinking: /home/unitree/xt16_ws/install/hesai_ros_driver/share/hesai_ros_driver/msg_ros2/Firetime.msg
-- Symlinking: /home/unitree/xt16_ws/install/hesai_ros_driver/share/hesai_ros_driver/msg_ros2/Ptp.msg
-- Symlinking: /home/unitree/xt16_ws/install/hesai_ros_driver/share/hesai_ros_driver/msg_ros2/LossPacket.msg
-- Symlinking: /home/unitree/xt16_ws/install/hesai_ros_driver/lib/hesai_ros_driver/hesai_ros_driver_node
-- Symlinking: /home/unitree/xt16_ws/install/hesai_ros_driver/lib/libhesai_sdk_lib.so
-- Symlinking: /home/unitree/xt16_ws/install/hesai_ros_driver/lib/liblog_lib.so
-- Symlinking: /home/unitree/xt16_ws/install/hesai_ros_driver/lib/liblidar_lib.so
-- Symlinking: /home/unitree/xt16_ws/install/hesai_ros_driver/lib/libptcClient_lib.so
-- Symlinking: /home/unitree/xt16_ws/install/hesai_ros_driver/lib/libsource_lib.so
-- Symlinking: /home/unitree/xt16_ws/install/hesai_ros_driver/lib/libplatutils_lib.so
-- Symlinking: /home/unitree/xt16_ws/install/hesai_ros_driver/lib/libserialClient_lib.so
-- Symlinking: /home/unitree/xt16_ws/install/hesai_ros_driver/lib/libudpParser_lib.so
-- Symlinking: /home/unitree/xt16_ws/install/hesai_ros_driver/share/hesai_ros_driver/launch/dashing_start.py
-- Symlinking: /home/unitree/xt16_ws/install/hesai_ros_driver/share/hesai_ros_driver/launch/start.launch
-- Symlinking: /home/unitree/xt16_ws/install/hesai_ros_driver/share/hesai_ros_driver/launch/start.py
-- Symlinking: /home/unitree/xt16_ws/install/hesai_ros_driver/share/hesai_ros_driver/rviz/rviz.rviz
-- Symlinking: /home/unitree/xt16_ws/install/hesai_ros_driver/share/hesai_ros_driver/rviz/rviz2.rviz
-- Symlinking: /home/unitree/xt16_ws/install/hesai_ros_driver/share/ament_index/resource_index/package_run_dependencies/hesai_ros_driver
-- Symlinking: /home/unitree/xt16_ws/install/hesai_ros_driver/share/ament_index/resource_index/parent_prefix_path/hesai_ros_driver
-- Symlinking: /home/unitree/xt16_ws/install/hesai_ros_driver/share/hesai_ros_driver/environment/ament_prefix_path.sh
-- Symlinking: /home/unitree/xt16_ws/install/hesai_ros_driver/share/hesai_ros_driver/environment/ament_prefix_path.dsv
-- Symlinking: /home/unitree/xt16_ws/install/hesai_ros_driver/share/hesai_ros_driver/environment/path.sh
-- Symlinking: /home/unitree/xt16_ws/install/hesai_ros_driver/share/hesai_ros_driver/environment/path.dsv
-- Symlinking: /home/unitree/xt16_ws/install/hesai_ros_driver/share/hesai_ros_driver/local_setup.bash
-- Symlinking: /home/unitree/xt16_ws/install/hesai_ros_driver/share/hesai_ros_driver/local_setup.sh
-- Symlinking: /home/unitree/xt16_ws/install/hesai_ros_driver/share/hesai_ros_driver/local_setup.zsh
-- Symlinking: /home/unitree/xt16_ws/install/hesai_ros_driver/share/hesai_ros_driver/local_setup.dsv
-- Symlinking: /home/unitree/xt16_ws/install/hesai_ros_driver/share/hesai_ros_driver/package.dsv
-- Symlinking: /home/unitree/xt16_ws/install/hesai_ros_driver/share/ament_index/resource_index/packages/hesai_ros_driver
-- Symlinking: /home/unitree/xt16_ws/install/hesai_ros_driver/share/hesai_ros_driver/cmake/rosidl_cmake-extras.cmake
-- Symlinking: /home/unitree/xt16_ws/install/hesai_ros_driver/share/hesai_ros_driver/cmake/ament_cmake_export_dependencies-extras.cmake
-- Symlinking: /home/unitree/xt16_ws/install/hesai_ros_driver/share/hesai_ros_driver/cmake/ament_cmake_export_libraries-extras.cmake
-- Symlinking: /home/unitree/xt16_ws/install/hesai_ros_driver/share/hesai_ros_driver/cmake/ament_cmake_export_targets-extras.cmake
-- Symlinking: /home/unitree/xt16_ws/install/hesai_ros_driver/share/hesai_ros_driver/cmake/ament_cmake_export_include_directories-extras.cmake
-- Symlinking: /home/unitree/xt16_ws/install/hesai_ros_driver/share/hesai_ros_driver/cmake/rosidl_cmake_export_typesupport_libraries-extras.cmake
-- Symlinking: /home/unitree/xt16_ws/install/hesai_ros_driver/share/hesai_ros_driver/cmake/rosidl_cmake_export_typesupport_targets-extras.cmake
-- Symlinking: /home/unitree/xt16_ws/install/hesai_ros_driver/share/hesai_ros_driver/cmake/hesai_ros_driverConfig.cmake
-- Symlinking: /home/unitree/xt16_ws/install/hesai_ros_driver/share/hesai_ros_driver/cmake/hesai_ros_driverConfig-version.cmake
-- Symlinking: /home/unitree/xt16_ws/install/hesai_ros_driver/share/hesai_ros_driver/package.xml
-- Installing: /home/unitree/xt16_ws/install/hesai_ros_driver/lib/libhesai_ros_driver__rosidl_generator_c.so
-- Set runtime path of "/home/unitree/xt16_ws/install/hesai_ros_driver/lib/libhesai_ros_driver__rosidl_generator_c.so" to ""
-- Installing: /home/unitree/xt16_ws/install/hesai_ros_driver/lib/libhesai_ros_driver__rosidl_typesupport_introspection_c.so
-- Set runtime path of "/home/unitree/xt16_ws/install/hesai_ros_driver/lib/libhesai_ros_driver__rosidl_typesupport_introspection_c.so" to ""
-- Installing: /home/unitree/xt16_ws/install/hesai_ros_driver/lib/libhesai_ros_driver__rosidl_typesupport_c.so
-- Set runtime path of "/home/unitree/xt16_ws/install/hesai_ros_driver/lib/libhesai_ros_driver__rosidl_typesupport_c.so" to ""
-- Installing: /home/unitree/xt16_ws/install/hesai_ros_driver/lib/libhesai_ros_driver__rosidl_typesupport_introspection_cpp.so
-- Set runtime path of "/home/unitree/xt16_ws/install/hesai_ros_driver/lib/libhesai_ros_driver__rosidl_typesupport_introspection_cpp.so" to ""
-- Installing: /home/unitree/xt16_ws/install/hesai_ros_driver/lib/libhesai_ros_driver__rosidl_typesupport_cpp.so
-- Set runtime path of "/home/unitree/xt16_ws/install/hesai_ros_driver/lib/libhesai_ros_driver__rosidl_typesupport_cpp.so" to ""
Compiling '/home/unitree/xt16_ws/install/hesai_ros_driver/lib/python3.11/site-packages/hesai_ros_driver/__init__.py'...
-- Installing: /home/unitree/xt16_ws/install/hesai_ros_driver/share/hesai_ros_driver/cmake/hesai_ros_driver__rosidl_generator_cExport.cmake
-- Installing: /home/unitree/xt16_ws/install/hesai_ros_driver/share/hesai_ros_driver/cmake/hesai_ros_driver__rosidl_generator_cExport-release.cmake
-- Installing: /home/unitree/xt16_ws/install/hesai_ros_driver/share/hesai_ros_driver/cmake/hesai_ros_driver__rosidl_typesupport_introspection_cExport.cmake
-- Installing: /home/unitree/xt16_ws/install/hesai_ros_driver/share/hesai_ros_driver/cmake/hesai_ros_driver__rosidl_typesupport_introspection_cExport-release.cmake
-- Installing: /home/unitree/xt16_ws/install/hesai_ros_driver/share/hesai_ros_driver/cmake/hesai_ros_driver__rosidl_typesupport_cExport.cmake
-- Installing: /home/unitree/xt16_ws/install/hesai_ros_driver/share/hesai_ros_driver/cmake/hesai_ros_driver__rosidl_typesupport_cExport-release.cmake
-- Installing: /home/unitree/xt16_ws/install/hesai_ros_driver/share/hesai_ros_driver/cmake/hesai_ros_driver__rosidl_generator_cppExport.cmake
-- Installing: /home/unitree/xt16_ws/install/hesai_ros_driver/share/hesai_ros_driver/cmake/hesai_ros_driver__rosidl_typesupport_introspection_cppExport.cmake
-- Installing: /home/unitree/xt16_ws/install/hesai_ros_driver/share/hesai_ros_driver/cmake/hesai_ros_driver__rosidl_typesupport_introspection_cppExport-release.cmake
-- Installing: /home/unitree/xt16_ws/install/hesai_ros_driver/share/hesai_ros_driver/cmake/hesai_ros_driver__rosidl_typesupport_cppExport.cmake
-- Installing: /home/unitree/xt16_ws/install/hesai_ros_driver/share/hesai_ros_driver/cmake/hesai_ros_driver__rosidl_typesupport_cppExport-release.cmake
