[1.844s] Invoking command in '/home/unitree/odom/build/go2_mapping': PYTHONPATH=/home/unitree/odom/build/go2_mapping/prefix_override:/home/unitree/odom/install/go2_mapping/lib/python3.8/site-packages:${PYTHONPATH} /usr/bin/python3 setup.py develop --editable --build-directory /home/unitree/odom/build/go2_mapping/build --no-deps install_data
[2.443s] running develop
[2.827s] running egg_info
[2.857s] writing go2_mapping.egg-info/PKG-INFO
[2.859s] writing dependency_links to go2_mapping.egg-info/dependency_links.txt
[2.859s] writing entry points to go2_mapping.egg-info/entry_points.txt
[2.860s] writing requirements to go2_mapping.egg-info/requires.txt
[2.860s] writing top-level names to go2_mapping.egg-info/top_level.txt
[2.988s] reading manifest file 'go2_mapping.egg-info/SOURCES.txt'
[2.990s] writing manifest file 'go2_mapping.egg-info/SOURCES.txt'
[3.085s] running build_ext
[3.086s] Creating /home/unitree/odom/install/go2_mapping/lib/python3.8/site-packages/go2-mapping.egg-link (link to .)
[3.088s] Installing goal_pose_relay script to /home/unitree/odom/install/go2_mapping/lib/go2_mapping
[3.089s] Installing odom_to_tf script to /home/unitree/odom/install/go2_mapping/lib/go2_mapping
[3.090s] Installing save_map.py script to /home/unitree/odom/install/go2_mapping/lib/go2_mapping
[3.091s] 
[3.091s] Installed /home/unitree/odom/build/go2_mapping
[3.091s] running install_data
[3.092s] copying resource/go2_mapping -> /home/unitree/odom/install/go2_mapping/share/ament_index/resource_index/packages
[3.092s] copying package.xml -> /home/unitree/odom/install/go2_mapping/share/go2_mapping
[3.094s] copying launch/go2_navigation.launch.py -> /home/unitree/odom/install/go2_mapping/share/go2_mapping/launch
[3.094s] copying launch/go2_mapping.launch.py -> /home/unitree/odom/install/go2_mapping/share/go2_mapping/launch
[3.095s] copying launch/go2_bridge.launch.py -> /home/unitree/odom/install/go2_mapping/share/go2_mapping/launch
[3.096s] copying launch/pointcloud_to_laserscan.launch.py -> /home/unitree/odom/install/go2_mapping/share/go2_mapping/launch
[3.096s] copying config/pointcloud_to_laserscan.yaml -> /home/unitree/odom/install/go2_mapping/share/go2_mapping/config
[3.097s] copying config/slam_params.yaml -> /home/unitree/odom/install/go2_mapping/share/go2_mapping/config
[3.098s] copying config/slam_params_go2.yaml -> /home/unitree/odom/install/go2_mapping/share/go2_mapping/config
[3.098s] /home/unitree/.local/lib/python3.8/site-packages/setuptools/_distutils/dist.py:261: UserWarning: Unknown distribution option: 'tests_require'
[3.099s]   warnings.warn(msg)
[3.099s] /home/unitree/.local/lib/python3.8/site-packages/setuptools/command/develop.py:41: EasyInstallDeprecationWarning: easy_install command is deprecated.
[3.099s] !!
[3.099s] 
[3.099s]         ********************************************************************************
[3.099s]         Please avoid running ``setup.py`` and ``easy_install``.
[3.099s]         Instead, use pypa/build, pypa/installer or other
[3.099s]         standards-based tools.
[3.099s] 
[3.100s]         See https://github.com/pypa/setuptools/issues/917 for details.
[3.100s]         ********************************************************************************
[3.100s] 
[3.100s] !!
[3.100s]   easy_install.initialize_options(self)
[3.100s] /home/unitree/.local/lib/python3.8/site-packages/setuptools/_distutils/cmd.py:66: SetuptoolsDeprecationWarning: setup.py install is deprecated.
[3.100s] !!
[3.100s] 
[3.100s]         ********************************************************************************
[3.100s]         Please avoid running ``setup.py`` directly.
[3.101s]         Instead, use pypa/build, pypa/installer or other
[3.101s]         standards-based tools.
[3.101s] 
[3.101s]         See https://blog.ganssle.io/articles/2021/10/setup-py-deprecated.html for details.
[3.101s]         ********************************************************************************
[3.101s] 
[3.101s] !!
[3.101s]   self.initialize_options()
[3.208s] Invoked command in '/home/unitree/odom/build/go2_mapping' returned '0': PYTHONPATH=/home/unitree/odom/build/go2_mapping/prefix_override:/home/unitree/odom/install/go2_mapping/lib/python3.8/site-packages:${PYTHONPATH} /usr/bin/python3 setup.py develop --editable --build-directory /home/unitree/odom/build/go2_mapping/build --no-deps install_data
