[1.692s] Invoking command in '/home/unitree/odom/src/go2_mapping': PYTHONPATH=/home/unitree/odom/build/go2_mapping/prefix_override:/home/unitree/odom/install/go2_mapping/lib/python3.8/site-packages:${PYTHONPATH} /usr/bin/python3 setup.py egg_info --egg-base ../../build/go2_mapping build --build-base /home/unitree/odom/build/go2_mapping/build install --record /home/unitree/odom/build/go2_mapping/install.log --single-version-externally-managed
[2.123s] running egg_info
[2.124s] writing ../../build/go2_mapping/go2_mapping.egg-info/PKG-INFO
[2.125s] writing dependency_links to ../../build/go2_mapping/go2_mapping.egg-info/dependency_links.txt
[2.125s] writing entry points to ../../build/go2_mapping/go2_mapping.egg-info/entry_points.txt
[2.126s] writing requirements to ../../build/go2_mapping/go2_mapping.egg-info/requires.txt
[2.126s] writing top-level names to ../../build/go2_mapping/go2_mapping.egg-info/top_level.txt
[2.192s] reading manifest file '../../build/go2_mapping/go2_mapping.egg-info/SOURCES.txt'
[2.194s] writing manifest file '../../build/go2_mapping/go2_mapping.egg-info/SOURCES.txt'
[2.194s] running build
[2.194s] running build_py
[2.195s] running build_scripts
[2.195s] copying and adjusting scripts/save_map.py -> /home/unitree/odom/build/go2_mapping/build/scripts-3.8
[2.195s] running install
[2.197s] running install_lib
[2.200s] running install_data
[2.201s] copying launch/go2_navigation.launch.py -> /home/unitree/odom/install/go2_mapping/share/go2_mapping/launch
[2.201s] copying launch/go2_bridge.launch.py -> /home/unitree/odom/install/go2_mapping/share/go2_mapping/launch
[2.202s] copying config/go2_nav2_params.yaml -> /home/unitree/odom/install/go2_mapping/share/go2_mapping/config
[2.202s] running install_egg_info
[2.206s] removing '/home/unitree/odom/install/go2_mapping/lib/python3.8/site-packages/go2_mapping-1.0.0-py3.8.egg-info' (and everything under it)
[2.207s] Copying ../../build/go2_mapping/go2_mapping.egg-info to /home/unitree/odom/install/go2_mapping/lib/python3.8/site-packages/go2_mapping-1.0.0-py3.8.egg-info
[2.209s] running install_scripts
[2.241s] copying /home/unitree/odom/build/go2_mapping/build/scripts-3.8/save_map.py -> /home/unitree/odom/install/go2_mapping/lib/go2_mapping
[2.242s] changing mode of /home/unitree/odom/install/go2_mapping/lib/go2_mapping/save_map.py to 775
[2.245s] Installing odom_to_tf script to /home/unitree/odom/install/go2_mapping/lib/go2_mapping
[2.246s] writing list of installed files to '/home/unitree/odom/build/go2_mapping/install.log'
[2.305s] Invoked command in '/home/unitree/odom/src/go2_mapping' returned '0': PYTHONPATH=/home/unitree/odom/build/go2_mapping/prefix_override:/home/unitree/odom/install/go2_mapping/lib/python3.8/site-packages:${PYTHONPATH} /usr/bin/python3 setup.py egg_info --egg-base ../../build/go2_mapping build --build-base /home/unitree/odom/build/go2_mapping/build install --record /home/unitree/odom/build/go2_mapping/install.log --single-version-externally-managed
