[2.085s] Invoking command in '/home/unitree/odom/build/go2_mapping': PYTHONPATH=/home/unitree/odom/build/go2_mapping/prefix_override:/home/unitree/odom/install/go2_mapping/lib/python3.8/site-packages:${PYTHONPATH} /usr/bin/python3 setup.py develop --uninstall --editable --build-directory /home/unitree/odom/build/go2_mapping/build
[2.571s] running develop
[2.858s] Removing /home/unitree/odom/install/go2_mapping/lib/python3.8/site-packages/go2-mapping.egg-link (link to .)
[2.858s] Note: you must uninstall or replace scripts manually!
[2.921s] Invoked command in '/home/unitree/odom/build/go2_mapping' returned '0': PYTHONPATH=/home/unitree/odom/build/go2_mapping/prefix_override:/home/unitree/odom/install/go2_mapping/lib/python3.8/site-packages:${PYTHONPATH} /usr/bin/python3 setup.py develop --uninstall --editable --build-directory /home/unitree/odom/build/go2_mapping/build
[2.928s] Invoking command in '/home/unitree/odom/src/go2_mapping': PYTHONPATH=/home/unitree/odom/build/go2_mapping/prefix_override:/home/unitree/odom/install/go2_mapping/lib/python3.8/site-packages:${PYTHONPATH} /usr/bin/python3 setup.py egg_info --egg-base ../../build/go2_mapping build --build-base /home/unitree/odom/build/go2_mapping/build install --record /home/unitree/odom/build/go2_mapping/install.log --single-version-externally-managed
[3.369s] running egg_info
[3.371s] writing ../../build/go2_mapping/go2_mapping.egg-info/PKG-INFO
[3.371s] writing dependency_links to ../../build/go2_mapping/go2_mapping.egg-info/dependency_links.txt
[3.371s] writing entry points to ../../build/go2_mapping/go2_mapping.egg-info/entry_points.txt
[3.372s] writing requirements to ../../build/go2_mapping/go2_mapping.egg-info/requires.txt
[3.373s] writing top-level names to ../../build/go2_mapping/go2_mapping.egg-info/top_level.txt
[3.436s] reading manifest file '../../build/go2_mapping/go2_mapping.egg-info/SOURCES.txt'
[3.437s] writing manifest file '../../build/go2_mapping/go2_mapping.egg-info/SOURCES.txt'
[3.438s] running build
[3.438s] running build_py
[3.438s] copying go2_mapping/goal_pose_relay.py -> /home/unitree/odom/build/go2_mapping/build/lib/go2_mapping
[3.439s] running build_scripts
[3.439s] running install
[3.440s] running install_lib
[3.442s] creating /home/unitree/odom/install/go2_mapping/lib/python3.8/site-packages/go2_mapping
[3.443s] copying /home/unitree/odom/build/go2_mapping/build/lib/go2_mapping/goal_pose_relay.py -> /home/unitree/odom/install/go2_mapping/lib/python3.8/site-packages/go2_mapping
[3.443s] copying /home/unitree/odom/build/go2_mapping/build/lib/go2_mapping/__init__.py -> /home/unitree/odom/install/go2_mapping/lib/python3.8/site-packages/go2_mapping
[3.444s] copying /home/unitree/odom/build/go2_mapping/build/lib/go2_mapping/odom_to_tf.py -> /home/unitree/odom/install/go2_mapping/lib/python3.8/site-packages/go2_mapping
[3.445s] byte-compiling /home/unitree/odom/install/go2_mapping/lib/python3.8/site-packages/go2_mapping/goal_pose_relay.py to goal_pose_relay.cpython-38.pyc
[3.447s] byte-compiling /home/unitree/odom/install/go2_mapping/lib/python3.8/site-packages/go2_mapping/__init__.py to __init__.cpython-38.pyc
[3.448s] byte-compiling /home/unitree/odom/install/go2_mapping/lib/python3.8/site-packages/go2_mapping/odom_to_tf.py to odom_to_tf.cpython-38.pyc
[3.449s] running install_data
[3.450s] copying launch/go2_navigation.launch.py -> /home/unitree/odom/install/go2_mapping/share/go2_mapping/launch
[3.451s] copying config/go2_nav2_params.yaml -> /home/unitree/odom/install/go2_mapping/share/go2_mapping/config
[3.452s] running install_egg_info
[3.455s] Copying ../../build/go2_mapping/go2_mapping.egg-info to /home/unitree/odom/install/go2_mapping/lib/python3.8/site-packages/go2_mapping-1.0.0-py3.8.egg-info
[3.458s] running install_scripts
[3.490s] changing mode of /home/unitree/odom/install/go2_mapping/lib/go2_mapping/save_map.py to 775
[3.493s] Installing goal_pose_relay script to /home/unitree/odom/install/go2_mapping/lib/go2_mapping
[3.494s] Installing odom_to_tf script to /home/unitree/odom/install/go2_mapping/lib/go2_mapping
[3.494s] writing list of installed files to '/home/unitree/odom/build/go2_mapping/install.log'
[3.558s] Invoked command in '/home/unitree/odom/src/go2_mapping' returned '0': PYTHONPATH=/home/unitree/odom/build/go2_mapping/prefix_override:/home/unitree/odom/install/go2_mapping/lib/python3.8/site-packages:${PYTHONPATH} /usr/bin/python3 setup.py egg_info --egg-base ../../build/go2_mapping build --build-base /home/unitree/odom/build/go2_mapping/build install --record /home/unitree/odom/build/go2_mapping/install.log --single-version-externally-managed
