[2.538s] Invoking command in '/home/unitree/odom/build/go2_mapping': PYTHONPATH=/home/unitree/odom/build/go2_mapping/prefix_override:/home/unitree/odom/install/go2_mapping/lib/python3.8/site-packages:${PYTHONPATH} /usr/bin/python3 setup.py develop --editable --build-directory /home/unitree/odom/build/go2_mapping/build --no-deps install_data
[3.017s] running develop
[3.298s] running egg_info
[3.298s] writing go2_mapping.egg-info/PKG-INFO
[3.299s] writing dependency_links to go2_mapping.egg-info/dependency_links.txt
[3.299s] writing entry points to go2_mapping.egg-info/entry_points.txt
[3.299s] writing requirements to go2_mapping.egg-info/requires.txt
[3.300s] writing top-level names to go2_mapping.egg-info/top_level.txt
[3.357s] reading manifest file 'go2_mapping.egg-info/SOURCES.txt'
[3.359s] writing manifest file 'go2_mapping.egg-info/SOURCES.txt'
[3.426s] running build_ext
[3.427s] Creating /home/unitree/odom/install/go2_mapping/lib/python3.8/site-packages/go2-mapping.egg-link (link to .)
[3.429s] Installing odom_to_tf script to /home/unitree/odom/install/go2_mapping/lib/go2_mapping
[3.432s] Installing save_map.py script to /home/unitree/odom/install/go2_mapping/lib/go2_mapping
[3.433s] 
[3.433s] Installed /home/unitree/odom/build/go2_mapping
[3.433s] running install_data
[3.433s] copying launch/go2_mapping.launch.py -> /home/unitree/odom/install/go2_mapping/share/go2_mapping/launch
[3.433s] copying launch/go2_navigation.launch.py -> /home/unitree/odom/install/go2_mapping/share/go2_mapping/launch
[3.434s] error: can't copy 'launch/go2_slam_full.launch.py': doesn't exist or not a regular file
[3.512s] Invoked command in '/home/unitree/odom/build/go2_mapping' returned '1': PYTHONPATH=/home/unitree/odom/build/go2_mapping/prefix_override:/home/unitree/odom/install/go2_mapping/lib/python3.8/site-packages:${PYTHONPATH} /usr/bin/python3 setup.py develop --editable --build-directory /home/unitree/odom/build/go2_mapping/build --no-deps install_data
