[3.890s] DEBUG:colcon:Command line arguments: ['/usr/bin/colcon', 'build', '--packages-select', 'go2_mapping', '--symlink-install']
[3.890s] DEBUG:colcon:Parsed command line arguments: Namespace(allow_overriding=[], ament_cmake_args=None, base_paths=['.'], build_base='build', catkin_cmake_args=None, catkin_skip_building_tests=False, cmake_args=None, cmake_clean_cache=False, cmake_clean_first=False, cmake_force_configure=False, cmake_target=None, cmake_target_skip_unavailable=False, continue_on_error=False, event_handlers=None, executor='parallel', ignore_user_meta=False, install_base='install', log_base=None, log_level=None, main=<bound method BuildVerb.main of <colcon_core.verb.build.BuildVerb object at 0xffffb7ca0fa0>>, merge_install=False, metas=['./colcon.meta'], packages_above=None, packages_above_and_dependencies=None, packages_above_depth=None, packages_end=None, packages_ignore=None, packages_ignore_regex=None, packages_select=['go2_mapping'], packages_select_build_failed=False, packages_select_by_dep=None, packages_select_regex=None, packages_select_test_failures=False, packages_skip=None, packages_skip_build_finished=False, packages_skip_by_dep=None, packages_skip_regex=None, packages_skip_test_passed=False, packages_skip_up_to=None, packages_start=None, packages_up_to=None, packages_up_to_regex=None, parallel_workers=4, paths=None, symlink_install=True, test_result_base=None, verb_extension=<colcon_core.verb.build.BuildVerb object at 0xffffb7ca0fa0>, verb_name='build', verb_parser=<colcon_defaults.argument_parser.defaults.DefaultArgumentsDecorator object at 0xffffb78358b0>)
[4.059s] Level 1:colcon.colcon_core.package_discovery:discover_packages(colcon_meta) check parameters
[4.060s] Level 1:colcon.colcon_core.package_discovery:discover_packages(recursive) check parameters
[4.060s] Level 1:colcon.colcon_core.package_discovery:discover_packages(ignore) check parameters
[4.060s] Level 1:colcon.colcon_core.package_discovery:discover_packages(path) check parameters
[4.060s] Level 1:colcon.colcon_core.package_discovery:discover_packages(colcon_meta) discover
[4.060s] Level 1:colcon.colcon_core.package_discovery:discover_packages(recursive) discover
[4.060s] INFO:colcon.colcon_core.package_discovery:Crawling recursively for packages in '/home/unitree/odom'
[4.060s] Level 1:colcon.colcon_core.package_identification:_identify(.) by extensions ['ignore', 'ignore_ament_install']
[4.061s] Level 1:colcon.colcon_core.package_identification:_identify(.) by extension 'ignore'
[4.061s] Level 1:colcon.colcon_core.package_identification:_identify(.) by extension 'ignore_ament_install'
[4.061s] Level 1:colcon.colcon_core.package_identification:_identify(.) by extensions ['colcon_pkg']
[4.061s] Level 1:colcon.colcon_core.package_identification:_identify(.) by extension 'colcon_pkg'
[4.061s] Level 1:colcon.colcon_core.package_identification:_identify(.) by extensions ['colcon_meta']
[4.061s] Level 1:colcon.colcon_core.package_identification:_identify(.) by extension 'colcon_meta'
[4.061s] Level 1:colcon.colcon_core.package_identification:_identify(.) by extensions ['ros']
[4.061s] Level 1:colcon.colcon_core.package_identification:_identify(.) by extension 'ros'
[4.084s] Level 1:colcon.colcon_core.package_identification:_identify(.) by extensions ['cmake', 'python']
[4.084s] Level 1:colcon.colcon_core.package_identification:_identify(.) by extension 'cmake'
[4.084s] Level 1:colcon.colcon_core.package_identification:_identify(.) by extension 'python'
[4.084s] Level 1:colcon.colcon_core.package_identification:_identify(.) by extensions ['python_setup_py']
[4.084s] Level 1:colcon.colcon_core.package_identification:_identify(.) by extension 'python_setup_py'
[4.085s] Level 1:colcon.colcon_core.package_identification:_identify(GO2_URDF) by extensions ['ignore', 'ignore_ament_install']
[4.085s] Level 1:colcon.colcon_core.package_identification:_identify(GO2_URDF) by extension 'ignore'
[4.085s] Level 1:colcon.colcon_core.package_identification:_identify(GO2_URDF) by extension 'ignore_ament_install'
[4.085s] Level 1:colcon.colcon_core.package_identification:_identify(GO2_URDF) by extensions ['colcon_pkg']
[4.085s] Level 1:colcon.colcon_core.package_identification:_identify(GO2_URDF) by extension 'colcon_pkg'
[4.086s] Level 1:colcon.colcon_core.package_identification:_identify(GO2_URDF) by extensions ['colcon_meta']
[4.086s] Level 1:colcon.colcon_core.package_identification:_identify(GO2_URDF) by extension 'colcon_meta'
[4.086s] Level 1:colcon.colcon_core.package_identification:_identify(GO2_URDF) by extensions ['ros']
[4.086s] Level 1:colcon.colcon_core.package_identification:_identify(GO2_URDF) by extension 'ros'
[4.093s] DEBUG:colcon.colcon_core.package_identification:Package 'GO2_URDF' with type 'ros.catkin' and name 'go2_description'
[4.094s] Level 1:colcon.colcon_core.package_identification:_identify(build) by extensions ['ignore', 'ignore_ament_install']
[4.094s] Level 1:colcon.colcon_core.package_identification:_identify(build) by extension 'ignore'
[4.094s] Level 1:colcon.colcon_core.package_identification:_identify(build) ignored
[4.094s] Level 1:colcon.colcon_core.package_identification:_identify(install) by extensions ['ignore', 'ignore_ament_install']
[4.094s] Level 1:colcon.colcon_core.package_identification:_identify(install) by extension 'ignore'
[4.095s] Level 1:colcon.colcon_core.package_identification:_identify(install) ignored
[4.095s] Level 1:colcon.colcon_core.package_identification:_identify(log) by extensions ['ignore', 'ignore_ament_install']
[4.095s] Level 1:colcon.colcon_core.package_identification:_identify(log) by extension 'ignore'
[4.095s] Level 1:colcon.colcon_core.package_identification:_identify(log) ignored
[4.095s] Level 1:colcon.colcon_core.package_identification:_identify(maps) by extensions ['ignore', 'ignore_ament_install']
[4.096s] Level 1:colcon.colcon_core.package_identification:_identify(maps) by extension 'ignore'
[4.096s] Level 1:colcon.colcon_core.package_identification:_identify(maps) by extension 'ignore_ament_install'
[4.096s] Level 1:colcon.colcon_core.package_identification:_identify(maps) by extensions ['colcon_pkg']
[4.096s] Level 1:colcon.colcon_core.package_identification:_identify(maps) by extension 'colcon_pkg'
[4.096s] Level 1:colcon.colcon_core.package_identification:_identify(maps) by extensions ['colcon_meta']
[4.096s] Level 1:colcon.colcon_core.package_identification:_identify(maps) by extension 'colcon_meta'
[4.096s] Level 1:colcon.colcon_core.package_identification:_identify(maps) by extensions ['ros']
[4.096s] Level 1:colcon.colcon_core.package_identification:_identify(maps) by extension 'ros'
[4.096s] Level 1:colcon.colcon_core.package_identification:_identify(maps) by extensions ['cmake', 'python']
[4.097s] Level 1:colcon.colcon_core.package_identification:_identify(maps) by extension 'cmake'
[4.097s] Level 1:colcon.colcon_core.package_identification:_identify(maps) by extension 'python'
[4.097s] Level 1:colcon.colcon_core.package_identification:_identify(maps) by extensions ['python_setup_py']
[4.097s] Level 1:colcon.colcon_core.package_identification:_identify(maps) by extension 'python_setup_py'
[4.097s] Level 1:colcon.colcon_core.package_identification:_identify(rviz) by extensions ['ignore', 'ignore_ament_install']
[4.097s] Level 1:colcon.colcon_core.package_identification:_identify(rviz) by extension 'ignore'
[4.097s] Level 1:colcon.colcon_core.package_identification:_identify(rviz) by extension 'ignore_ament_install'
[4.097s] Level 1:colcon.colcon_core.package_identification:_identify(rviz) by extensions ['colcon_pkg']
[4.098s] Level 1:colcon.colcon_core.package_identification:_identify(rviz) by extension 'colcon_pkg'
[4.098s] Level 1:colcon.colcon_core.package_identification:_identify(rviz) by extensions ['colcon_meta']
[4.098s] Level 1:colcon.colcon_core.package_identification:_identify(rviz) by extension 'colcon_meta'
[4.098s] Level 1:colcon.colcon_core.package_identification:_identify(rviz) by extensions ['ros']
[4.098s] Level 1:colcon.colcon_core.package_identification:_identify(rviz) by extension 'ros'
[4.098s] Level 1:colcon.colcon_core.package_identification:_identify(rviz) by extensions ['cmake', 'python']
[4.098s] Level 1:colcon.colcon_core.package_identification:_identify(rviz) by extension 'cmake'
[4.098s] Level 1:colcon.colcon_core.package_identification:_identify(rviz) by extension 'python'
[4.098s] Level 1:colcon.colcon_core.package_identification:_identify(rviz) by extensions ['python_setup_py']
[4.098s] Level 1:colcon.colcon_core.package_identification:_identify(rviz) by extension 'python_setup_py'
[4.099s] Level 1:colcon.colcon_core.package_identification:_identify(rviz/__pycache__) by extensions ['ignore', 'ignore_ament_install']
[4.099s] Level 1:colcon.colcon_core.package_identification:_identify(rviz/__pycache__) by extension 'ignore'
[4.099s] Level 1:colcon.colcon_core.package_identification:_identify(rviz/__pycache__) by extension 'ignore_ament_install'
[4.099s] Level 1:colcon.colcon_core.package_identification:_identify(rviz/__pycache__) by extensions ['colcon_pkg']
[4.099s] Level 1:colcon.colcon_core.package_identification:_identify(rviz/__pycache__) by extension 'colcon_pkg'
[4.099s] Level 1:colcon.colcon_core.package_identification:_identify(rviz/__pycache__) by extensions ['colcon_meta']
[4.099s] Level 1:colcon.colcon_core.package_identification:_identify(rviz/__pycache__) by extension 'colcon_meta'
[4.099s] Level 1:colcon.colcon_core.package_identification:_identify(rviz/__pycache__) by extensions ['ros']
[4.099s] Level 1:colcon.colcon_core.package_identification:_identify(rviz/__pycache__) by extension 'ros'
[4.100s] Level 1:colcon.colcon_core.package_identification:_identify(rviz/__pycache__) by extensions ['cmake', 'python']
[4.100s] Level 1:colcon.colcon_core.package_identification:_identify(rviz/__pycache__) by extension 'cmake'
[4.100s] Level 1:colcon.colcon_core.package_identification:_identify(rviz/__pycache__) by extension 'python'
[4.100s] Level 1:colcon.colcon_core.package_identification:_identify(rviz/__pycache__) by extensions ['python_setup_py']
[4.100s] Level 1:colcon.colcon_core.package_identification:_identify(rviz/__pycache__) by extension 'python_setup_py'
[4.100s] Level 1:colcon.colcon_core.package_identification:_identify(src) by extensions ['ignore', 'ignore_ament_install']
[4.100s] Level 1:colcon.colcon_core.package_identification:_identify(src) by extension 'ignore'
[4.100s] Level 1:colcon.colcon_core.package_identification:_identify(src) by extension 'ignore_ament_install'
[4.101s] Level 1:colcon.colcon_core.package_identification:_identify(src) by extensions ['colcon_pkg']
[4.101s] Level 1:colcon.colcon_core.package_identification:_identify(src) by extension 'colcon_pkg'
[4.101s] Level 1:colcon.colcon_core.package_identification:_identify(src) by extensions ['colcon_meta']
[4.101s] Level 1:colcon.colcon_core.package_identification:_identify(src) by extension 'colcon_meta'
[4.101s] Level 1:colcon.colcon_core.package_identification:_identify(src) by extensions ['ros']
[4.101s] Level 1:colcon.colcon_core.package_identification:_identify(src) by extension 'ros'
[4.101s] Level 1:colcon.colcon_core.package_identification:_identify(src) by extensions ['cmake', 'python']
[4.101s] Level 1:colcon.colcon_core.package_identification:_identify(src) by extension 'cmake'
[4.101s] Level 1:colcon.colcon_core.package_identification:_identify(src) by extension 'python'
[4.101s] Level 1:colcon.colcon_core.package_identification:_identify(src) by extensions ['python_setup_py']
[4.102s] Level 1:colcon.colcon_core.package_identification:_identify(src) by extension 'python_setup_py'
[4.102s] Level 1:colcon.colcon_core.package_identification:_identify(src/go2_mapping) by extensions ['ignore', 'ignore_ament_install']
[4.102s] Level 1:colcon.colcon_core.package_identification:_identify(src/go2_mapping) by extension 'ignore'
[4.102s] Level 1:colcon.colcon_core.package_identification:_identify(src/go2_mapping) by extension 'ignore_ament_install'
[4.102s] Level 1:colcon.colcon_core.package_identification:_identify(src/go2_mapping) by extensions ['colcon_pkg']
[4.102s] Level 1:colcon.colcon_core.package_identification:_identify(src/go2_mapping) by extension 'colcon_pkg'
[4.102s] Level 1:colcon.colcon_core.package_identification:_identify(src/go2_mapping) by extensions ['colcon_meta']
[4.102s] Level 1:colcon.colcon_core.package_identification:_identify(src/go2_mapping) by extension 'colcon_meta'
[4.102s] Level 1:colcon.colcon_core.package_identification:_identify(src/go2_mapping) by extensions ['ros']
[4.103s] Level 1:colcon.colcon_core.package_identification:_identify(src/go2_mapping) by extension 'ros'
[4.104s] DEBUG:colcon.colcon_core.package_identification:Package 'src/go2_mapping' with type 'ros.ament_python' and name 'go2_mapping'
[4.105s] Level 1:colcon.colcon_core.package_identification:_identify(xt16_ws) by extensions ['ignore', 'ignore_ament_install']
[4.105s] Level 1:colcon.colcon_core.package_identification:_identify(xt16_ws) by extension 'ignore'
[4.105s] Level 1:colcon.colcon_core.package_identification:_identify(xt16_ws) by extension 'ignore_ament_install'
[4.105s] Level 1:colcon.colcon_core.package_identification:_identify(xt16_ws) by extensions ['colcon_pkg']
[4.105s] Level 1:colcon.colcon_core.package_identification:_identify(xt16_ws) by extension 'colcon_pkg'
[4.106s] Level 1:colcon.colcon_core.package_identification:_identify(xt16_ws) by extensions ['colcon_meta']
[4.106s] Level 1:colcon.colcon_core.package_identification:_identify(xt16_ws) by extension 'colcon_meta'
[4.106s] Level 1:colcon.colcon_core.package_identification:_identify(xt16_ws) by extensions ['ros']
[4.106s] Level 1:colcon.colcon_core.package_identification:_identify(xt16_ws) by extension 'ros'
[4.106s] Level 1:colcon.colcon_core.package_identification:_identify(xt16_ws) by extensions ['cmake', 'python']
[4.106s] Level 1:colcon.colcon_core.package_identification:_identify(xt16_ws) by extension 'cmake'
[4.106s] Level 1:colcon.colcon_core.package_identification:_identify(xt16_ws) by extension 'python'
[4.106s] Level 1:colcon.colcon_core.package_identification:_identify(xt16_ws) by extensions ['python_setup_py']
[4.106s] Level 1:colcon.colcon_core.package_identification:_identify(xt16_ws) by extension 'python_setup_py'
[4.107s] Level 1:colcon.colcon_core.package_identification:_identify(xt16_ws/build) by extensions ['ignore', 'ignore_ament_install']
[4.107s] Level 1:colcon.colcon_core.package_identification:_identify(xt16_ws/build) by extension 'ignore'
[4.107s] Level 1:colcon.colcon_core.package_identification:_identify(xt16_ws/build) ignored
[4.107s] Level 1:colcon.colcon_core.package_identification:_identify(xt16_ws/install) by extensions ['ignore', 'ignore_ament_install']
[4.107s] Level 1:colcon.colcon_core.package_identification:_identify(xt16_ws/install) by extension 'ignore'
[4.107s] Level 1:colcon.colcon_core.package_identification:_identify(xt16_ws/install) ignored
[4.107s] Level 1:colcon.colcon_core.package_identification:_identify(xt16_ws/log) by extensions ['ignore', 'ignore_ament_install']
[4.108s] Level 1:colcon.colcon_core.package_identification:_identify(xt16_ws/log) by extension 'ignore'
[4.108s] Level 1:colcon.colcon_core.package_identification:_identify(xt16_ws/log) ignored
[4.108s] Level 1:colcon.colcon_core.package_identification:_identify(xt16_ws/src) by extensions ['ignore', 'ignore_ament_install']
[4.108s] Level 1:colcon.colcon_core.package_identification:_identify(xt16_ws/src) by extension 'ignore'
[4.108s] Level 1:colcon.colcon_core.package_identification:_identify(xt16_ws/src) by extension 'ignore_ament_install'
[4.108s] Level 1:colcon.colcon_core.package_identification:_identify(xt16_ws/src) by extensions ['colcon_pkg']
[4.108s] Level 1:colcon.colcon_core.package_identification:_identify(xt16_ws/src) by extension 'colcon_pkg'
[4.108s] Level 1:colcon.colcon_core.package_identification:_identify(xt16_ws/src) by extensions ['colcon_meta']
[4.109s] Level 1:colcon.colcon_core.package_identification:_identify(xt16_ws/src) by extension 'colcon_meta'
[4.109s] Level 1:colcon.colcon_core.package_identification:_identify(xt16_ws/src) by extensions ['ros']
[4.109s] Level 1:colcon.colcon_core.package_identification:_identify(xt16_ws/src) by extension 'ros'
[4.109s] Level 1:colcon.colcon_core.package_identification:_identify(xt16_ws/src) by extensions ['cmake', 'python']
[4.109s] Level 1:colcon.colcon_core.package_identification:_identify(xt16_ws/src) by extension 'cmake'
[4.109s] Level 1:colcon.colcon_core.package_identification:_identify(xt16_ws/src) by extension 'python'
[4.109s] Level 1:colcon.colcon_core.package_identification:_identify(xt16_ws/src) by extensions ['python_setup_py']
[4.109s] Level 1:colcon.colcon_core.package_identification:_identify(xt16_ws/src) by extension 'python_setup_py'
[4.110s] Level 1:colcon.colcon_core.package_identification:_identify(xt16_ws/src/HesaiLidar_ROS_2.0) by extensions ['ignore', 'ignore_ament_install']
[4.110s] Level 1:colcon.colcon_core.package_identification:_identify(xt16_ws/src/HesaiLidar_ROS_2.0) by extension 'ignore'
[4.110s] Level 1:colcon.colcon_core.package_identification:_identify(xt16_ws/src/HesaiLidar_ROS_2.0) by extension 'ignore_ament_install'
[4.110s] Level 1:colcon.colcon_core.package_identification:_identify(xt16_ws/src/HesaiLidar_ROS_2.0) by extensions ['colcon_pkg']
[4.110s] Level 1:colcon.colcon_core.package_identification:_identify(xt16_ws/src/HesaiLidar_ROS_2.0) by extension 'colcon_pkg'
[4.110s] Level 1:colcon.colcon_core.package_identification:_identify(xt16_ws/src/HesaiLidar_ROS_2.0) by extensions ['colcon_meta']
[4.110s] Level 1:colcon.colcon_core.package_identification:_identify(xt16_ws/src/HesaiLidar_ROS_2.0) by extension 'colcon_meta'
[4.110s] Level 1:colcon.colcon_core.package_identification:_identify(xt16_ws/src/HesaiLidar_ROS_2.0) by extensions ['ros']
[4.110s] Level 1:colcon.colcon_core.package_identification:_identify(xt16_ws/src/HesaiLidar_ROS_2.0) by extension 'ros'
[4.155s] DEBUG:colcon.colcon_core.package_identification:Package 'xt16_ws/src/HesaiLidar_ROS_2.0' with type 'ros.catkin' and name 'hesai_ros_driver'
[4.155s] Level 1:colcon.colcon_core.package_discovery:discover_packages(recursive) using defaults
[4.155s] Level 1:colcon.colcon_core.package_discovery:discover_packages(ignore) discover
[4.155s] Level 1:colcon.colcon_core.package_discovery:discover_packages(ignore) using defaults
[4.156s] Level 1:colcon.colcon_core.package_discovery:discover_packages(path) discover
[4.156s] Level 1:colcon.colcon_core.package_discovery:discover_packages(path) using defaults
[4.375s] INFO:colcon.colcon_core.package_selection:Skipping not selected package 'go2_description' in 'GO2_URDF'
[4.375s] INFO:colcon.colcon_core.package_selection:Skipping not selected package 'hesai_ros_driver' in 'xt16_ws/src/HesaiLidar_ROS_2.0'
[4.495s] Level 1:colcon.colcon_core.package_discovery:discover_packages(prefix_path) check parameters
[4.495s] Level 1:colcon.colcon_core.package_discovery:discover_packages(prefix_path) discover
[4.558s] Level 1:colcon.colcon_core.package_discovery:discover_packages(prefix_path) using defaults
[4.681s] Level 5:colcon.colcon_core.verb:set package 'go2_mapping' build argument 'cmake_args' from command line to 'None'
[4.681s] Level 5:colcon.colcon_core.verb:set package 'go2_mapping' build argument 'cmake_target' from command line to 'None'
[4.681s] Level 5:colcon.colcon_core.verb:set package 'go2_mapping' build argument 'cmake_target_skip_unavailable' from command line to 'False'
[4.681s] Level 5:colcon.colcon_core.verb:set package 'go2_mapping' build argument 'cmake_clean_cache' from command line to 'False'
[4.681s] Level 5:colcon.colcon_core.verb:set package 'go2_mapping' build argument 'cmake_clean_first' from command line to 'False'
[4.681s] Level 5:colcon.colcon_core.verb:set package 'go2_mapping' build argument 'cmake_force_configure' from command line to 'False'
[4.682s] Level 5:colcon.colcon_core.verb:set package 'go2_mapping' build argument 'ament_cmake_args' from command line to 'None'
[4.682s] Level 5:colcon.colcon_core.verb:set package 'go2_mapping' build argument 'catkin_cmake_args' from command line to 'None'
[4.682s] Level 5:colcon.colcon_core.verb:set package 'go2_mapping' build argument 'catkin_skip_building_tests' from command line to 'False'
[4.682s] DEBUG:colcon.colcon_core.verb:Building package 'go2_mapping' with the following arguments: {'ament_cmake_args': None, 'build_base': '/home/unitree/odom/build/go2_mapping', 'catkin_cmake_args': None, 'catkin_skip_building_tests': False, 'cmake_args': None, 'cmake_clean_cache': False, 'cmake_clean_first': False, 'cmake_force_configure': False, 'cmake_target': None, 'cmake_target_skip_unavailable': False, 'install_base': '/home/unitree/odom/install/go2_mapping', 'merge_install': False, 'path': '/home/unitree/odom/src/go2_mapping', 'symlink_install': True, 'test_result_base': None}
[4.743s] INFO:colcon.colcon_core.executor:Executing jobs using 'parallel' executor
[4.809s] DEBUG:colcon.colcon_parallel_executor.executor.parallel:run_until_complete
[4.809s] INFO:colcon.colcon_ros.task.ament_python.build:Building ROS package in '/home/unitree/odom/src/go2_mapping' with build type 'ament_python'
[4.810s] Level 1:colcon.colcon_core.shell:create_environment_hook('go2_mapping', 'ament_prefix_path')
[4.878s] INFO:colcon.colcon_core.plugin_system:Skipping extension 'colcon_core.shell.bat': Not used on non-Windows systems
[4.878s] INFO:colcon.colcon_core.shell:Creating environment hook '/home/unitree/odom/install/go2_mapping/share/go2_mapping/hook/ament_prefix_path.ps1'
[4.881s] INFO:colcon.colcon_core.shell:Creating environment descriptor '/home/unitree/odom/install/go2_mapping/share/go2_mapping/hook/ament_prefix_path.dsv'
[4.883s] INFO:colcon.colcon_core.shell:Creating environment hook '/home/unitree/odom/install/go2_mapping/share/go2_mapping/hook/ament_prefix_path.sh'
[4.949s] INFO:colcon.colcon_core.shell:Skip shell extension 'powershell' for command environment: Not usable outside of PowerShell
[4.949s] DEBUG:colcon.colcon_core.shell:Skip shell extension 'dsv' for command environment
[5.520s] INFO:colcon.colcon_core.task.python.build:Building Python package in '/home/unitree/odom/src/go2_mapping'
[5.584s] INFO:colcon.colcon_core.shell:Skip shell extension 'powershell' for command environment: Not usable outside of PowerShell
[5.585s] DEBUG:colcon.colcon_core.shell:Skip shell extension 'dsv' for command environment
[6.506s] DEBUG:colcon.colcon_core.task.python.build:While undoing a previous installation files outside the Python library path are being ignored: /home/unitree/odom/install/go2_mapping/share/ament_index/resource_index/packages/go2_mapping
[6.507s] DEBUG:colcon.colcon_core.task.python.build:While undoing a previous installation files outside the Python library path are being ignored: /home/unitree/odom/install/go2_mapping/share/go2_mapping/package.xml
[6.507s] DEBUG:colcon.colcon_core.task.python.build:While undoing a previous installation files outside the Python library path are being ignored: /home/unitree/odom/install/go2_mapping/share/go2_mapping/launch/go2_navigation.launch.py
[6.507s] DEBUG:colcon.colcon_core.task.python.build:While undoing a previous installation files outside the Python library path are being ignored: /home/unitree/odom/install/go2_mapping/share/go2_mapping/launch/go2_mapping.launch.py
[6.507s] DEBUG:colcon.colcon_core.task.python.build:While undoing a previous installation files outside the Python library path are being ignored: /home/unitree/odom/install/go2_mapping/share/go2_mapping/launch/go2_bridge.launch.py
[6.507s] DEBUG:colcon.colcon_core.task.python.build:While undoing a previous installation files outside the Python library path are being ignored: /home/unitree/odom/install/go2_mapping/share/go2_mapping/launch/pointcloud_to_laserscan.launch.py
[6.507s] DEBUG:colcon.colcon_core.task.python.build:While undoing a previous installation files outside the Python library path are being ignored: /home/unitree/odom/install/go2_mapping/share/go2_mapping/config/go2_nav2_params.yaml
[6.507s] DEBUG:colcon.colcon_core.task.python.build:While undoing a previous installation files outside the Python library path are being ignored: /home/unitree/odom/install/go2_mapping/share/go2_mapping/config/pointcloud_to_laserscan.yaml
[6.507s] DEBUG:colcon.colcon_core.task.python.build:While undoing a previous installation files outside the Python library path are being ignored: /home/unitree/odom/install/go2_mapping/share/go2_mapping/config/slam_params.yaml
[6.507s] DEBUG:colcon.colcon_core.task.python.build:While undoing a previous installation files outside the Python library path are being ignored: /home/unitree/odom/install/go2_mapping/share/go2_mapping/config/slam_params_go2.yaml
[6.508s] DEBUG:colcon.colcon_core.task.python.build:While undoing a previous installation files outside the Python library path are being ignored: /home/unitree/odom/install/go2_mapping/lib/go2_mapping/save_map.py
[6.508s] DEBUG:colcon.colcon_core.task.python.build:While undoing a previous installation files outside the Python library path are being ignored: /home/unitree/odom/install/go2_mapping/lib/go2_mapping/odom_to_tf
[6.511s] DEBUG:colcon.colcon_core.event_handler.log_command:Invoking command in '/home/unitree/odom/build/go2_mapping': PYTHONPATH=/home/unitree/odom/build/go2_mapping/prefix_override:/home/unitree/odom/install/go2_mapping/lib/python3.8/site-packages:${PYTHONPATH} /usr/bin/python3 setup.py develop --editable --build-directory /home/unitree/odom/build/go2_mapping/build --no-deps install_data
[7.407s] Level 1:colcon.colcon_core.shell:create_environment_hook('go2_mapping', 'pythonpath_develop')
[7.408s] DEBUG:colcon.colcon_core.event_handler.log_command:Invoked command in '/home/unitree/odom/build/go2_mapping' returned '0': PYTHONPATH=/home/unitree/odom/build/go2_mapping/prefix_override:/home/unitree/odom/install/go2_mapping/lib/python3.8/site-packages:${PYTHONPATH} /usr/bin/python3 setup.py develop --editable --build-directory /home/unitree/odom/build/go2_mapping/build --no-deps install_data
[7.494s] INFO:colcon.colcon_core.shell:Creating environment hook '/home/unitree/odom/build/go2_mapping/share/go2_mapping/hook/pythonpath_develop.ps1'
[7.495s] INFO:colcon.colcon_core.shell:Creating environment descriptor '/home/unitree/odom/build/go2_mapping/share/go2_mapping/hook/pythonpath_develop.dsv'
[7.496s] INFO:colcon.colcon_core.shell:Creating environment hook '/home/unitree/odom/build/go2_mapping/share/go2_mapping/hook/pythonpath_develop.sh'
[7.572s] Level 1:colcon.colcon_core.environment:checking '/home/unitree/odom/install/go2_mapping' for CMake module files
[7.574s] Level 1:colcon.colcon_core.environment:checking '/home/unitree/odom/install/go2_mapping' for CMake config files
[7.575s] Level 1:colcon.colcon_core.environment:checking '/home/unitree/odom/install/go2_mapping/lib'
[7.576s] Level 1:colcon.colcon_core.environment:checking '/home/unitree/odom/install/go2_mapping/bin'
[7.576s] Level 1:colcon.colcon_core.environment:checking '/home/unitree/odom/install/go2_mapping/lib/pkgconfig/go2_mapping.pc'
[7.577s] Level 1:colcon.colcon_core.environment:checking '/home/unitree/odom/install/go2_mapping/lib/python3.8/site-packages'
[7.577s] Level 1:colcon.colcon_core.shell:create_environment_hook('go2_mapping', 'pythonpath')
[7.640s] INFO:colcon.colcon_core.shell:Creating environment hook '/home/unitree/odom/install/go2_mapping/share/go2_mapping/hook/pythonpath.ps1'
[7.642s] INFO:colcon.colcon_core.shell:Creating environment descriptor '/home/unitree/odom/install/go2_mapping/share/go2_mapping/hook/pythonpath.dsv'
[7.642s] INFO:colcon.colcon_core.shell:Creating environment hook '/home/unitree/odom/install/go2_mapping/share/go2_mapping/hook/pythonpath.sh'
[7.643s] Level 1:colcon.colcon_core.environment:checking '/home/unitree/odom/install/go2_mapping/bin'
[7.644s] Level 1:colcon.colcon_core.environment:create_environment_scripts_only(go2_mapping)
[7.706s] INFO:colcon.colcon_core.shell:Creating package script '/home/unitree/odom/install/go2_mapping/share/go2_mapping/package.ps1'
[7.708s] INFO:colcon.colcon_core.shell:Creating package descriptor '/home/unitree/odom/install/go2_mapping/share/go2_mapping/package.dsv'
[7.710s] INFO:colcon.colcon_core.shell:Creating package script '/home/unitree/odom/install/go2_mapping/share/go2_mapping/package.sh'
[7.712s] INFO:colcon.colcon_core.shell:Creating package script '/home/unitree/odom/install/go2_mapping/share/go2_mapping/package.bash'
[7.713s] INFO:colcon.colcon_core.shell:Creating package script '/home/unitree/odom/install/go2_mapping/share/go2_mapping/package.zsh'
[7.714s] Level 1:colcon.colcon_core.environment:create_file_with_runtime_dependencies(/home/unitree/odom/install/go2_mapping/share/colcon-core/packages/go2_mapping)
[7.716s] DEBUG:colcon.colcon_parallel_executor.executor.parallel:closing loop
[7.716s] DEBUG:colcon.colcon_parallel_executor.executor.parallel:loop closed
[7.716s] DEBUG:colcon.colcon_parallel_executor.executor.parallel:run_until_complete finished with '0'
[7.717s] DEBUG:colcon.colcon_core.event_reactor:joining thread
[7.795s] INFO:colcon.colcon_core.plugin_system:Skipping extension 'colcon_notification.desktop_notification.terminal_notifier': Not used on non-Darwin systems
[7.795s] INFO:colcon.colcon_core.plugin_system:Skipping extension 'colcon_notification.desktop_notification.win32': Not used on non-Windows systems
[7.795s] INFO:colcon.colcon_notification.desktop_notification:Sending desktop notification using 'notify2'
[7.822s] DEBUG:colcon.colcon_notification.desktop_notification.notify2:Failed to initialize notify2: org.freedesktop.DBus.Error.Spawn.ChildExited: Process org.freedesktop.Notifications exited with status 1
[7.822s] DEBUG:colcon.colcon_core.event_reactor:joined thread
[7.888s] INFO:colcon.colcon_core.shell:Creating prefix script '/home/unitree/odom/install/local_setup.ps1'
[7.890s] INFO:colcon.colcon_core.shell:Creating prefix util module '/home/unitree/odom/install/_local_setup_util_ps1.py'
[7.893s] INFO:colcon.colcon_core.shell:Creating prefix chain script '/home/unitree/odom/install/setup.ps1'
[7.959s] INFO:colcon.colcon_core.shell:Creating prefix script '/home/unitree/odom/install/local_setup.sh'
[7.961s] INFO:colcon.colcon_core.shell:Creating prefix util module '/home/unitree/odom/install/_local_setup_util_sh.py'
[7.962s] INFO:colcon.colcon_core.shell:Creating prefix chain script '/home/unitree/odom/install/setup.sh'
[8.024s] INFO:colcon.colcon_core.shell:Creating prefix script '/home/unitree/odom/install/local_setup.bash'
[8.026s] INFO:colcon.colcon_core.shell:Creating prefix chain script '/home/unitree/odom/install/setup.bash'
[8.125s] INFO:colcon.colcon_core.shell:Creating prefix script '/home/unitree/odom/install/local_setup.zsh'
[8.127s] INFO:colcon.colcon_core.shell:Creating prefix chain script '/home/unitree/odom/install/setup.zsh'
