[3.691s] DEBUG:colcon:Command line arguments: ['/usr/bin/colcon', 'build', '--packages-select', 'go2_mapping']
[3.691s] DEBUG:colcon:Parsed command line arguments: Namespace(allow_overriding=[], ament_cmake_args=None, base_paths=['.'], build_base='build', catkin_cmake_args=None, catkin_skip_building_tests=False, cmake_args=None, cmake_clean_cache=False, cmake_clean_first=False, cmake_force_configure=False, cmake_target=None, cmake_target_skip_unavailable=False, continue_on_error=False, event_handlers=None, executor='parallel', ignore_user_meta=False, install_base='install', log_base=None, log_level=None, main=<bound method BuildVerb.main of <colcon_core.verb.build.BuildVerb object at 0xffff95962460>>, merge_install=False, metas=['./colcon.meta'], packages_above=None, packages_above_and_dependencies=None, packages_above_depth=None, packages_end=None, packages_ignore=None, packages_ignore_regex=None, packages_select=['go2_mapping'], packages_select_build_failed=False, packages_select_by_dep=None, packages_select_regex=None, packages_select_test_failures=False, packages_skip=None, packages_skip_build_finished=False, packages_skip_by_dep=None, packages_skip_regex=None, packages_skip_test_passed=False, packages_skip_up_to=None, packages_start=None, packages_up_to=None, packages_up_to_regex=None, parallel_workers=4, paths=None, symlink_install=False, test_result_base=None, verb_extension=<colcon_core.verb.build.BuildVerb object at 0xffff95962460>, verb_name='build', verb_parser=<colcon_defaults.argument_parser.defaults.DefaultArgumentsDecorator object at 0xffff9548c520>)
[3.864s] Level 1:colcon.colcon_core.package_discovery:discover_packages(colcon_meta) check parameters
[3.864s] Level 1:colcon.colcon_core.package_discovery:discover_packages(recursive) check parameters
[3.864s] Level 1:colcon.colcon_core.package_discovery:discover_packages(ignore) check parameters
[3.865s] Level 1:colcon.colcon_core.package_discovery:discover_packages(path) check parameters
[3.865s] Level 1:colcon.colcon_core.package_discovery:discover_packages(colcon_meta) discover
[3.865s] Level 1:colcon.colcon_core.package_discovery:discover_packages(recursive) discover
[3.865s] INFO:colcon.colcon_core.package_discovery:Crawling recursively for packages in '/home/unitree/odom'
[3.865s] Level 1:colcon.colcon_core.package_identification:_identify(.) by extensions ['ignore', 'ignore_ament_install']
[3.865s] Level 1:colcon.colcon_core.package_identification:_identify(.) by extension 'ignore'
[3.865s] Level 1:colcon.colcon_core.package_identification:_identify(.) by extension 'ignore_ament_install'
[3.866s] Level 1:colcon.colcon_core.package_identification:_identify(.) by extensions ['colcon_pkg']
[3.866s] Level 1:colcon.colcon_core.package_identification:_identify(.) by extension 'colcon_pkg'
[3.866s] Level 1:colcon.colcon_core.package_identification:_identify(.) by extensions ['colcon_meta']
[3.866s] Level 1:colcon.colcon_core.package_identification:_identify(.) by extension 'colcon_meta'
[3.866s] Level 1:colcon.colcon_core.package_identification:_identify(.) by extensions ['ros']
[3.866s] Level 1:colcon.colcon_core.package_identification:_identify(.) by extension 'ros'
[3.890s] Level 1:colcon.colcon_core.package_identification:_identify(.) by extensions ['cmake', 'python']
[3.891s] Level 1:colcon.colcon_core.package_identification:_identify(.) by extension 'cmake'
[3.891s] Level 1:colcon.colcon_core.package_identification:_identify(.) by extension 'python'
[3.891s] Level 1:colcon.colcon_core.package_identification:_identify(.) by extensions ['python_setup_py']
[3.891s] Level 1:colcon.colcon_core.package_identification:_identify(.) by extension 'python_setup_py'
[3.891s] Level 1:colcon.colcon_core.package_identification:_identify(GO2_URDF) by extensions ['ignore', 'ignore_ament_install']
[3.891s] Level 1:colcon.colcon_core.package_identification:_identify(GO2_URDF) by extension 'ignore'
[3.892s] Level 1:colcon.colcon_core.package_identification:_identify(GO2_URDF) by extension 'ignore_ament_install'
[3.892s] Level 1:colcon.colcon_core.package_identification:_identify(GO2_URDF) by extensions ['colcon_pkg']
[3.892s] Level 1:colcon.colcon_core.package_identification:_identify(GO2_URDF) by extension 'colcon_pkg'
[3.892s] Level 1:colcon.colcon_core.package_identification:_identify(GO2_URDF) by extensions ['colcon_meta']
[3.892s] Level 1:colcon.colcon_core.package_identification:_identify(GO2_URDF) by extension 'colcon_meta'
[3.892s] Level 1:colcon.colcon_core.package_identification:_identify(GO2_URDF) by extensions ['ros']
[3.892s] Level 1:colcon.colcon_core.package_identification:_identify(GO2_URDF) by extension 'ros'
[3.899s] DEBUG:colcon.colcon_core.package_identification:Package 'GO2_URDF' with type 'ros.catkin' and name 'go2_description'
[3.899s] Level 1:colcon.colcon_core.package_identification:_identify(build) by extensions ['ignore', 'ignore_ament_install']
[3.899s] Level 1:colcon.colcon_core.package_identification:_identify(build) by extension 'ignore'
[3.899s] Level 1:colcon.colcon_core.package_identification:_identify(build) ignored
[3.900s] Level 1:colcon.colcon_core.package_identification:_identify(install) by extensions ['ignore', 'ignore_ament_install']
[3.900s] Level 1:colcon.colcon_core.package_identification:_identify(install) by extension 'ignore'
[3.900s] Level 1:colcon.colcon_core.package_identification:_identify(install) ignored
[3.900s] Level 1:colcon.colcon_core.package_identification:_identify(log) by extensions ['ignore', 'ignore_ament_install']
[3.900s] Level 1:colcon.colcon_core.package_identification:_identify(log) by extension 'ignore'
[3.900s] Level 1:colcon.colcon_core.package_identification:_identify(log) ignored
[3.901s] Level 1:colcon.colcon_core.package_identification:_identify(maps) by extensions ['ignore', 'ignore_ament_install']
[3.901s] Level 1:colcon.colcon_core.package_identification:_identify(maps) by extension 'ignore'
[3.901s] Level 1:colcon.colcon_core.package_identification:_identify(maps) by extension 'ignore_ament_install'
[3.901s] Level 1:colcon.colcon_core.package_identification:_identify(maps) by extensions ['colcon_pkg']
[3.901s] Level 1:colcon.colcon_core.package_identification:_identify(maps) by extension 'colcon_pkg'
[3.901s] Level 1:colcon.colcon_core.package_identification:_identify(maps) by extensions ['colcon_meta']
[3.901s] Level 1:colcon.colcon_core.package_identification:_identify(maps) by extension 'colcon_meta'
[3.901s] Level 1:colcon.colcon_core.package_identification:_identify(maps) by extensions ['ros']
[3.901s] Level 1:colcon.colcon_core.package_identification:_identify(maps) by extension 'ros'
[3.902s] Level 1:colcon.colcon_core.package_identification:_identify(maps) by extensions ['cmake', 'python']
[3.902s] Level 1:colcon.colcon_core.package_identification:_identify(maps) by extension 'cmake'
[3.902s] Level 1:colcon.colcon_core.package_identification:_identify(maps) by extension 'python'
[3.902s] Level 1:colcon.colcon_core.package_identification:_identify(maps) by extensions ['python_setup_py']
[3.902s] Level 1:colcon.colcon_core.package_identification:_identify(maps) by extension 'python_setup_py'
[3.902s] Level 1:colcon.colcon_core.package_identification:_identify(rviz) by extensions ['ignore', 'ignore_ament_install']
[3.902s] Level 1:colcon.colcon_core.package_identification:_identify(rviz) by extension 'ignore'
[3.902s] Level 1:colcon.colcon_core.package_identification:_identify(rviz) by extension 'ignore_ament_install'
[3.903s] Level 1:colcon.colcon_core.package_identification:_identify(rviz) by extensions ['colcon_pkg']
[3.903s] Level 1:colcon.colcon_core.package_identification:_identify(rviz) by extension 'colcon_pkg'
[3.903s] Level 1:colcon.colcon_core.package_identification:_identify(rviz) by extensions ['colcon_meta']
[3.903s] Level 1:colcon.colcon_core.package_identification:_identify(rviz) by extension 'colcon_meta'
[3.903s] Level 1:colcon.colcon_core.package_identification:_identify(rviz) by extensions ['ros']
[3.903s] Level 1:colcon.colcon_core.package_identification:_identify(rviz) by extension 'ros'
[3.903s] Level 1:colcon.colcon_core.package_identification:_identify(rviz) by extensions ['cmake', 'python']
[3.903s] Level 1:colcon.colcon_core.package_identification:_identify(rviz) by extension 'cmake'
[3.903s] Level 1:colcon.colcon_core.package_identification:_identify(rviz) by extension 'python'
[3.903s] Level 1:colcon.colcon_core.package_identification:_identify(rviz) by extensions ['python_setup_py']
[3.904s] Level 1:colcon.colcon_core.package_identification:_identify(rviz) by extension 'python_setup_py'
[3.904s] Level 1:colcon.colcon_core.package_identification:_identify(rviz/__pycache__) by extensions ['ignore', 'ignore_ament_install']
[3.904s] Level 1:colcon.colcon_core.package_identification:_identify(rviz/__pycache__) by extension 'ignore'
[3.904s] Level 1:colcon.colcon_core.package_identification:_identify(rviz/__pycache__) by extension 'ignore_ament_install'
[3.904s] Level 1:colcon.colcon_core.package_identification:_identify(rviz/__pycache__) by extensions ['colcon_pkg']
[3.904s] Level 1:colcon.colcon_core.package_identification:_identify(rviz/__pycache__) by extension 'colcon_pkg'
[3.904s] Level 1:colcon.colcon_core.package_identification:_identify(rviz/__pycache__) by extensions ['colcon_meta']
[3.904s] Level 1:colcon.colcon_core.package_identification:_identify(rviz/__pycache__) by extension 'colcon_meta'
[3.904s] Level 1:colcon.colcon_core.package_identification:_identify(rviz/__pycache__) by extensions ['ros']
[3.905s] Level 1:colcon.colcon_core.package_identification:_identify(rviz/__pycache__) by extension 'ros'
[3.905s] Level 1:colcon.colcon_core.package_identification:_identify(rviz/__pycache__) by extensions ['cmake', 'python']
[3.905s] Level 1:colcon.colcon_core.package_identification:_identify(rviz/__pycache__) by extension 'cmake'
[3.905s] Level 1:colcon.colcon_core.package_identification:_identify(rviz/__pycache__) by extension 'python'
[3.905s] Level 1:colcon.colcon_core.package_identification:_identify(rviz/__pycache__) by extensions ['python_setup_py']
[3.905s] Level 1:colcon.colcon_core.package_identification:_identify(rviz/__pycache__) by extension 'python_setup_py'
[3.905s] Level 1:colcon.colcon_core.package_identification:_identify(src) by extensions ['ignore', 'ignore_ament_install']
[3.905s] Level 1:colcon.colcon_core.package_identification:_identify(src) by extension 'ignore'
[3.905s] Level 1:colcon.colcon_core.package_identification:_identify(src) by extension 'ignore_ament_install'
[3.906s] Level 1:colcon.colcon_core.package_identification:_identify(src) by extensions ['colcon_pkg']
[3.906s] Level 1:colcon.colcon_core.package_identification:_identify(src) by extension 'colcon_pkg'
[3.906s] Level 1:colcon.colcon_core.package_identification:_identify(src) by extensions ['colcon_meta']
[3.906s] Level 1:colcon.colcon_core.package_identification:_identify(src) by extension 'colcon_meta'
[3.906s] Level 1:colcon.colcon_core.package_identification:_identify(src) by extensions ['ros']
[3.906s] Level 1:colcon.colcon_core.package_identification:_identify(src) by extension 'ros'
[3.906s] Level 1:colcon.colcon_core.package_identification:_identify(src) by extensions ['cmake', 'python']
[3.906s] Level 1:colcon.colcon_core.package_identification:_identify(src) by extension 'cmake'
[3.906s] Level 1:colcon.colcon_core.package_identification:_identify(src) by extension 'python'
[3.906s] Level 1:colcon.colcon_core.package_identification:_identify(src) by extensions ['python_setup_py']
[3.907s] Level 1:colcon.colcon_core.package_identification:_identify(src) by extension 'python_setup_py'
[3.907s] Level 1:colcon.colcon_core.package_identification:_identify(src/go2_mapping) by extensions ['ignore', 'ignore_ament_install']
[3.907s] Level 1:colcon.colcon_core.package_identification:_identify(src/go2_mapping) by extension 'ignore'
[3.907s] Level 1:colcon.colcon_core.package_identification:_identify(src/go2_mapping) by extension 'ignore_ament_install'
[3.907s] Level 1:colcon.colcon_core.package_identification:_identify(src/go2_mapping) by extensions ['colcon_pkg']
[3.907s] Level 1:colcon.colcon_core.package_identification:_identify(src/go2_mapping) by extension 'colcon_pkg'
[3.907s] Level 1:colcon.colcon_core.package_identification:_identify(src/go2_mapping) by extensions ['colcon_meta']
[3.907s] Level 1:colcon.colcon_core.package_identification:_identify(src/go2_mapping) by extension 'colcon_meta'
[3.908s] Level 1:colcon.colcon_core.package_identification:_identify(src/go2_mapping) by extensions ['ros']
[3.908s] Level 1:colcon.colcon_core.package_identification:_identify(src/go2_mapping) by extension 'ros'
[3.909s] DEBUG:colcon.colcon_core.package_identification:Package 'src/go2_mapping' with type 'ros.ament_python' and name 'go2_mapping'
[3.909s] Level 1:colcon.colcon_core.package_identification:_identify(xt16_ws) by extensions ['ignore', 'ignore_ament_install']
[3.910s] Level 1:colcon.colcon_core.package_identification:_identify(xt16_ws) by extension 'ignore'
[3.910s] Level 1:colcon.colcon_core.package_identification:_identify(xt16_ws) by extension 'ignore_ament_install'
[3.910s] Level 1:colcon.colcon_core.package_identification:_identify(xt16_ws) by extensions ['colcon_pkg']
[3.910s] Level 1:colcon.colcon_core.package_identification:_identify(xt16_ws) by extension 'colcon_pkg'
[3.910s] Level 1:colcon.colcon_core.package_identification:_identify(xt16_ws) by extensions ['colcon_meta']
[3.910s] Level 1:colcon.colcon_core.package_identification:_identify(xt16_ws) by extension 'colcon_meta'
[3.910s] Level 1:colcon.colcon_core.package_identification:_identify(xt16_ws) by extensions ['ros']
[3.910s] Level 1:colcon.colcon_core.package_identification:_identify(xt16_ws) by extension 'ros'
[3.910s] Level 1:colcon.colcon_core.package_identification:_identify(xt16_ws) by extensions ['cmake', 'python']
[3.911s] Level 1:colcon.colcon_core.package_identification:_identify(xt16_ws) by extension 'cmake'
[3.911s] Level 1:colcon.colcon_core.package_identification:_identify(xt16_ws) by extension 'python'
[3.911s] Level 1:colcon.colcon_core.package_identification:_identify(xt16_ws) by extensions ['python_setup_py']
[3.911s] Level 1:colcon.colcon_core.package_identification:_identify(xt16_ws) by extension 'python_setup_py'
[3.911s] Level 1:colcon.colcon_core.package_identification:_identify(xt16_ws/build) by extensions ['ignore', 'ignore_ament_install']
[3.911s] Level 1:colcon.colcon_core.package_identification:_identify(xt16_ws/build) by extension 'ignore'
[3.911s] Level 1:colcon.colcon_core.package_identification:_identify(xt16_ws/build) ignored
[3.912s] Level 1:colcon.colcon_core.package_identification:_identify(xt16_ws/install) by extensions ['ignore', 'ignore_ament_install']
[3.912s] Level 1:colcon.colcon_core.package_identification:_identify(xt16_ws/install) by extension 'ignore'
[3.912s] Level 1:colcon.colcon_core.package_identification:_identify(xt16_ws/install) ignored
[3.912s] Level 1:colcon.colcon_core.package_identification:_identify(xt16_ws/log) by extensions ['ignore', 'ignore_ament_install']
[3.912s] Level 1:colcon.colcon_core.package_identification:_identify(xt16_ws/log) by extension 'ignore'
[3.912s] Level 1:colcon.colcon_core.package_identification:_identify(xt16_ws/log) ignored
[3.912s] Level 1:colcon.colcon_core.package_identification:_identify(xt16_ws/src) by extensions ['ignore', 'ignore_ament_install']
[3.913s] Level 1:colcon.colcon_core.package_identification:_identify(xt16_ws/src) by extension 'ignore'
[3.913s] Level 1:colcon.colcon_core.package_identification:_identify(xt16_ws/src) by extension 'ignore_ament_install'
[3.913s] Level 1:colcon.colcon_core.package_identification:_identify(xt16_ws/src) by extensions ['colcon_pkg']
[3.913s] Level 1:colcon.colcon_core.package_identification:_identify(xt16_ws/src) by extension 'colcon_pkg'
[3.913s] Level 1:colcon.colcon_core.package_identification:_identify(xt16_ws/src) by extensions ['colcon_meta']
[3.913s] Level 1:colcon.colcon_core.package_identification:_identify(xt16_ws/src) by extension 'colcon_meta'
[3.913s] Level 1:colcon.colcon_core.package_identification:_identify(xt16_ws/src) by extensions ['ros']
[3.913s] Level 1:colcon.colcon_core.package_identification:_identify(xt16_ws/src) by extension 'ros'
[3.913s] Level 1:colcon.colcon_core.package_identification:_identify(xt16_ws/src) by extensions ['cmake', 'python']
[3.913s] Level 1:colcon.colcon_core.package_identification:_identify(xt16_ws/src) by extension 'cmake'
[3.914s] Level 1:colcon.colcon_core.package_identification:_identify(xt16_ws/src) by extension 'python'
[3.914s] Level 1:colcon.colcon_core.package_identification:_identify(xt16_ws/src) by extensions ['python_setup_py']
[3.914s] Level 1:colcon.colcon_core.package_identification:_identify(xt16_ws/src) by extension 'python_setup_py'
[3.914s] Level 1:colcon.colcon_core.package_identification:_identify(xt16_ws/src/HesaiLidar_ROS_2.0) by extensions ['ignore', 'ignore_ament_install']
[3.914s] Level 1:colcon.colcon_core.package_identification:_identify(xt16_ws/src/HesaiLidar_ROS_2.0) by extension 'ignore'
[3.914s] Level 1:colcon.colcon_core.package_identification:_identify(xt16_ws/src/HesaiLidar_ROS_2.0) by extension 'ignore_ament_install'
[3.914s] Level 1:colcon.colcon_core.package_identification:_identify(xt16_ws/src/HesaiLidar_ROS_2.0) by extensions ['colcon_pkg']
[3.914s] Level 1:colcon.colcon_core.package_identification:_identify(xt16_ws/src/HesaiLidar_ROS_2.0) by extension 'colcon_pkg'
[3.915s] Level 1:colcon.colcon_core.package_identification:_identify(xt16_ws/src/HesaiLidar_ROS_2.0) by extensions ['colcon_meta']
[3.915s] Level 1:colcon.colcon_core.package_identification:_identify(xt16_ws/src/HesaiLidar_ROS_2.0) by extension 'colcon_meta'
[3.915s] Level 1:colcon.colcon_core.package_identification:_identify(xt16_ws/src/HesaiLidar_ROS_2.0) by extensions ['ros']
[3.915s] Level 1:colcon.colcon_core.package_identification:_identify(xt16_ws/src/HesaiLidar_ROS_2.0) by extension 'ros'
[3.956s] DEBUG:colcon.colcon_core.package_identification:Package 'xt16_ws/src/HesaiLidar_ROS_2.0' with type 'ros.catkin' and name 'hesai_ros_driver'
[3.957s] Level 1:colcon.colcon_core.package_discovery:discover_packages(recursive) using defaults
[3.957s] Level 1:colcon.colcon_core.package_discovery:discover_packages(ignore) discover
[3.957s] Level 1:colcon.colcon_core.package_discovery:discover_packages(ignore) using defaults
[3.957s] Level 1:colcon.colcon_core.package_discovery:discover_packages(path) discover
[3.957s] Level 1:colcon.colcon_core.package_discovery:discover_packages(path) using defaults
[4.174s] INFO:colcon.colcon_core.package_selection:Skipping not selected package 'go2_description' in 'GO2_URDF'
[4.174s] INFO:colcon.colcon_core.package_selection:Skipping not selected package 'hesai_ros_driver' in 'xt16_ws/src/HesaiLidar_ROS_2.0'
[4.291s] Level 1:colcon.colcon_core.package_discovery:discover_packages(prefix_path) check parameters
[4.291s] Level 1:colcon.colcon_core.package_discovery:discover_packages(prefix_path) discover
[4.351s] Level 1:colcon.colcon_core.package_discovery:discover_packages(prefix_path) using defaults
[4.469s] Level 5:colcon.colcon_core.verb:set package 'go2_mapping' build argument 'cmake_args' from command line to 'None'
[4.469s] Level 5:colcon.colcon_core.verb:set package 'go2_mapping' build argument 'cmake_target' from command line to 'None'
[4.470s] Level 5:colcon.colcon_core.verb:set package 'go2_mapping' build argument 'cmake_target_skip_unavailable' from command line to 'False'
[4.470s] Level 5:colcon.colcon_core.verb:set package 'go2_mapping' build argument 'cmake_clean_cache' from command line to 'False'
[4.470s] Level 5:colcon.colcon_core.verb:set package 'go2_mapping' build argument 'cmake_clean_first' from command line to 'False'
[4.470s] Level 5:colcon.colcon_core.verb:set package 'go2_mapping' build argument 'cmake_force_configure' from command line to 'False'
[4.470s] Level 5:colcon.colcon_core.verb:set package 'go2_mapping' build argument 'ament_cmake_args' from command line to 'None'
[4.470s] Level 5:colcon.colcon_core.verb:set package 'go2_mapping' build argument 'catkin_cmake_args' from command line to 'None'
[4.470s] Level 5:colcon.colcon_core.verb:set package 'go2_mapping' build argument 'catkin_skip_building_tests' from command line to 'False'
[4.470s] DEBUG:colcon.colcon_core.verb:Building package 'go2_mapping' with the following arguments: {'ament_cmake_args': None, 'build_base': '/home/unitree/odom/build/go2_mapping', 'catkin_cmake_args': None, 'catkin_skip_building_tests': False, 'cmake_args': None, 'cmake_clean_cache': False, 'cmake_clean_first': False, 'cmake_force_configure': False, 'cmake_target': None, 'cmake_target_skip_unavailable': False, 'install_base': '/home/unitree/odom/install/go2_mapping', 'merge_install': False, 'path': '/home/unitree/odom/src/go2_mapping', 'symlink_install': False, 'test_result_base': None}
[4.528s] INFO:colcon.colcon_core.executor:Executing jobs using 'parallel' executor
[4.588s] DEBUG:colcon.colcon_parallel_executor.executor.parallel:run_until_complete
[4.588s] INFO:colcon.colcon_ros.task.ament_python.build:Building ROS package in '/home/unitree/odom/src/go2_mapping' with build type 'ament_python'
[4.589s] Level 1:colcon.colcon_core.shell:create_environment_hook('go2_mapping', 'ament_prefix_path')
[4.654s] INFO:colcon.colcon_core.plugin_system:Skipping extension 'colcon_core.shell.bat': Not used on non-Windows systems
[4.654s] INFO:colcon.colcon_core.shell:Creating environment hook '/home/unitree/odom/install/go2_mapping/share/go2_mapping/hook/ament_prefix_path.ps1'
[4.656s] INFO:colcon.colcon_core.shell:Creating environment descriptor '/home/unitree/odom/install/go2_mapping/share/go2_mapping/hook/ament_prefix_path.dsv'
[4.657s] INFO:colcon.colcon_core.shell:Creating environment hook '/home/unitree/odom/install/go2_mapping/share/go2_mapping/hook/ament_prefix_path.sh'
[4.719s] INFO:colcon.colcon_core.shell:Skip shell extension 'powershell' for command environment: Not usable outside of PowerShell
[4.719s] DEBUG:colcon.colcon_core.shell:Skip shell extension 'dsv' for command environment
[5.211s] INFO:colcon.colcon_core.task.python.build:Building Python package in '/home/unitree/odom/src/go2_mapping'
[5.273s] INFO:colcon.colcon_core.shell:Skip shell extension 'powershell' for command environment: Not usable outside of PowerShell
[5.273s] DEBUG:colcon.colcon_core.shell:Skip shell extension 'dsv' for command environment
[6.174s] DEBUG:colcon.colcon_core.event_handler.log_command:Invoking command in '/home/unitree/odom/src/go2_mapping': PYTHONPATH=/home/unitree/odom/build/go2_mapping/prefix_override:/home/unitree/odom/install/go2_mapping/lib/python3.8/site-packages:${PYTHONPATH} /usr/bin/python3 setup.py egg_info --egg-base ../../build/go2_mapping build --build-base /home/unitree/odom/build/go2_mapping/build install --record /home/unitree/odom/build/go2_mapping/install.log --single-version-externally-managed
[6.713s] DEBUG:colcon.colcon_core.event_handler.log_command:Invoked command in '/home/unitree/odom/src/go2_mapping' returned '0': PYTHONPATH=/home/unitree/odom/build/go2_mapping/prefix_override:/home/unitree/odom/install/go2_mapping/lib/python3.8/site-packages:${PYTHONPATH} /usr/bin/python3 setup.py egg_info --egg-base ../../build/go2_mapping build --build-base /home/unitree/odom/build/go2_mapping/build install --record /home/unitree/odom/build/go2_mapping/install.log --single-version-externally-managed
[6.791s] Level 1:colcon.colcon_core.environment:checking '/home/unitree/odom/install/go2_mapping' for CMake module files
[6.792s] Level 1:colcon.colcon_core.environment:checking '/home/unitree/odom/install/go2_mapping' for CMake config files
[6.794s] Level 1:colcon.colcon_core.environment:checking '/home/unitree/odom/install/go2_mapping/lib'
[6.794s] Level 1:colcon.colcon_core.environment:checking '/home/unitree/odom/install/go2_mapping/bin'
[6.794s] Level 1:colcon.colcon_core.environment:checking '/home/unitree/odom/install/go2_mapping/lib/pkgconfig/go2_mapping.pc'
[6.795s] Level 1:colcon.colcon_core.environment:checking '/home/unitree/odom/install/go2_mapping/lib/python3.8/site-packages'
[6.795s] Level 1:colcon.colcon_core.shell:create_environment_hook('go2_mapping', 'pythonpath')
[6.855s] INFO:colcon.colcon_core.shell:Creating environment hook '/home/unitree/odom/install/go2_mapping/share/go2_mapping/hook/pythonpath.ps1'
[6.857s] INFO:colcon.colcon_core.shell:Creating environment descriptor '/home/unitree/odom/install/go2_mapping/share/go2_mapping/hook/pythonpath.dsv'
[6.857s] INFO:colcon.colcon_core.shell:Creating environment hook '/home/unitree/odom/install/go2_mapping/share/go2_mapping/hook/pythonpath.sh'
[6.858s] Level 1:colcon.colcon_core.environment:checking '/home/unitree/odom/install/go2_mapping/bin'
[6.859s] Level 1:colcon.colcon_core.environment:create_environment_scripts_only(go2_mapping)
[6.919s] INFO:colcon.colcon_core.shell:Creating package script '/home/unitree/odom/install/go2_mapping/share/go2_mapping/package.ps1'
[6.922s] INFO:colcon.colcon_core.shell:Creating package descriptor '/home/unitree/odom/install/go2_mapping/share/go2_mapping/package.dsv'
[6.923s] INFO:colcon.colcon_core.shell:Creating package script '/home/unitree/odom/install/go2_mapping/share/go2_mapping/package.sh'
[6.924s] INFO:colcon.colcon_core.shell:Creating package script '/home/unitree/odom/install/go2_mapping/share/go2_mapping/package.bash'
[6.926s] INFO:colcon.colcon_core.shell:Creating package script '/home/unitree/odom/install/go2_mapping/share/go2_mapping/package.zsh'
[6.928s] Level 1:colcon.colcon_core.environment:create_file_with_runtime_dependencies(/home/unitree/odom/install/go2_mapping/share/colcon-core/packages/go2_mapping)
[6.929s] DEBUG:colcon.colcon_parallel_executor.executor.parallel:closing loop
[6.929s] DEBUG:colcon.colcon_parallel_executor.executor.parallel:loop closed
[6.930s] DEBUG:colcon.colcon_parallel_executor.executor.parallel:run_until_complete finished with '0'
[6.930s] DEBUG:colcon.colcon_core.event_reactor:joining thread
[7.003s] INFO:colcon.colcon_core.plugin_system:Skipping extension 'colcon_notification.desktop_notification.terminal_notifier': Not used on non-Darwin systems
[7.004s] INFO:colcon.colcon_core.plugin_system:Skipping extension 'colcon_notification.desktop_notification.win32': Not used on non-Windows systems
[7.004s] INFO:colcon.colcon_notification.desktop_notification:Sending desktop notification using 'notify2'
[7.027s] DEBUG:colcon.colcon_notification.desktop_notification.notify2:Failed to initialize notify2: org.freedesktop.DBus.Error.Spawn.ChildExited: Process org.freedesktop.Notifications exited with status 1
[7.028s] DEBUG:colcon.colcon_core.event_reactor:joined thread
[7.088s] INFO:colcon.colcon_core.shell:Creating prefix script '/home/unitree/odom/install/local_setup.ps1'
[7.090s] INFO:colcon.colcon_core.shell:Creating prefix util module '/home/unitree/odom/install/_local_setup_util_ps1.py'
[7.093s] INFO:colcon.colcon_core.shell:Creating prefix chain script '/home/unitree/odom/install/setup.ps1'
[7.155s] INFO:colcon.colcon_core.shell:Creating prefix script '/home/unitree/odom/install/local_setup.sh'
[7.157s] INFO:colcon.colcon_core.shell:Creating prefix util module '/home/unitree/odom/install/_local_setup_util_sh.py'
[7.158s] INFO:colcon.colcon_core.shell:Creating prefix chain script '/home/unitree/odom/install/setup.sh'
[7.218s] INFO:colcon.colcon_core.shell:Creating prefix script '/home/unitree/odom/install/local_setup.bash'
[7.219s] INFO:colcon.colcon_core.shell:Creating prefix chain script '/home/unitree/odom/install/setup.bash'
[7.312s] INFO:colcon.colcon_core.shell:Creating prefix script '/home/unitree/odom/install/local_setup.zsh'
[7.313s] INFO:colcon.colcon_core.shell:Creating prefix chain script '/home/unitree/odom/install/setup.zsh'
