[5.249s] colcon DEBUG Command line arguments: ['/usr/bin/colcon', 'build', '--packages-select', 'go2_mapping']
[5.249s] colcon DEBUG Parsed command line arguments: Namespace(allow_overriding=[], ament_cmake_args=None, base_paths=['.'], build_base='build', catkin_cmake_args=None, catkin_skip_building_tests=False, cmake_args=None, cmake_clean_cache=False, cmake_clean_first=False, cmake_force_configure=False, cmake_target=None, cmake_target_skip_unavailable=False, continue_on_error=False, event_handlers=None, executor='parallel', ignore_user_meta=False, install_base='install', log_base=None, log_level=None, main=<bound method BuildVerb.main of <colcon_core.verb.build.BuildVerb object at 0xffffa43248e0>>, merge_install=False, metas=['./colcon.meta'], packages_above=None, packages_above_and_dependencies=None, packages_above_depth=None, packages_end=None, packages_ignore=None, packages_ignore_regex=None, packages_select=['go2_mapping'], packages_select_build_failed=False, packages_select_by_dep=None, packages_select_regex=None, packages_select_test_failures=False, packages_skip=None, packages_skip_build_finished=False, packages_skip_by_dep=None, packages_skip_regex=None, packages_skip_test_passed=False, packages_skip_up_to=None, packages_start=None, packages_up_to=None, packages_up_to_regex=None, parallel_workers=8, paths=None, symlink_install=False, test_result_base=None, verb_extension=<colcon_core.verb.build.BuildVerb object at 0xffffa43248e0>, verb_name='build', verb_parser=<colcon_defaults.argument_parser.defaults.DefaultArgumentsDecorator object at 0xffffa3f747c0>)
[5.458s] colcon.colcon_core.package_discovery Level 1 discover_packages(colcon_meta) check parameters
[5.458s] colcon.colcon_core.package_discovery Level 1 discover_packages(recursive) check parameters
[5.458s] colcon.colcon_core.package_discovery Level 1 discover_packages(ignore) check parameters
[5.458s] colcon.colcon_core.package_discovery Level 1 discover_packages(path) check parameters
[5.459s] colcon.colcon_core.package_discovery Level 1 discover_packages(colcon_meta) discover
[5.459s] colcon.colcon_core.package_discovery Level 1 discover_packages(recursive) discover
[5.459s] colcon.colcon_core.package_discovery INFO Crawling recursively for packages in '/home/unitree/SLAM'
[5.459s] colcon.colcon_core.package_identification Level 1 _identify(.) by extensions ['ignore', 'ignore_ament_install']
[5.459s] colcon.colcon_core.package_identification Level 1 _identify(.) by extension 'ignore'
[5.459s] colcon.colcon_core.package_identification Level 1 _identify(.) by extension 'ignore_ament_install'
[5.460s] colcon.colcon_core.package_identification Level 1 _identify(.) by extensions ['colcon_pkg']
[5.460s] colcon.colcon_core.package_identification Level 1 _identify(.) by extension 'colcon_pkg'
[5.460s] colcon.colcon_core.package_identification Level 1 _identify(.) by extensions ['colcon_meta']
[5.460s] colcon.colcon_core.package_identification Level 1 _identify(.) by extension 'colcon_meta'
[5.460s] colcon.colcon_core.package_identification Level 1 _identify(.) by extensions ['ros']
[5.460s] colcon.colcon_core.package_identification Level 1 _identify(.) by extension 'ros'
[5.489s] colcon.colcon_core.package_identification Level 1 _identify(.) by extensions ['cmake', 'python']
[5.490s] colcon.colcon_core.package_identification Level 1 _identify(.) by extension 'cmake'
[5.490s] colcon.colcon_core.package_identification Level 1 _identify(.) by extension 'python'
[5.490s] colcon.colcon_core.package_identification Level 1 _identify(.) by extensions ['python_setup_py']
[5.490s] colcon.colcon_core.package_identification Level 1 _identify(.) by extension 'python_setup_py'
[5.490s] colcon.colcon_core.package_identification Level 1 _identify(GO2_URDF) by extensions ['ignore', 'ignore_ament_install']
[5.491s] colcon.colcon_core.package_identification Level 1 _identify(GO2_URDF) by extension 'ignore'
[5.491s] colcon.colcon_core.package_identification Level 1 _identify(GO2_URDF) by extension 'ignore_ament_install'
[5.491s] colcon.colcon_core.package_identification Level 1 _identify(GO2_URDF) by extensions ['colcon_pkg']
[5.491s] colcon.colcon_core.package_identification Level 1 _identify(GO2_URDF) by extension 'colcon_pkg'
[5.491s] colcon.colcon_core.package_identification Level 1 _identify(GO2_URDF) by extensions ['colcon_meta']
[5.491s] colcon.colcon_core.package_identification Level 1 _identify(GO2_URDF) by extension 'colcon_meta'
[5.491s] colcon.colcon_core.package_identification Level 1 _identify(GO2_URDF) by extensions ['ros']
[5.491s] colcon.colcon_core.package_identification Level 1 _identify(GO2_URDF) by extension 'ros'
[5.498s] colcon.colcon_core.package_identification DEBUG Package 'GO2_URDF' with type 'ros.catkin' and name 'go2_description'
[5.498s] colcon.colcon_core.package_identification Level 1 _identify(build) by extensions ['ignore', 'ignore_ament_install']
[5.499s] colcon.colcon_core.package_identification Level 1 _identify(build) by extension 'ignore'
[5.499s] colcon.colcon_core.package_identification Level 1 _identify(build) ignored
[5.499s] colcon.colcon_core.package_identification Level 1 _identify(install) by extensions ['ignore', 'ignore_ament_install']
[5.499s] colcon.colcon_core.package_identification Level 1 _identify(install) by extension 'ignore'
[5.499s] colcon.colcon_core.package_identification Level 1 _identify(install) ignored
[5.500s] colcon.colcon_core.package_identification Level 1 _identify(log) by extensions ['ignore', 'ignore_ament_install']
[5.500s] colcon.colcon_core.package_identification Level 1 _identify(log) by extension 'ignore'
[5.500s] colcon.colcon_core.package_identification Level 1 _identify(log) ignored
[5.500s] colcon.colcon_core.package_identification Level 1 _identify(maps) by extensions ['ignore', 'ignore_ament_install']
[5.500s] colcon.colcon_core.package_identification Level 1 _identify(maps) by extension 'ignore'
[5.500s] colcon.colcon_core.package_identification Level 1 _identify(maps) by extension 'ignore_ament_install'
[5.500s] colcon.colcon_core.package_identification Level 1 _identify(maps) by extensions ['colcon_pkg']
[5.501s] colcon.colcon_core.package_identification Level 1 _identify(maps) by extension 'colcon_pkg'
[5.501s] colcon.colcon_core.package_identification Level 1 _identify(maps) by extensions ['colcon_meta']
[5.501s] colcon.colcon_core.package_identification Level 1 _identify(maps) by extension 'colcon_meta'
[5.501s] colcon.colcon_core.package_identification Level 1 _identify(maps) by extensions ['ros']
[5.501s] colcon.colcon_core.package_identification Level 1 _identify(maps) by extension 'ros'
[5.501s] colcon.colcon_core.package_identification Level 1 _identify(maps) by extensions ['cmake', 'python']
[5.501s] colcon.colcon_core.package_identification Level 1 _identify(maps) by extension 'cmake'
[5.501s] colcon.colcon_core.package_identification Level 1 _identify(maps) by extension 'python'
[5.501s] colcon.colcon_core.package_identification Level 1 _identify(maps) by extensions ['python_setup_py']
[5.501s] colcon.colcon_core.package_identification Level 1 _identify(maps) by extension 'python_setup_py'
[5.502s] colcon.colcon_core.package_identification Level 1 _identify(noneed) by extensions ['ignore', 'ignore_ament_install']
[5.502s] colcon.colcon_core.package_identification Level 1 _identify(noneed) by extension 'ignore'
[5.502s] colcon.colcon_core.package_identification Level 1 _identify(noneed) by extension 'ignore_ament_install'
[5.502s] colcon.colcon_core.package_identification Level 1 _identify(noneed) by extensions ['colcon_pkg']
[5.502s] colcon.colcon_core.package_identification Level 1 _identify(noneed) by extension 'colcon_pkg'
[5.502s] colcon.colcon_core.package_identification Level 1 _identify(noneed) by extensions ['colcon_meta']
[5.502s] colcon.colcon_core.package_identification Level 1 _identify(noneed) by extension 'colcon_meta'
[5.502s] colcon.colcon_core.package_identification Level 1 _identify(noneed) by extensions ['ros']
[5.502s] colcon.colcon_core.package_identification Level 1 _identify(noneed) by extension 'ros'
[5.502s] colcon.colcon_core.package_identification Level 1 _identify(noneed) by extensions ['cmake', 'python']
[5.502s] colcon.colcon_core.package_identification Level 1 _identify(noneed) by extension 'cmake'
[5.503s] colcon.colcon_core.package_identification Level 1 _identify(noneed) by extension 'python'
[5.503s] colcon.colcon_core.package_identification Level 1 _identify(noneed) by extensions ['python_setup_py']
[5.503s] colcon.colcon_core.package_identification Level 1 _identify(noneed) by extension 'python_setup_py'
[5.503s] colcon.colcon_core.package_identification Level 1 _identify(noneed/__pycache__) by extensions ['ignore', 'ignore_ament_install']
[5.503s] colcon.colcon_core.package_identification Level 1 _identify(noneed/__pycache__) by extension 'ignore'
[5.503s] colcon.colcon_core.package_identification Level 1 _identify(noneed/__pycache__) by extension 'ignore_ament_install'
[5.503s] colcon.colcon_core.package_identification Level 1 _identify(noneed/__pycache__) by extensions ['colcon_pkg']
[5.503s] colcon.colcon_core.package_identification Level 1 _identify(noneed/__pycache__) by extension 'colcon_pkg'
[5.503s] colcon.colcon_core.package_identification Level 1 _identify(noneed/__pycache__) by extensions ['colcon_meta']
[5.503s] colcon.colcon_core.package_identification Level 1 _identify(noneed/__pycache__) by extension 'colcon_meta'
[5.504s] colcon.colcon_core.package_identification Level 1 _identify(noneed/__pycache__) by extensions ['ros']
[5.504s] colcon.colcon_core.package_identification Level 1 _identify(noneed/__pycache__) by extension 'ros'
[5.504s] colcon.colcon_core.package_identification Level 1 _identify(noneed/__pycache__) by extensions ['cmake', 'python']
[5.504s] colcon.colcon_core.package_identification Level 1 _identify(noneed/__pycache__) by extension 'cmake'
[5.504s] colcon.colcon_core.package_identification Level 1 _identify(noneed/__pycache__) by extension 'python'
[5.504s] colcon.colcon_core.package_identification Level 1 _identify(noneed/__pycache__) by extensions ['python_setup_py']
[5.504s] colcon.colcon_core.package_identification Level 1 _identify(noneed/__pycache__) by extension 'python_setup_py'
[5.504s] colcon.colcon_core.package_identification Level 1 _identify(rviz) by extensions ['ignore', 'ignore_ament_install']
[5.504s] colcon.colcon_core.package_identification Level 1 _identify(rviz) by extension 'ignore'
[5.504s] colcon.colcon_core.package_identification Level 1 _identify(rviz) by extension 'ignore_ament_install'
[5.505s] colcon.colcon_core.package_identification Level 1 _identify(rviz) by extensions ['colcon_pkg']
[5.505s] colcon.colcon_core.package_identification Level 1 _identify(rviz) by extension 'colcon_pkg'
[5.505s] colcon.colcon_core.package_identification Level 1 _identify(rviz) by extensions ['colcon_meta']
[5.505s] colcon.colcon_core.package_identification Level 1 _identify(rviz) by extension 'colcon_meta'
[5.505s] colcon.colcon_core.package_identification Level 1 _identify(rviz) by extensions ['ros']
[5.505s] colcon.colcon_core.package_identification Level 1 _identify(rviz) by extension 'ros'
[5.505s] colcon.colcon_core.package_identification Level 1 _identify(rviz) by extensions ['cmake', 'python']
[5.505s] colcon.colcon_core.package_identification Level 1 _identify(rviz) by extension 'cmake'
[5.505s] colcon.colcon_core.package_identification Level 1 _identify(rviz) by extension 'python'
[5.505s] colcon.colcon_core.package_identification Level 1 _identify(rviz) by extensions ['python_setup_py']
[5.505s] colcon.colcon_core.package_identification Level 1 _identify(rviz) by extension 'python_setup_py'
[5.505s] colcon.colcon_core.package_identification Level 1 _identify(rviz/__pycache__) by extensions ['ignore', 'ignore_ament_install']
[5.506s] colcon.colcon_core.package_identification Level 1 _identify(rviz/__pycache__) by extension 'ignore'
[5.506s] colcon.colcon_core.package_identification Level 1 _identify(rviz/__pycache__) by extension 'ignore_ament_install'
[5.506s] colcon.colcon_core.package_identification Level 1 _identify(rviz/__pycache__) by extensions ['colcon_pkg']
[5.506s] colcon.colcon_core.package_identification Level 1 _identify(rviz/__pycache__) by extension 'colcon_pkg'
[5.506s] colcon.colcon_core.package_identification Level 1 _identify(rviz/__pycache__) by extensions ['colcon_meta']
[5.506s] colcon.colcon_core.package_identification Level 1 _identify(rviz/__pycache__) by extension 'colcon_meta'
[5.506s] colcon.colcon_core.package_identification Level 1 _identify(rviz/__pycache__) by extensions ['ros']
[5.506s] colcon.colcon_core.package_identification Level 1 _identify(rviz/__pycache__) by extension 'ros'
[5.506s] colcon.colcon_core.package_identification Level 1 _identify(rviz/__pycache__) by extensions ['cmake', 'python']
[5.506s] colcon.colcon_core.package_identification Level 1 _identify(rviz/__pycache__) by extension 'cmake'
[5.506s] colcon.colcon_core.package_identification Level 1 _identify(rviz/__pycache__) by extension 'python'
[5.507s] colcon.colcon_core.package_identification Level 1 _identify(rviz/__pycache__) by extensions ['python_setup_py']
[5.507s] colcon.colcon_core.package_identification Level 1 _identify(rviz/__pycache__) by extension 'python_setup_py'
[5.507s] colcon.colcon_core.package_identification Level 1 _identify(src) by extensions ['ignore', 'ignore_ament_install']
[5.507s] colcon.colcon_core.package_identification Level 1 _identify(src) by extension 'ignore'
[5.507s] colcon.colcon_core.package_identification Level 1 _identify(src) by extension 'ignore_ament_install'
[5.507s] colcon.colcon_core.package_identification Level 1 _identify(src) by extensions ['colcon_pkg']
[5.507s] colcon.colcon_core.package_identification Level 1 _identify(src) by extension 'colcon_pkg'
[5.507s] colcon.colcon_core.package_identification Level 1 _identify(src) by extensions ['colcon_meta']
[5.507s] colcon.colcon_core.package_identification Level 1 _identify(src) by extension 'colcon_meta'
[5.507s] colcon.colcon_core.package_identification Level 1 _identify(src) by extensions ['ros']
[5.507s] colcon.colcon_core.package_identification Level 1 _identify(src) by extension 'ros'
[5.508s] colcon.colcon_core.package_identification Level 1 _identify(src) by extensions ['cmake', 'python']
[5.508s] colcon.colcon_core.package_identification Level 1 _identify(src) by extension 'cmake'
[5.508s] colcon.colcon_core.package_identification Level 1 _identify(src) by extension 'python'
[5.508s] colcon.colcon_core.package_identification Level 1 _identify(src) by extensions ['python_setup_py']
[5.508s] colcon.colcon_core.package_identification Level 1 _identify(src) by extension 'python_setup_py'
[5.508s] colcon.colcon_core.package_identification Level 1 _identify(src/go2_mapping) by extensions ['ignore', 'ignore_ament_install']
[5.508s] colcon.colcon_core.package_identification Level 1 _identify(src/go2_mapping) by extension 'ignore'
[5.508s] colcon.colcon_core.package_identification Level 1 _identify(src/go2_mapping) by extension 'ignore_ament_install'
[5.508s] colcon.colcon_core.package_identification Level 1 _identify(src/go2_mapping) by extensions ['colcon_pkg']
[5.508s] colcon.colcon_core.package_identification Level 1 _identify(src/go2_mapping) by extension 'colcon_pkg'
[5.509s] colcon.colcon_core.package_identification Level 1 _identify(src/go2_mapping) by extensions ['colcon_meta']
[5.509s] colcon.colcon_core.package_identification Level 1 _identify(src/go2_mapping) by extension 'colcon_meta'
[5.509s] colcon.colcon_core.package_identification Level 1 _identify(src/go2_mapping) by extensions ['ros']
[5.509s] colcon.colcon_core.package_identification Level 1 _identify(src/go2_mapping) by extension 'ros'
[5.511s] colcon.colcon_core.package_identification DEBUG Package 'src/go2_mapping' with type 'ros.ament_python' and name 'go2_mapping'
[5.511s] colcon.colcon_core.package_identification Level 1 _identify(xt16_ws) by extensions ['ignore', 'ignore_ament_install']
[5.511s] colcon.colcon_core.package_identification Level 1 _identify(xt16_ws) by extension 'ignore'
[5.511s] colcon.colcon_core.package_identification Level 1 _identify(xt16_ws) by extension 'ignore_ament_install'
[5.511s] colcon.colcon_core.package_identification Level 1 _identify(xt16_ws) by extensions ['colcon_pkg']
[5.511s] colcon.colcon_core.package_identification Level 1 _identify(xt16_ws) by extension 'colcon_pkg'
[5.511s] colcon.colcon_core.package_identification Level 1 _identify(xt16_ws) by extensions ['colcon_meta']
[5.511s] colcon.colcon_core.package_identification Level 1 _identify(xt16_ws) by extension 'colcon_meta'
[5.512s] colcon.colcon_core.package_identification Level 1 _identify(xt16_ws) by extensions ['ros']
[5.512s] colcon.colcon_core.package_identification Level 1 _identify(xt16_ws) by extension 'ros'
[5.512s] colcon.colcon_core.package_identification Level 1 _identify(xt16_ws) by extensions ['cmake', 'python']
[5.512s] colcon.colcon_core.package_identification Level 1 _identify(xt16_ws) by extension 'cmake'
[5.512s] colcon.colcon_core.package_identification Level 1 _identify(xt16_ws) by extension 'python'
[5.512s] colcon.colcon_core.package_identification Level 1 _identify(xt16_ws) by extensions ['python_setup_py']
[5.512s] colcon.colcon_core.package_identification Level 1 _identify(xt16_ws) by extension 'python_setup_py'
[5.512s] colcon.colcon_core.package_identification Level 1 _identify(xt16_ws/build) by extensions ['ignore', 'ignore_ament_install']
[5.512s] colcon.colcon_core.package_identification Level 1 _identify(xt16_ws/build) by extension 'ignore'
[5.513s] colcon.colcon_core.package_identification Level 1 _identify(xt16_ws/build) ignored
[5.513s] colcon.colcon_core.package_identification Level 1 _identify(xt16_ws/install) by extensions ['ignore', 'ignore_ament_install']
[5.513s] colcon.colcon_core.package_identification Level 1 _identify(xt16_ws/install) by extension 'ignore'
[5.513s] colcon.colcon_core.package_identification Level 1 _identify(xt16_ws/install) ignored
[5.513s] colcon.colcon_core.package_identification Level 1 _identify(xt16_ws/log) by extensions ['ignore', 'ignore_ament_install']
[5.513s] colcon.colcon_core.package_identification Level 1 _identify(xt16_ws/log) by extension 'ignore'
[5.513s] colcon.colcon_core.package_identification Level 1 _identify(xt16_ws/log) ignored
[5.513s] colcon.colcon_core.package_identification Level 1 _identify(xt16_ws/src) by extensions ['ignore', 'ignore_ament_install']
[5.514s] colcon.colcon_core.package_identification Level 1 _identify(xt16_ws/src) by extension 'ignore'
[5.514s] colcon.colcon_core.package_identification Level 1 _identify(xt16_ws/src) by extension 'ignore_ament_install'
[5.514s] colcon.colcon_core.package_identification Level 1 _identify(xt16_ws/src) by extensions ['colcon_pkg']
[5.514s] colcon.colcon_core.package_identification Level 1 _identify(xt16_ws/src) by extension 'colcon_pkg'
[5.514s] colcon.colcon_core.package_identification Level 1 _identify(xt16_ws/src) by extensions ['colcon_meta']
[5.514s] colcon.colcon_core.package_identification Level 1 _identify(xt16_ws/src) by extension 'colcon_meta'
[5.514s] colcon.colcon_core.package_identification Level 1 _identify(xt16_ws/src) by extensions ['ros']
[5.514s] colcon.colcon_core.package_identification Level 1 _identify(xt16_ws/src) by extension 'ros'
[5.514s] colcon.colcon_core.package_identification Level 1 _identify(xt16_ws/src) by extensions ['cmake', 'python']
[5.514s] colcon.colcon_core.package_identification Level 1 _identify(xt16_ws/src) by extension 'cmake'
[5.514s] colcon.colcon_core.package_identification Level 1 _identify(xt16_ws/src) by extension 'python'
[5.515s] colcon.colcon_core.package_identification Level 1 _identify(xt16_ws/src) by extensions ['python_setup_py']
[5.515s] colcon.colcon_core.package_identification Level 1 _identify(xt16_ws/src) by extension 'python_setup_py'
[5.515s] colcon.colcon_core.package_identification Level 1 _identify(xt16_ws/src/HesaiLidar_ROS_2.0) by extensions ['ignore', 'ignore_ament_install']
[5.515s] colcon.colcon_core.package_identification Level 1 _identify(xt16_ws/src/HesaiLidar_ROS_2.0) by extension 'ignore'
[5.515s] colcon.colcon_core.package_identification Level 1 _identify(xt16_ws/src/HesaiLidar_ROS_2.0) by extension 'ignore_ament_install'
[5.515s] colcon.colcon_core.package_identification Level 1 _identify(xt16_ws/src/HesaiLidar_ROS_2.0) by extensions ['colcon_pkg']
[5.515s] colcon.colcon_core.package_identification Level 1 _identify(xt16_ws/src/HesaiLidar_ROS_2.0) by extension 'colcon_pkg'
[5.515s] colcon.colcon_core.package_identification Level 1 _identify(xt16_ws/src/HesaiLidar_ROS_2.0) by extensions ['colcon_meta']
[5.515s] colcon.colcon_core.package_identification Level 1 _identify(xt16_ws/src/HesaiLidar_ROS_2.0) by extension 'colcon_meta'
[5.515s] colcon.colcon_core.package_identification Level 1 _identify(xt16_ws/src/HesaiLidar_ROS_2.0) by extensions ['ros']
[5.516s] colcon.colcon_core.package_identification Level 1 _identify(xt16_ws/src/HesaiLidar_ROS_2.0) by extension 'ros'
[5.532s] colcon.colcon_core.package_identification DEBUG Package 'xt16_ws/src/HesaiLidar_ROS_2.0' with type 'ros.ament_cmake' and name 'hesai_ros_driver'
[5.533s] colcon.colcon_core.package_discovery Level 1 discover_packages(recursive) using defaults
[5.533s] colcon.colcon_core.package_discovery Level 1 discover_packages(ignore) discover
[5.533s] colcon.colcon_core.package_discovery Level 1 discover_packages(ignore) using defaults
[5.533s] colcon.colcon_core.package_discovery Level 1 discover_packages(path) discover
[5.533s] colcon.colcon_core.package_discovery Level 1 discover_packages(path) using defaults
[5.638s] colcon.colcon_core.package_selection INFO Skipping not selected package 'go2_description' in 'GO2_URDF'
[5.638s] colcon.colcon_core.package_selection INFO Skipping not selected package 'hesai_ros_driver' in 'xt16_ws/src/HesaiLidar_ROS_2.0'
[5.683s] colcon.colcon_core.package_discovery Level 1 discover_packages(prefix_path) check parameters
[5.684s] colcon.colcon_core.package_discovery Level 1 discover_packages(prefix_path) discover
[5.736s] colcon.colcon_installed_package_information.package_discovery DEBUG Found 304 installed packages in /opt/ros/foxy
[5.739s] colcon.colcon_core.package_discovery Level 1 discover_packages(prefix_path) using defaults
[5.922s] colcon.colcon_core.verb Level 5 set package 'go2_mapping' build argument 'cmake_args' from command line to 'None'
[5.922s] colcon.colcon_core.verb Level 5 set package 'go2_mapping' build argument 'cmake_target' from command line to 'None'
[5.922s] colcon.colcon_core.verb Level 5 set package 'go2_mapping' build argument 'cmake_target_skip_unavailable' from command line to 'False'
[5.922s] colcon.colcon_core.verb Level 5 set package 'go2_mapping' build argument 'cmake_clean_cache' from command line to 'False'
[5.922s] colcon.colcon_core.verb Level 5 set package 'go2_mapping' build argument 'cmake_clean_first' from command line to 'False'
[5.922s] colcon.colcon_core.verb Level 5 set package 'go2_mapping' build argument 'cmake_force_configure' from command line to 'False'
[5.922s] colcon.colcon_core.verb Level 5 set package 'go2_mapping' build argument 'ament_cmake_args' from command line to 'None'
[5.922s] colcon.colcon_core.verb Level 5 set package 'go2_mapping' build argument 'catkin_cmake_args' from command line to 'None'
[5.922s] colcon.colcon_core.verb Level 5 set package 'go2_mapping' build argument 'catkin_skip_building_tests' from command line to 'False'
[5.923s] colcon.colcon_core.verb DEBUG Building package 'go2_mapping' with the following arguments: {'ament_cmake_args': None, 'build_base': '/home/unitree/SLAM/build/go2_mapping', 'catkin_cmake_args': None, 'catkin_skip_building_tests': False, 'cmake_args': None, 'cmake_clean_cache': False, 'cmake_clean_first': False, 'cmake_force_configure': False, 'cmake_target': None, 'cmake_target_skip_unavailable': False, 'install_base': '/home/unitree/SLAM/install/go2_mapping', 'merge_install': False, 'path': '/home/unitree/SLAM/src/go2_mapping', 'symlink_install': False, 'test_result_base': None}
[5.946s] colcon.colcon_core.executor INFO Executing jobs using 'parallel' executor
[5.970s] colcon.colcon_parallel_executor.executor.parallel DEBUG run_until_complete
[5.971s] colcon.colcon_ros.task.ament_python.build INFO Building ROS package in '/home/unitree/SLAM/src/go2_mapping' with build type 'ament_python'
[5.972s] colcon.colcon_core.shell Level 1 create_environment_hook('go2_mapping', 'ament_prefix_path')
[6.002s] colcon.colcon_core.plugin_system INFO Skipping extension 'colcon_core.shell.bat': Not used on non-Windows systems
[6.003s] colcon.colcon_core.shell INFO Creating environment hook '/home/unitree/SLAM/install/go2_mapping/share/go2_mapping/hook/ament_prefix_path.ps1'
[6.005s] colcon.colcon_core.shell INFO Creating environment descriptor '/home/unitree/SLAM/install/go2_mapping/share/go2_mapping/hook/ament_prefix_path.dsv'
[6.006s] colcon.colcon_core.shell INFO Creating environment hook '/home/unitree/SLAM/install/go2_mapping/share/go2_mapping/hook/ament_prefix_path.sh'
[6.032s] colcon.colcon_core.shell INFO Skip shell extension 'powershell' for command environment: Not usable outside of PowerShell
[6.032s] colcon.colcon_core.shell DEBUG Skip shell extension 'dsv' for command environment
[6.502s] colcon.colcon_core.task.python.build INFO Building Python package in '/home/unitree/SLAM/src/go2_mapping'
[6.527s] colcon.colcon_core.shell INFO Skip shell extension 'powershell' for command environment: Not usable outside of PowerShell
[6.527s] colcon.colcon_core.shell DEBUG Skip shell extension 'dsv' for command environment
[7.902s] colcon.colcon_core.event_handler.log_command DEBUG Invoking command in '/home/unitree/SLAM/build/go2_mapping': PYTHONPATH=/home/unitree/SLAM/build/go2_mapping/prefix_override:/home/unitree/SLAM/install/go2_mapping/lib/python3.8/site-packages:${PYTHONPATH} /usr/bin/python3 setup.py develop --uninstall --editable --build-directory /home/unitree/SLAM/build/go2_mapping/build
[8.955s] colcon.colcon_core.event_handler.log_command DEBUG Invoked command in '/home/unitree/SLAM/build/go2_mapping' returned '0': PYTHONPATH=/home/unitree/SLAM/build/go2_mapping/prefix_override:/home/unitree/SLAM/install/go2_mapping/lib/python3.8/site-packages:${PYTHONPATH} /usr/bin/python3 setup.py develop --uninstall --editable --build-directory /home/unitree/SLAM/build/go2_mapping/build
[8.957s] colcon.colcon_core.event_handler.log_command DEBUG Invoking command in '/home/unitree/SLAM/src/go2_mapping': PYTHONPATH=/home/unitree/SLAM/build/go2_mapping/prefix_override:/home/unitree/SLAM/install/go2_mapping/lib/python3.8/site-packages:${PYTHONPATH} /usr/bin/python3 setup.py egg_info --egg-base ../../build/go2_mapping build --build-base /home/unitree/SLAM/build/go2_mapping/build install --record /home/unitree/SLAM/build/go2_mapping/install.log --single-version-externally-managed
[10.084s] colcon.colcon_core.event_handler.log_command DEBUG Invoked command in '/home/unitree/SLAM/src/go2_mapping' returned '0': PYTHONPATH=/home/unitree/SLAM/build/go2_mapping/prefix_override:/home/unitree/SLAM/install/go2_mapping/lib/python3.8/site-packages:${PYTHONPATH} /usr/bin/python3 setup.py egg_info --egg-base ../../build/go2_mapping build --build-base /home/unitree/SLAM/build/go2_mapping/build install --record /home/unitree/SLAM/build/go2_mapping/install.log --single-version-externally-managed
[10.117s] colcon.colcon_core.environment Level 1 checking '/home/unitree/SLAM/install/go2_mapping' for CMake module files
[10.118s] colcon.colcon_core.environment Level 1 checking '/home/unitree/SLAM/install/go2_mapping' for CMake config files
[10.119s] colcon.colcon_core.environment Level 1 checking '/home/unitree/SLAM/install/go2_mapping/lib'
[10.120s] colcon.colcon_core.environment Level 1 checking '/home/unitree/SLAM/install/go2_mapping/bin'
[10.120s] colcon.colcon_core.environment Level 1 checking '/home/unitree/SLAM/install/go2_mapping/lib/pkgconfig/go2_mapping.pc'
[10.120s] colcon.colcon_core.environment Level 1 checking '/home/unitree/SLAM/install/go2_mapping/lib/python3.8/site-packages'
[10.121s] colcon.colcon_core.shell Level 1 create_environment_hook('go2_mapping', 'pythonpath')
[10.144s] colcon.colcon_core.shell INFO Creating environment hook '/home/unitree/SLAM/install/go2_mapping/share/go2_mapping/hook/pythonpath.ps1'
[10.146s] colcon.colcon_core.shell INFO Creating environment descriptor '/home/unitree/SLAM/install/go2_mapping/share/go2_mapping/hook/pythonpath.dsv'
[10.146s] colcon.colcon_core.shell INFO Creating environment hook '/home/unitree/SLAM/install/go2_mapping/share/go2_mapping/hook/pythonpath.sh'
[10.148s] colcon.colcon_core.environment Level 1 checking '/home/unitree/SLAM/install/go2_mapping/bin'
[10.148s] colcon.colcon_core.environment Level 1 create_environment_scripts_only(go2_mapping)
[10.171s] colcon.colcon_core.shell INFO Creating package script '/home/unitree/SLAM/install/go2_mapping/share/go2_mapping/package.ps1'
[10.173s] colcon.colcon_core.shell INFO Creating package descriptor '/home/unitree/SLAM/install/go2_mapping/share/go2_mapping/package.dsv'
[10.175s] colcon.colcon_core.shell INFO Creating package script '/home/unitree/SLAM/install/go2_mapping/share/go2_mapping/package.sh'
[10.176s] colcon.colcon_core.shell INFO Creating package script '/home/unitree/SLAM/install/go2_mapping/share/go2_mapping/package.bash'
[10.178s] colcon.colcon_core.shell INFO Creating package script '/home/unitree/SLAM/install/go2_mapping/share/go2_mapping/package.zsh'
[10.179s] colcon.colcon_core.environment Level 1 create_file_with_runtime_dependencies(/home/unitree/SLAM/install/go2_mapping/share/colcon-core/packages/go2_mapping)
[10.181s] colcon.colcon_parallel_executor.executor.parallel DEBUG closing loop
[10.182s] colcon.colcon_parallel_executor.executor.parallel DEBUG loop closed
[10.182s] colcon.colcon_parallel_executor.executor.parallel DEBUG run_until_complete finished with '0'
[10.182s] colcon.colcon_core.event_reactor DEBUG joining thread
[10.221s] colcon.colcon_core.plugin_system INFO Skipping extension 'colcon_notification.desktop_notification.terminal_notifier': Not used on non-Darwin systems
[10.221s] colcon.colcon_core.plugin_system INFO Skipping extension 'colcon_notification.desktop_notification.win32': Not used on non-Windows systems
[10.221s] colcon.colcon_notification.desktop_notification INFO Sending desktop notification using 'notify2'
[10.282s] colcon.colcon_notification.desktop_notification.notify2 DEBUG Failed to initialize notify2: org.freedesktop.DBus.Error.Spawn.ChildExited: Process org.freedesktop.Notifications exited with status 1
[10.283s] colcon.colcon_core.event_reactor DEBUG joined thread
[10.310s] colcon.colcon_core.shell INFO Creating prefix script '/home/unitree/SLAM/install/local_setup.ps1'
[10.312s] colcon.colcon_core.shell INFO Creating prefix util module '/home/unitree/SLAM/install/_local_setup_util_ps1.py'
[10.315s] colcon.colcon_core.shell INFO Creating prefix chain script '/home/unitree/SLAM/install/setup.ps1'
[10.339s] colcon.colcon_core.shell INFO Creating prefix script '/home/unitree/SLAM/install/local_setup.sh'
[10.340s] colcon.colcon_core.shell INFO Creating prefix util module '/home/unitree/SLAM/install/_local_setup_util_sh.py'
[10.341s] colcon.colcon_core.shell INFO Creating prefix chain script '/home/unitree/SLAM/install/setup.sh'
[10.367s] colcon.colcon_core.shell INFO Creating prefix script '/home/unitree/SLAM/install/local_setup.bash'
[10.368s] colcon.colcon_core.shell INFO Creating prefix chain script '/home/unitree/SLAM/install/setup.bash'
[10.393s] colcon.colcon_core.shell INFO Creating prefix script '/home/unitree/SLAM/install/local_setup.zsh'
[10.395s] colcon.colcon_core.shell INFO Creating prefix chain script '/home/unitree/SLAM/install/setup.zsh'
