[4.447s] DEBUG:colcon:Command line arguments: ['/usr/bin/colcon', 'build', '--packages-select', 'go2_mapping', '--symlink-install']
[4.447s] DEBUG:colcon:Parsed command line arguments: Namespace(allow_overriding=[], ament_cmake_args=None, base_paths=['.'], build_base='build', catkin_cmake_args=None, catkin_skip_building_tests=False, cmake_args=None, cmake_clean_cache=False, cmake_clean_first=False, cmake_force_configure=False, cmake_target=None, cmake_target_skip_unavailable=False, continue_on_error=False, event_handlers=None, executor='parallel', ignore_user_meta=False, install_base='install', log_base=None, log_level=None, main=<bound method BuildVerb.main of <colcon_core.verb.build.BuildVerb object at 0xffff982db4c0>>, merge_install=False, metas=['./colcon.meta'], packages_above=None, packages_above_and_dependencies=None, packages_above_depth=None, packages_end=None, packages_ignore=None, packages_ignore_regex=None, packages_select=['go2_mapping'], packages_select_build_failed=False, packages_select_by_dep=None, packages_select_regex=None, packages_select_test_failures=False, packages_skip=None, packages_skip_build_finished=False, packages_skip_by_dep=None, packages_skip_regex=None, packages_skip_test_passed=False, packages_skip_up_to=None, packages_start=None, packages_up_to=None, packages_up_to_regex=None, parallel_workers=8, paths=None, symlink_install=True, test_result_base=None, verb_extension=<colcon_core.verb.build.BuildVerb object at 0xffff982db4c0>, verb_name='build', verb_parser=<colcon_defaults.argument_parser.defaults.DefaultArgumentsDecorator object at 0xffff97eb8f10>)
[4.608s] Level 1:colcon.colcon_core.package_discovery:discover_packages(colcon_meta) check parameters
[4.608s] Level 1:colcon.colcon_core.package_discovery:discover_packages(recursive) check parameters
[4.608s] Level 1:colcon.colcon_core.package_discovery:discover_packages(ignore) check parameters
[4.608s] Level 1:colcon.colcon_core.package_discovery:discover_packages(path) check parameters
[4.608s] Level 1:colcon.colcon_core.package_discovery:discover_packages(colcon_meta) discover
[4.608s] Level 1:colcon.colcon_core.package_discovery:discover_packages(recursive) discover
[4.608s] INFO:colcon.colcon_core.package_discovery:Crawling recursively for packages in '/home/unitree/SLAM'
[4.609s] Level 1:colcon.colcon_core.package_identification:_identify(.) by extensions ['ignore', 'ignore_ament_install']
[4.609s] Level 1:colcon.colcon_core.package_identification:_identify(.) by extension 'ignore'
[4.609s] Level 1:colcon.colcon_core.package_identification:_identify(.) by extension 'ignore_ament_install'
[4.609s] Level 1:colcon.colcon_core.package_identification:_identify(.) by extensions ['colcon_pkg']
[4.609s] Level 1:colcon.colcon_core.package_identification:_identify(.) by extension 'colcon_pkg'
[4.609s] Level 1:colcon.colcon_core.package_identification:_identify(.) by extensions ['colcon_meta']
[4.609s] Level 1:colcon.colcon_core.package_identification:_identify(.) by extension 'colcon_meta'
[4.609s] Level 1:colcon.colcon_core.package_identification:_identify(.) by extensions ['ros']
[4.609s] Level 1:colcon.colcon_core.package_identification:_identify(.) by extension 'ros'
[4.655s] Level 1:colcon.colcon_core.package_identification:_identify(.) by extensions ['cmake', 'python']
[4.655s] Level 1:colcon.colcon_core.package_identification:_identify(.) by extension 'cmake'
[4.655s] Level 1:colcon.colcon_core.package_identification:_identify(.) by extension 'python'
[4.656s] Level 1:colcon.colcon_core.package_identification:_identify(.) by extensions ['python_setup_py']
[4.656s] Level 1:colcon.colcon_core.package_identification:_identify(.) by extension 'python_setup_py'
[4.656s] Level 1:colcon.colcon_core.package_identification:_identify(GO2_URDF) by extensions ['ignore', 'ignore_ament_install']
[4.656s] Level 1:colcon.colcon_core.package_identification:_identify(GO2_URDF) by extension 'ignore'
[4.656s] Level 1:colcon.colcon_core.package_identification:_identify(GO2_URDF) by extension 'ignore_ament_install'
[4.656s] Level 1:colcon.colcon_core.package_identification:_identify(GO2_URDF) by extensions ['colcon_pkg']
[4.656s] Level 1:colcon.colcon_core.package_identification:_identify(GO2_URDF) by extension 'colcon_pkg'
[4.657s] Level 1:colcon.colcon_core.package_identification:_identify(GO2_URDF) by extensions ['colcon_meta']
[4.657s] Level 1:colcon.colcon_core.package_identification:_identify(GO2_URDF) by extension 'colcon_meta'
[4.657s] Level 1:colcon.colcon_core.package_identification:_identify(GO2_URDF) by extensions ['ros']
[4.657s] Level 1:colcon.colcon_core.package_identification:_identify(GO2_URDF) by extension 'ros'
[4.662s] DEBUG:colcon.colcon_core.package_identification:Package 'GO2_URDF' with type 'ros.catkin' and name 'go2_description'
[4.662s] Level 1:colcon.colcon_core.package_identification:_identify(build) by extensions ['ignore', 'ignore_ament_install']
[4.662s] Level 1:colcon.colcon_core.package_identification:_identify(build) by extension 'ignore'
[4.662s] Level 1:colcon.colcon_core.package_identification:_identify(build) ignored
[4.663s] Level 1:colcon.colcon_core.package_identification:_identify(install) by extensions ['ignore', 'ignore_ament_install']
[4.663s] Level 1:colcon.colcon_core.package_identification:_identify(install) by extension 'ignore'
[4.663s] Level 1:colcon.colcon_core.package_identification:_identify(install) ignored
[4.663s] Level 1:colcon.colcon_core.package_identification:_identify(log) by extensions ['ignore', 'ignore_ament_install']
[4.663s] Level 1:colcon.colcon_core.package_identification:_identify(log) by extension 'ignore'
[4.663s] Level 1:colcon.colcon_core.package_identification:_identify(log) ignored
[4.664s] Level 1:colcon.colcon_core.package_identification:_identify(maps) by extensions ['ignore', 'ignore_ament_install']
[4.664s] Level 1:colcon.colcon_core.package_identification:_identify(maps) by extension 'ignore'
[4.664s] Level 1:colcon.colcon_core.package_identification:_identify(maps) by extension 'ignore_ament_install'
[4.664s] Level 1:colcon.colcon_core.package_identification:_identify(maps) by extensions ['colcon_pkg']
[4.664s] Level 1:colcon.colcon_core.package_identification:_identify(maps) by extension 'colcon_pkg'
[4.664s] Level 1:colcon.colcon_core.package_identification:_identify(maps) by extensions ['colcon_meta']
[4.664s] Level 1:colcon.colcon_core.package_identification:_identify(maps) by extension 'colcon_meta'
[4.664s] Level 1:colcon.colcon_core.package_identification:_identify(maps) by extensions ['ros']
[4.664s] Level 1:colcon.colcon_core.package_identification:_identify(maps) by extension 'ros'
[4.664s] Level 1:colcon.colcon_core.package_identification:_identify(maps) by extensions ['cmake', 'python']
[4.665s] Level 1:colcon.colcon_core.package_identification:_identify(maps) by extension 'cmake'
[4.665s] Level 1:colcon.colcon_core.package_identification:_identify(maps) by extension 'python'
[4.665s] Level 1:colcon.colcon_core.package_identification:_identify(maps) by extensions ['python_setup_py']
[4.665s] Level 1:colcon.colcon_core.package_identification:_identify(maps) by extension 'python_setup_py'
[4.665s] Level 1:colcon.colcon_core.package_identification:_identify(noneed) by extensions ['ignore', 'ignore_ament_install']
[4.665s] Level 1:colcon.colcon_core.package_identification:_identify(noneed) by extension 'ignore'
[4.665s] Level 1:colcon.colcon_core.package_identification:_identify(noneed) by extension 'ignore_ament_install'
[4.665s] Level 1:colcon.colcon_core.package_identification:_identify(noneed) by extensions ['colcon_pkg']
[4.665s] Level 1:colcon.colcon_core.package_identification:_identify(noneed) by extension 'colcon_pkg'
[4.665s] Level 1:colcon.colcon_core.package_identification:_identify(noneed) by extensions ['colcon_meta']
[4.665s] Level 1:colcon.colcon_core.package_identification:_identify(noneed) by extension 'colcon_meta'
[4.665s] Level 1:colcon.colcon_core.package_identification:_identify(noneed) by extensions ['ros']
[4.666s] Level 1:colcon.colcon_core.package_identification:_identify(noneed) by extension 'ros'
[4.666s] Level 1:colcon.colcon_core.package_identification:_identify(noneed) by extensions ['cmake', 'python']
[4.666s] Level 1:colcon.colcon_core.package_identification:_identify(noneed) by extension 'cmake'
[4.666s] Level 1:colcon.colcon_core.package_identification:_identify(noneed) by extension 'python'
[4.666s] Level 1:colcon.colcon_core.package_identification:_identify(noneed) by extensions ['python_setup_py']
[4.666s] Level 1:colcon.colcon_core.package_identification:_identify(noneed) by extension 'python_setup_py'
[4.666s] Level 1:colcon.colcon_core.package_identification:_identify(rviz) by extensions ['ignore', 'ignore_ament_install']
[4.666s] Level 1:colcon.colcon_core.package_identification:_identify(rviz) by extension 'ignore'
[4.666s] Level 1:colcon.colcon_core.package_identification:_identify(rviz) by extension 'ignore_ament_install'
[4.666s] Level 1:colcon.colcon_core.package_identification:_identify(rviz) by extensions ['colcon_pkg']
[4.667s] Level 1:colcon.colcon_core.package_identification:_identify(rviz) by extension 'colcon_pkg'
[4.667s] Level 1:colcon.colcon_core.package_identification:_identify(rviz) by extensions ['colcon_meta']
[4.667s] Level 1:colcon.colcon_core.package_identification:_identify(rviz) by extension 'colcon_meta'
[4.667s] Level 1:colcon.colcon_core.package_identification:_identify(rviz) by extensions ['ros']
[4.667s] Level 1:colcon.colcon_core.package_identification:_identify(rviz) by extension 'ros'
[4.667s] Level 1:colcon.colcon_core.package_identification:_identify(rviz) by extensions ['cmake', 'python']
[4.667s] Level 1:colcon.colcon_core.package_identification:_identify(rviz) by extension 'cmake'
[4.667s] Level 1:colcon.colcon_core.package_identification:_identify(rviz) by extension 'python'
[4.667s] Level 1:colcon.colcon_core.package_identification:_identify(rviz) by extensions ['python_setup_py']
[4.667s] Level 1:colcon.colcon_core.package_identification:_identify(rviz) by extension 'python_setup_py'
[4.667s] Level 1:colcon.colcon_core.package_identification:_identify(rviz/__pycache__) by extensions ['ignore', 'ignore_ament_install']
[4.667s] Level 1:colcon.colcon_core.package_identification:_identify(rviz/__pycache__) by extension 'ignore'
[4.668s] Level 1:colcon.colcon_core.package_identification:_identify(rviz/__pycache__) by extension 'ignore_ament_install'
[4.668s] Level 1:colcon.colcon_core.package_identification:_identify(rviz/__pycache__) by extensions ['colcon_pkg']
[4.668s] Level 1:colcon.colcon_core.package_identification:_identify(rviz/__pycache__) by extension 'colcon_pkg'
[4.668s] Level 1:colcon.colcon_core.package_identification:_identify(rviz/__pycache__) by extensions ['colcon_meta']
[4.668s] Level 1:colcon.colcon_core.package_identification:_identify(rviz/__pycache__) by extension 'colcon_meta'
[4.668s] Level 1:colcon.colcon_core.package_identification:_identify(rviz/__pycache__) by extensions ['ros']
[4.668s] Level 1:colcon.colcon_core.package_identification:_identify(rviz/__pycache__) by extension 'ros'
[4.668s] Level 1:colcon.colcon_core.package_identification:_identify(rviz/__pycache__) by extensions ['cmake', 'python']
[4.668s] Level 1:colcon.colcon_core.package_identification:_identify(rviz/__pycache__) by extension 'cmake'
[4.668s] Level 1:colcon.colcon_core.package_identification:_identify(rviz/__pycache__) by extension 'python'
[4.668s] Level 1:colcon.colcon_core.package_identification:_identify(rviz/__pycache__) by extensions ['python_setup_py']
[4.668s] Level 1:colcon.colcon_core.package_identification:_identify(rviz/__pycache__) by extension 'python_setup_py'
[4.669s] Level 1:colcon.colcon_core.package_identification:_identify(src) by extensions ['ignore', 'ignore_ament_install']
[4.669s] Level 1:colcon.colcon_core.package_identification:_identify(src) by extension 'ignore'
[4.669s] Level 1:colcon.colcon_core.package_identification:_identify(src) by extension 'ignore_ament_install'
[4.669s] Level 1:colcon.colcon_core.package_identification:_identify(src) by extensions ['colcon_pkg']
[4.669s] Level 1:colcon.colcon_core.package_identification:_identify(src) by extension 'colcon_pkg'
[4.669s] Level 1:colcon.colcon_core.package_identification:_identify(src) by extensions ['colcon_meta']
[4.669s] Level 1:colcon.colcon_core.package_identification:_identify(src) by extension 'colcon_meta'
[4.669s] Level 1:colcon.colcon_core.package_identification:_identify(src) by extensions ['ros']
[4.669s] Level 1:colcon.colcon_core.package_identification:_identify(src) by extension 'ros'
[4.669s] Level 1:colcon.colcon_core.package_identification:_identify(src) by extensions ['cmake', 'python']
[4.669s] Level 1:colcon.colcon_core.package_identification:_identify(src) by extension 'cmake'
[4.669s] Level 1:colcon.colcon_core.package_identification:_identify(src) by extension 'python'
[4.670s] Level 1:colcon.colcon_core.package_identification:_identify(src) by extensions ['python_setup_py']
[4.670s] Level 1:colcon.colcon_core.package_identification:_identify(src) by extension 'python_setup_py'
[4.670s] Level 1:colcon.colcon_core.package_identification:_identify(src/go2_mapping) by extensions ['ignore', 'ignore_ament_install']
[4.670s] Level 1:colcon.colcon_core.package_identification:_identify(src/go2_mapping) by extension 'ignore'
[4.670s] Level 1:colcon.colcon_core.package_identification:_identify(src/go2_mapping) by extension 'ignore_ament_install'
[4.670s] Level 1:colcon.colcon_core.package_identification:_identify(src/go2_mapping) by extensions ['colcon_pkg']
[4.670s] Level 1:colcon.colcon_core.package_identification:_identify(src/go2_mapping) by extension 'colcon_pkg'
[4.670s] Level 1:colcon.colcon_core.package_identification:_identify(src/go2_mapping) by extensions ['colcon_meta']
[4.670s] Level 1:colcon.colcon_core.package_identification:_identify(src/go2_mapping) by extension 'colcon_meta'
[4.670s] Level 1:colcon.colcon_core.package_identification:_identify(src/go2_mapping) by extensions ['ros']
[4.670s] Level 1:colcon.colcon_core.package_identification:_identify(src/go2_mapping) by extension 'ros'
[4.672s] DEBUG:colcon.colcon_core.package_identification:Package 'src/go2_mapping' with type 'ros.ament_python' and name 'go2_mapping'
[4.672s] Level 1:colcon.colcon_core.package_identification:_identify(xt16_ws) by extensions ['ignore', 'ignore_ament_install']
[4.672s] Level 1:colcon.colcon_core.package_identification:_identify(xt16_ws) by extension 'ignore'
[4.672s] Level 1:colcon.colcon_core.package_identification:_identify(xt16_ws) by extension 'ignore_ament_install'
[4.673s] Level 1:colcon.colcon_core.package_identification:_identify(xt16_ws) by extensions ['colcon_pkg']
[4.673s] Level 1:colcon.colcon_core.package_identification:_identify(xt16_ws) by extension 'colcon_pkg'
[4.673s] Level 1:colcon.colcon_core.package_identification:_identify(xt16_ws) by extensions ['colcon_meta']
[4.673s] Level 1:colcon.colcon_core.package_identification:_identify(xt16_ws) by extension 'colcon_meta'
[4.673s] Level 1:colcon.colcon_core.package_identification:_identify(xt16_ws) by extensions ['ros']
[4.673s] Level 1:colcon.colcon_core.package_identification:_identify(xt16_ws) by extension 'ros'
[4.673s] Level 1:colcon.colcon_core.package_identification:_identify(xt16_ws) by extensions ['cmake', 'python']
[4.673s] Level 1:colcon.colcon_core.package_identification:_identify(xt16_ws) by extension 'cmake'
[4.673s] Level 1:colcon.colcon_core.package_identification:_identify(xt16_ws) by extension 'python'
[4.673s] Level 1:colcon.colcon_core.package_identification:_identify(xt16_ws) by extensions ['python_setup_py']
[4.673s] Level 1:colcon.colcon_core.package_identification:_identify(xt16_ws) by extension 'python_setup_py'
[4.673s] Level 1:colcon.colcon_core.package_identification:_identify(xt16_ws/build) by extensions ['ignore', 'ignore_ament_install']
[4.674s] Level 1:colcon.colcon_core.package_identification:_identify(xt16_ws/build) by extension 'ignore'
[4.674s] Level 1:colcon.colcon_core.package_identification:_identify(xt16_ws/build) ignored
[4.674s] Level 1:colcon.colcon_core.package_identification:_identify(xt16_ws/install) by extensions ['ignore', 'ignore_ament_install']
[4.674s] Level 1:colcon.colcon_core.package_identification:_identify(xt16_ws/install) by extension 'ignore'
[4.674s] Level 1:colcon.colcon_core.package_identification:_identify(xt16_ws/install) ignored
[4.674s] Level 1:colcon.colcon_core.package_identification:_identify(xt16_ws/log) by extensions ['ignore', 'ignore_ament_install']
[4.674s] Level 1:colcon.colcon_core.package_identification:_identify(xt16_ws/log) by extension 'ignore'
[4.674s] Level 1:colcon.colcon_core.package_identification:_identify(xt16_ws/log) ignored
[4.675s] Level 1:colcon.colcon_core.package_identification:_identify(xt16_ws/src) by extensions ['ignore', 'ignore_ament_install']
[4.675s] Level 1:colcon.colcon_core.package_identification:_identify(xt16_ws/src) by extension 'ignore'
[4.675s] Level 1:colcon.colcon_core.package_identification:_identify(xt16_ws/src) by extension 'ignore_ament_install'
[4.675s] Level 1:colcon.colcon_core.package_identification:_identify(xt16_ws/src) by extensions ['colcon_pkg']
[4.675s] Level 1:colcon.colcon_core.package_identification:_identify(xt16_ws/src) by extension 'colcon_pkg'
[4.675s] Level 1:colcon.colcon_core.package_identification:_identify(xt16_ws/src) by extensions ['colcon_meta']
[4.675s] Level 1:colcon.colcon_core.package_identification:_identify(xt16_ws/src) by extension 'colcon_meta'
[4.675s] Level 1:colcon.colcon_core.package_identification:_identify(xt16_ws/src) by extensions ['ros']
[4.675s] Level 1:colcon.colcon_core.package_identification:_identify(xt16_ws/src) by extension 'ros'
[4.675s] Level 1:colcon.colcon_core.package_identification:_identify(xt16_ws/src) by extensions ['cmake', 'python']
[4.676s] Level 1:colcon.colcon_core.package_identification:_identify(xt16_ws/src) by extension 'cmake'
[4.676s] Level 1:colcon.colcon_core.package_identification:_identify(xt16_ws/src) by extension 'python'
[4.676s] Level 1:colcon.colcon_core.package_identification:_identify(xt16_ws/src) by extensions ['python_setup_py']
[4.676s] Level 1:colcon.colcon_core.package_identification:_identify(xt16_ws/src) by extension 'python_setup_py'
[4.676s] Level 1:colcon.colcon_core.package_identification:_identify(xt16_ws/src/HesaiLidar_ROS_2.0) by extensions ['ignore', 'ignore_ament_install']
[4.676s] Level 1:colcon.colcon_core.package_identification:_identify(xt16_ws/src/HesaiLidar_ROS_2.0) by extension 'ignore'
[4.676s] Level 1:colcon.colcon_core.package_identification:_identify(xt16_ws/src/HesaiLidar_ROS_2.0) by extension 'ignore_ament_install'
[4.676s] Level 1:colcon.colcon_core.package_identification:_identify(xt16_ws/src/HesaiLidar_ROS_2.0) by extensions ['colcon_pkg']
[4.677s] Level 1:colcon.colcon_core.package_identification:_identify(xt16_ws/src/HesaiLidar_ROS_2.0) by extension 'colcon_pkg'
[4.677s] Level 1:colcon.colcon_core.package_identification:_identify(xt16_ws/src/HesaiLidar_ROS_2.0) by extensions ['colcon_meta']
[4.677s] Level 1:colcon.colcon_core.package_identification:_identify(xt16_ws/src/HesaiLidar_ROS_2.0) by extension 'colcon_meta'
[4.677s] Level 1:colcon.colcon_core.package_identification:_identify(xt16_ws/src/HesaiLidar_ROS_2.0) by extensions ['ros']
[4.677s] Level 1:colcon.colcon_core.package_identification:_identify(xt16_ws/src/HesaiLidar_ROS_2.0) by extension 'ros'
[4.694s] DEBUG:colcon.colcon_core.package_identification:Package 'xt16_ws/src/HesaiLidar_ROS_2.0' with type 'ros.ament_cmake' and name 'hesai_ros_driver'
[4.694s] Level 1:colcon.colcon_core.package_discovery:discover_packages(recursive) using defaults
[4.694s] Level 1:colcon.colcon_core.package_discovery:discover_packages(ignore) discover
[4.694s] Level 1:colcon.colcon_core.package_discovery:discover_packages(ignore) using defaults
[4.694s] Level 1:colcon.colcon_core.package_discovery:discover_packages(path) discover
[4.695s] Level 1:colcon.colcon_core.package_discovery:discover_packages(path) using defaults
[4.796s] INFO:colcon.colcon_core.package_selection:Skipping not selected package 'go2_description' in 'GO2_URDF'
[4.796s] INFO:colcon.colcon_core.package_selection:Skipping not selected package 'hesai_ros_driver' in 'xt16_ws/src/HesaiLidar_ROS_2.0'
[4.839s] Level 1:colcon.colcon_core.package_discovery:discover_packages(prefix_path) check parameters
[4.839s] Level 1:colcon.colcon_core.package_discovery:discover_packages(prefix_path) discover
[4.886s] DEBUG:colcon.colcon_installed_package_information.package_discovery:Found 304 installed packages in /opt/ros/foxy
[4.888s] Level 1:colcon.colcon_core.package_discovery:discover_packages(prefix_path) using defaults
[5.018s] Level 5:colcon.colcon_core.verb:set package 'go2_mapping' build argument 'cmake_args' from command line to 'None'
[5.018s] Level 5:colcon.colcon_core.verb:set package 'go2_mapping' build argument 'cmake_target' from command line to 'None'
[5.018s] Level 5:colcon.colcon_core.verb:set package 'go2_mapping' build argument 'cmake_target_skip_unavailable' from command line to 'False'
[5.018s] Level 5:colcon.colcon_core.verb:set package 'go2_mapping' build argument 'cmake_clean_cache' from command line to 'False'
[5.018s] Level 5:colcon.colcon_core.verb:set package 'go2_mapping' build argument 'cmake_clean_first' from command line to 'False'
[5.018s] Level 5:colcon.colcon_core.verb:set package 'go2_mapping' build argument 'cmake_force_configure' from command line to 'False'
[5.019s] Level 5:colcon.colcon_core.verb:set package 'go2_mapping' build argument 'ament_cmake_args' from command line to 'None'
[5.019s] Level 5:colcon.colcon_core.verb:set package 'go2_mapping' build argument 'catkin_cmake_args' from command line to 'None'
[5.019s] Level 5:colcon.colcon_core.verb:set package 'go2_mapping' build argument 'catkin_skip_building_tests' from command line to 'False'
[5.019s] DEBUG:colcon.colcon_core.verb:Building package 'go2_mapping' with the following arguments: {'ament_cmake_args': None, 'build_base': '/home/unitree/SLAM/build/go2_mapping', 'catkin_cmake_args': None, 'catkin_skip_building_tests': False, 'cmake_args': None, 'cmake_clean_cache': False, 'cmake_clean_first': False, 'cmake_force_configure': False, 'cmake_target': None, 'cmake_target_skip_unavailable': False, 'install_base': '/home/unitree/SLAM/install/go2_mapping', 'merge_install': False, 'path': '/home/unitree/SLAM/src/go2_mapping', 'symlink_install': True, 'test_result_base': None}
[5.039s] INFO:colcon.colcon_core.executor:Executing jobs using 'parallel' executor
[5.062s] DEBUG:colcon.colcon_parallel_executor.executor.parallel:run_until_complete
[5.063s] INFO:colcon.colcon_ros.task.ament_python.build:Building ROS package in '/home/unitree/SLAM/src/go2_mapping' with build type 'ament_python'
[5.063s] Level 1:colcon.colcon_core.shell:create_environment_hook('go2_mapping', 'ament_prefix_path')
[5.090s] INFO:colcon.colcon_core.plugin_system:Skipping extension 'colcon_core.shell.bat': Not used on non-Windows systems
[5.090s] INFO:colcon.colcon_core.shell:Creating environment hook '/home/unitree/SLAM/install/go2_mapping/share/go2_mapping/hook/ament_prefix_path.ps1'
[5.092s] INFO:colcon.colcon_core.shell:Creating environment descriptor '/home/unitree/SLAM/install/go2_mapping/share/go2_mapping/hook/ament_prefix_path.dsv'
[5.093s] INFO:colcon.colcon_core.shell:Creating environment hook '/home/unitree/SLAM/install/go2_mapping/share/go2_mapping/hook/ament_prefix_path.sh'
[5.115s] INFO:colcon.colcon_core.shell:Skip shell extension 'powershell' for command environment: Not usable outside of PowerShell
[5.115s] DEBUG:colcon.colcon_core.shell:Skip shell extension 'dsv' for command environment
[5.528s] INFO:colcon.colcon_core.task.python.build:Building Python package in '/home/unitree/SLAM/src/go2_mapping'
[5.551s] INFO:colcon.colcon_core.shell:Skip shell extension 'powershell' for command environment: Not usable outside of PowerShell
[5.551s] DEBUG:colcon.colcon_core.shell:Skip shell extension 'dsv' for command environment
[6.920s] DEBUG:colcon.colcon_core.event_handler.log_command:Invoking command in '/home/unitree/SLAM/build/go2_mapping': PYTHONPATH=/home/unitree/SLAM/build/go2_mapping/prefix_override:/home/unitree/SLAM/install/go2_mapping/lib/python3.8/site-packages:${PYTHONPATH} /usr/bin/python3 setup.py develop --editable --build-directory /home/unitree/SLAM/build/go2_mapping/build --no-deps install_data
[8.134s] Level 1:colcon.colcon_core.shell:create_environment_hook('go2_mapping', 'pythonpath_develop')
[8.135s] DEBUG:colcon.colcon_core.event_handler.log_command:Invoked command in '/home/unitree/SLAM/build/go2_mapping' returned '0': PYTHONPATH=/home/unitree/SLAM/build/go2_mapping/prefix_override:/home/unitree/SLAM/install/go2_mapping/lib/python3.8/site-packages:${PYTHONPATH} /usr/bin/python3 setup.py develop --editable --build-directory /home/unitree/SLAM/build/go2_mapping/build --no-deps install_data
[8.181s] INFO:colcon.colcon_core.shell:Creating environment hook '/home/unitree/SLAM/build/go2_mapping/share/go2_mapping/hook/pythonpath_develop.ps1'
[8.183s] INFO:colcon.colcon_core.shell:Creating environment descriptor '/home/unitree/SLAM/build/go2_mapping/share/go2_mapping/hook/pythonpath_develop.dsv'
[8.184s] INFO:colcon.colcon_core.shell:Creating environment hook '/home/unitree/SLAM/build/go2_mapping/share/go2_mapping/hook/pythonpath_develop.sh'
[8.218s] Level 1:colcon.colcon_core.environment:checking '/home/unitree/SLAM/install/go2_mapping' for CMake module files
[8.219s] Level 1:colcon.colcon_core.environment:checking '/home/unitree/SLAM/install/go2_mapping' for CMake config files
[8.221s] Level 1:colcon.colcon_core.environment:checking '/home/unitree/SLAM/install/go2_mapping/lib'
[8.221s] Level 1:colcon.colcon_core.environment:checking '/home/unitree/SLAM/install/go2_mapping/bin'
[8.221s] Level 1:colcon.colcon_core.environment:checking '/home/unitree/SLAM/install/go2_mapping/lib/pkgconfig/go2_mapping.pc'
[8.222s] Level 1:colcon.colcon_core.environment:checking '/home/unitree/SLAM/install/go2_mapping/lib/python3.8/site-packages'
[8.222s] Level 1:colcon.colcon_core.shell:create_environment_hook('go2_mapping', 'pythonpath')
[8.243s] INFO:colcon.colcon_core.shell:Creating environment hook '/home/unitree/SLAM/install/go2_mapping/share/go2_mapping/hook/pythonpath.ps1'
[8.244s] INFO:colcon.colcon_core.shell:Creating environment descriptor '/home/unitree/SLAM/install/go2_mapping/share/go2_mapping/hook/pythonpath.dsv'
[8.245s] INFO:colcon.colcon_core.shell:Creating environment hook '/home/unitree/SLAM/install/go2_mapping/share/go2_mapping/hook/pythonpath.sh'
[8.246s] Level 1:colcon.colcon_core.environment:checking '/home/unitree/SLAM/install/go2_mapping/bin'
[8.246s] Level 1:colcon.colcon_core.environment:create_environment_scripts_only(go2_mapping)
[8.267s] INFO:colcon.colcon_core.shell:Creating package script '/home/unitree/SLAM/install/go2_mapping/share/go2_mapping/package.ps1'
[8.269s] INFO:colcon.colcon_core.shell:Creating package descriptor '/home/unitree/SLAM/install/go2_mapping/share/go2_mapping/package.dsv'
[8.270s] INFO:colcon.colcon_core.shell:Creating package script '/home/unitree/SLAM/install/go2_mapping/share/go2_mapping/package.sh'
[8.271s] INFO:colcon.colcon_core.shell:Creating package script '/home/unitree/SLAM/install/go2_mapping/share/go2_mapping/package.bash'
[8.273s] INFO:colcon.colcon_core.shell:Creating package script '/home/unitree/SLAM/install/go2_mapping/share/go2_mapping/package.zsh'
[8.274s] Level 1:colcon.colcon_core.environment:create_file_with_runtime_dependencies(/home/unitree/SLAM/install/go2_mapping/share/colcon-core/packages/go2_mapping)
[8.275s] DEBUG:colcon.colcon_parallel_executor.executor.parallel:closing loop
[8.275s] DEBUG:colcon.colcon_parallel_executor.executor.parallel:loop closed
[8.275s] DEBUG:colcon.colcon_parallel_executor.executor.parallel:run_until_complete finished with '0'
[8.275s] DEBUG:colcon.colcon_core.event_reactor:joining thread
[8.306s] INFO:colcon.colcon_core.plugin_system:Skipping extension 'colcon_notification.desktop_notification.terminal_notifier': Not used on non-Darwin systems
[8.307s] INFO:colcon.colcon_core.plugin_system:Skipping extension 'colcon_notification.desktop_notification.win32': Not used on non-Windows systems
[8.307s] INFO:colcon.colcon_notification.desktop_notification:Sending desktop notification using 'notify2'
[8.328s] DEBUG:colcon.colcon_notification.desktop_notification.notify2:Failed to initialize notify2: org.freedesktop.DBus.Error.Spawn.ChildExited: Process org.freedesktop.Notifications exited with status 1
[8.329s] DEBUG:colcon.colcon_core.event_reactor:joined thread
[8.351s] INFO:colcon.colcon_core.shell:Creating prefix script '/home/unitree/SLAM/install/local_setup.ps1'
[8.352s] INFO:colcon.colcon_core.shell:Creating prefix util module '/home/unitree/SLAM/install/_local_setup_util_ps1.py'
[8.355s] INFO:colcon.colcon_core.shell:Creating prefix chain script '/home/unitree/SLAM/install/setup.ps1'
[8.377s] INFO:colcon.colcon_core.shell:Creating prefix script '/home/unitree/SLAM/install/local_setup.sh'
[8.378s] INFO:colcon.colcon_core.shell:Creating prefix util module '/home/unitree/SLAM/install/_local_setup_util_sh.py'
[8.379s] INFO:colcon.colcon_core.shell:Creating prefix chain script '/home/unitree/SLAM/install/setup.sh'
[8.402s] INFO:colcon.colcon_core.shell:Creating prefix script '/home/unitree/SLAM/install/local_setup.bash'
[8.403s] INFO:colcon.colcon_core.shell:Creating prefix chain script '/home/unitree/SLAM/install/setup.bash'
[8.424s] INFO:colcon.colcon_core.shell:Creating prefix script '/home/unitree/SLAM/install/local_setup.zsh'
[8.425s] INFO:colcon.colcon_core.shell:Creating prefix chain script '/home/unitree/SLAM/install/setup.zsh'
