running egg_info
writing ../../build/go2_mapping/go2_mapping.egg-info/PKG-INFO
writing dependency_links to ../../build/go2_mapping/go2_mapping.egg-info/dependency_links.txt
writing entry points to ../../build/go2_mapping/go2_mapping.egg-info/entry_points.txt
writing requirements to ../../build/go2_mapping/go2_mapping.egg-info/requires.txt
writing top-level names to ../../build/go2_mapping/go2_mapping.egg-info/top_level.txt
reading manifest file '../../build/go2_mapping/go2_mapping.egg-info/SOURCES.txt'
writing manifest file '../../build/go2_mapping/go2_mapping.egg-info/SOURCES.txt'
running build
running build_py
running build_scripts
creating /home/unitree/odom/build/go2_mapping/build/scripts-3.8
copying and adjusting scripts/save_map.py -> /home/unitree/odom/build/go2_mapping/build/scripts-3.8
changing mode of /home/unitree/odom/build/go2_mapping/build/scripts-3.8/save_map.py from 664 to 775
running install
running install_lib
running install_data
copying launch/go2_mapping.launch.py -> /home/unitree/odom/install/go2_mapping/share/go2_mapping/launch
copying launch/go2_navigation.launch.py -> /home/unitree/odom/install/go2_mapping/share/go2_mapping/launch
copying launch/go2_bridge.launch.py -> /home/unitree/odom/install/go2_mapping/share/go2_mapping/launch
copying config/pointcloud_to_laserscan.yaml -> /home/unitree/odom/install/go2_mapping/share/go2_mapping/config
copying config/slam_params.yaml -> /home/unitree/odom/install/go2_mapping/share/go2_mapping/config
running install_egg_info
removing '/home/unitree/odom/install/go2_mapping/lib/python3.8/site-packages/go2_mapping-1.0.0-py3.8.egg-info' (and everything under it)
Copying ../../build/go2_mapping/go2_mapping.egg-info to /home/unitree/odom/install/go2_mapping/lib/python3.8/site-packages/go2_mapping-1.0.0-py3.8.egg-info
running install_scripts
copying /home/unitree/odom/build/go2_mapping/build/scripts-3.8/save_map.py -> /home/unitree/odom/install/go2_mapping/lib/go2_mapping
changing mode of /home/unitree/odom/install/go2_mapping/lib/go2_mapping/save_map.py to 775
Installing odom_to_tf script to /home/unitree/odom/install/go2_mapping/lib/go2_mapping
writing list of installed files to '/home/unitree/odom/build/go2_mapping/install.log'
