[2.383s] Invoking command in '/home/unitree/odom/src/go2_mapping': PYTHONPATH=/home/unitree/odom/build/go2_mapping/prefix_override:/home/unitree/odom/install/go2_mapping/lib/python3.8/site-packages:${PYTHONPATH} /usr/bin/python3 setup.py egg_info --egg-base ../../build/go2_mapping build --build-base /home/unitree/odom/build/go2_mapping/build install --record /home/unitree/odom/build/go2_mapping/install.log --single-version-externally-managed
[2.939s] running egg_info
[2.942s] writing ../../build/go2_mapping/go2_mapping.egg-info/PKG-INFO
[2.942s] writing dependency_links to ../../build/go2_mapping/go2_mapping.egg-info/dependency_links.txt
[2.943s] writing entry points to ../../build/go2_mapping/go2_mapping.egg-info/entry_points.txt
[2.943s] writing requirements to ../../build/go2_mapping/go2_mapping.egg-info/requires.txt
[2.944s] writing top-level names to ../../build/go2_mapping/go2_mapping.egg-info/top_level.txt
[3.006s] reading manifest file '../../build/go2_mapping/go2_mapping.egg-info/SOURCES.txt'
[3.008s] writing manifest file '../../build/go2_mapping/go2_mapping.egg-info/SOURCES.txt'
[3.008s] running build
[3.009s] running build_py
[3.009s] copying go2_mapping/goal_pose_relay.py -> /home/unitree/odom/build/go2_mapping/build/lib/go2_mapping
[3.010s] running build_scripts
[3.010s] running install
[3.011s] running install_lib
[3.014s] copying /home/unitree/odom/build/go2_mapping/build/lib/go2_mapping/goal_pose_relay.py -> /home/unitree/odom/install/go2_mapping/lib/python3.8/site-packages/go2_mapping
[3.014s] byte-compiling /home/unitree/odom/install/go2_mapping/lib/python3.8/site-packages/go2_mapping/goal_pose_relay.py to goal_pose_relay.cpython-38.pyc
[3.017s] running install_data
[3.018s] copying launch/go2_navigation.launch.py -> /home/unitree/odom/install/go2_mapping/share/go2_mapping/launch
[3.019s] running install_egg_info
[3.022s] removing '/home/unitree/odom/install/go2_mapping/lib/python3.8/site-packages/go2_mapping-1.0.0-py3.8.egg-info' (and everything under it)
[3.023s] Copying ../../build/go2_mapping/go2_mapping.egg-info to /home/unitree/odom/install/go2_mapping/lib/python3.8/site-packages/go2_mapping-1.0.0-py3.8.egg-info
[3.025s] running install_scripts
[3.056s] changing mode of /home/unitree/odom/install/go2_mapping/lib/go2_mapping/save_map.py to 775
[3.059s] Installing goal_pose_relay script to /home/unitree/odom/install/go2_mapping/lib/go2_mapping
[3.060s] Installing odom_to_tf script to /home/unitree/odom/install/go2_mapping/lib/go2_mapping
[3.060s] writing list of installed files to '/home/unitree/odom/build/go2_mapping/install.log'
[3.121s] Invoked command in '/home/unitree/odom/src/go2_mapping' returned '0': PYTHONPATH=/home/unitree/odom/build/go2_mapping/prefix_override:/home/unitree/odom/install/go2_mapping/lib/python3.8/site-packages:${PYTHONPATH} /usr/bin/python3 setup.py egg_info --egg-base ../../build/go2_mapping build --build-base /home/unitree/odom/build/go2_mapping/build install --record /home/unitree/odom/build/go2_mapping/install.log --single-version-externally-managed
