[2.131s] Invoking command in '/home/unitree/odom/build/go2_mapping': PYTHONPATH=/home/unitree/odom/build/go2_mapping/prefix_override:/home/unitree/odom/install/go2_mapping/lib/python3.8/site-packages:${PYTHONPATH} /usr/bin/python3 setup.py develop --uninstall --editable --build-directory /home/unitree/odom/build/go2_mapping/build
[2.587s] running develop
[2.865s] Removing /home/unitree/odom/install/go2_mapping/lib/python3.8/site-packages/go2-mapping.egg-link (link to .)
[2.922s] Invoked command in '/home/unitree/odom/build/go2_mapping' returned '0': PYTHONPATH=/home/unitree/odom/build/go2_mapping/prefix_override:/home/unitree/odom/install/go2_mapping/lib/python3.8/site-packages:${PYTHONPATH} /usr/bin/python3 setup.py develop --uninstall --editable --build-directory /home/unitree/odom/build/go2_mapping/build
[2.931s] Invoking command in '/home/unitree/odom/src/go2_mapping': PYTHONPATH=/home/unitree/odom/build/go2_mapping/prefix_override:/home/unitree/odom/install/go2_mapping/lib/python3.8/site-packages:${PYTHONPATH} /usr/bin/python3 setup.py egg_info --egg-base ../../build/go2_mapping build --build-base /home/unitree/odom/build/go2_mapping/build install --record /home/unitree/odom/build/go2_mapping/install.log --single-version-externally-managed
[3.347s] running egg_info
[3.348s] writing ../../build/go2_mapping/go2_mapping.egg-info/PKG-INFO
[3.349s] writing dependency_links to ../../build/go2_mapping/go2_mapping.egg-info/dependency_links.txt
[3.349s] writing entry points to ../../build/go2_mapping/go2_mapping.egg-info/entry_points.txt
[3.349s] writing requirements to ../../build/go2_mapping/go2_mapping.egg-info/requires.txt
[3.349s] writing top-level names to ../../build/go2_mapping/go2_mapping.egg-info/top_level.txt
[3.411s] reading manifest file '../../build/go2_mapping/go2_mapping.egg-info/SOURCES.txt'
[3.413s] writing manifest file '../../build/go2_mapping/go2_mapping.egg-info/SOURCES.txt'
[3.413s] running build
[3.413s] running build_py
[3.414s] creating /home/unitree/odom/build/go2_mapping/build
[3.414s] creating /home/unitree/odom/build/go2_mapping/build/lib
[3.414s] creating /home/unitree/odom/build/go2_mapping/build/lib/go2_mapping
[3.414s] copying go2_mapping/__init__.py -> /home/unitree/odom/build/go2_mapping/build/lib/go2_mapping
[3.414s] copying go2_mapping/odom_to_tf.py -> /home/unitree/odom/build/go2_mapping/build/lib/go2_mapping
[3.415s] running install
[3.416s] running install_lib
[3.418s] creating /home/unitree/odom/install/go2_mapping/lib/python3.8/site-packages/go2_mapping
[3.418s] copying /home/unitree/odom/build/go2_mapping/build/lib/go2_mapping/__init__.py -> /home/unitree/odom/install/go2_mapping/lib/python3.8/site-packages/go2_mapping
[3.419s] copying /home/unitree/odom/build/go2_mapping/build/lib/go2_mapping/odom_to_tf.py -> /home/unitree/odom/install/go2_mapping/lib/python3.8/site-packages/go2_mapping
[3.420s] byte-compiling /home/unitree/odom/install/go2_mapping/lib/python3.8/site-packages/go2_mapping/__init__.py to __init__.cpython-38.pyc
[3.422s] byte-compiling /home/unitree/odom/install/go2_mapping/lib/python3.8/site-packages/go2_mapping/odom_to_tf.py to odom_to_tf.cpython-38.pyc
[3.423s] running install_data
[3.425s] copying launch/go2_slam_full.launch.py -> /home/unitree/odom/install/go2_mapping/share/go2_mapping/launch
[3.426s] copying config/slam_params.yaml -> /home/unitree/odom/install/go2_mapping/share/go2_mapping/config
[3.426s] running install_egg_info
[3.429s] Copying ../../build/go2_mapping/go2_mapping.egg-info to /home/unitree/odom/install/go2_mapping/lib/python3.8/site-packages/go2_mapping-1.0.0-py3.8.egg-info
[3.431s] running install_scripts
[3.464s] Installing odom_to_tf script to /home/unitree/odom/install/go2_mapping/lib/go2_mapping
[3.465s] writing list of installed files to '/home/unitree/odom/build/go2_mapping/install.log'
[3.523s] Invoked command in '/home/unitree/odom/src/go2_mapping' returned '0': PYTHONPATH=/home/unitree/odom/build/go2_mapping/prefix_override:/home/unitree/odom/install/go2_mapping/lib/python3.8/site-packages:${PYTHONPATH} /usr/bin/python3 setup.py egg_info --egg-base ../../build/go2_mapping build --build-base /home/unitree/odom/build/go2_mapping/build install --record /home/unitree/odom/build/go2_mapping/install.log --single-version-externally-managed
