[2.968s] Invoking command in '/home/unitree/odom/src/go2_mapping': PYTHONPATH=/home/unitree/odom/build/go2_mapping/prefix_override:/home/unitree/odom/install/go2_mapping/lib/python3.8/site-packages:${PYTHONPATH} /usr/bin/python3 setup.py egg_info --egg-base ../../build/go2_mapping build --build-base /home/unitree/odom/build/go2_mapping/build install --record /home/unitree/odom/build/go2_mapping/install.log --single-version-externally-managed
[3.410s] running egg_info
[3.411s] writing ../../build/go2_mapping/go2_mapping.egg-info/PKG-INFO
[3.412s] writing dependency_links to ../../build/go2_mapping/go2_mapping.egg-info/dependency_links.txt
[3.412s] writing entry points to ../../build/go2_mapping/go2_mapping.egg-info/entry_points.txt
[3.413s] writing requirements to ../../build/go2_mapping/go2_mapping.egg-info/requires.txt
[3.413s] writing top-level names to ../../build/go2_mapping/go2_mapping.egg-info/top_level.txt
[3.480s] reading manifest file '../../build/go2_mapping/go2_mapping.egg-info/SOURCES.txt'
[3.481s] writing manifest file '../../build/go2_mapping/go2_mapping.egg-info/SOURCES.txt'
[3.481s] running build
[3.482s] running build_py
[3.482s] running build_scripts
[3.482s] running install
[3.484s] running install_lib
[3.487s] running install_data
[3.489s] copying config/go2_nav2_params.yaml -> /home/unitree/odom/install/go2_mapping/share/go2_mapping/config
[3.490s] running install_egg_info
[3.493s] removing '/home/unitree/odom/install/go2_mapping/lib/python3.8/site-packages/go2_mapping-1.0.0-py3.8.egg-info' (and everything under it)
[3.494s] Copying ../../build/go2_mapping/go2_mapping.egg-info to /home/unitree/odom/install/go2_mapping/lib/python3.8/site-packages/go2_mapping-1.0.0-py3.8.egg-info
[3.496s] running install_scripts
[3.528s] changing mode of /home/unitree/odom/install/go2_mapping/lib/go2_mapping/save_map.py to 775
[3.531s] Installing odom_to_tf script to /home/unitree/odom/install/go2_mapping/lib/go2_mapping
[3.532s] writing list of installed files to '/home/unitree/odom/build/go2_mapping/install.log'
[3.603s] Invoked command in '/home/unitree/odom/src/go2_mapping' returned '0': PYTHONPATH=/home/unitree/odom/build/go2_mapping/prefix_override:/home/unitree/odom/install/go2_mapping/lib/python3.8/site-packages:${PYTHONPATH} /usr/bin/python3 setup.py egg_info --egg-base ../../build/go2_mapping build --build-base /home/unitree/odom/build/go2_mapping/build install --record /home/unitree/odom/build/go2_mapping/install.log --single-version-externally-managed
