running develop
running egg_info
writing go2_mapping.egg-info/PKG-INFO
writing dependency_links to go2_mapping.egg-info/dependency_links.txt
writing entry points to go2_mapping.egg-info/entry_points.txt
writing requirements to go2_mapping.egg-info/requires.txt
writing top-level names to go2_mapping.egg-info/top_level.txt
reading manifest file 'go2_mapping.egg-info/SOURCES.txt'
writing manifest file 'go2_mapping.egg-info/SOURCES.txt'
running build_ext
Creating /home/unitree/SLAM/install/go2_mapping/lib/python3.8/site-packages/go2-mapping.egg-link (link to .)
Installing goal_pose_relay script to /home/unitree/SLAM/install/go2_mapping/lib/go2_mapping
Installing odom_to_tf script to /home/unitree/SLAM/install/go2_mapping/lib/go2_mapping
Installing rviz_click_logger script to /home/unitree/SLAM/install/go2_mapping/lib/go2_mapping
Installing save_map.py script to /home/unitree/SLAM/install/go2_mapping/lib/go2_mapping

Installed /home/unitree/SLAM/build/go2_mapping
running install_data
copying resource/go2_mapping -> /home/unitree/SLAM/install/go2_mapping/share/ament_index/resource_index/packages
copying package.xml -> /home/unitree/SLAM/install/go2_mapping/share/go2_mapping
copying launch/go2_navigation.launch.py -> /home/unitree/SLAM/install/go2_mapping/share/go2_mapping/launch
copying launch/go2_mapping.launch.py -> /home/unitree/SLAM/install/go2_mapping/share/go2_mapping/launch
copying launch/go2_bridge.launch.py -> /home/unitree/SLAM/install/go2_mapping/share/go2_mapping/launch
copying config/go2_nav2_params.yaml -> /home/unitree/SLAM/install/go2_mapping/share/go2_mapping/config
copying config/pointcloud_to_laserscan.yaml -> /home/unitree/SLAM/install/go2_mapping/share/go2_mapping/config
copying config/slam_params.yaml -> /home/unitree/SLAM/install/go2_mapping/share/go2_mapping/config
copying config/slam_params_go2.yaml -> /home/unitree/SLAM/install/go2_mapping/share/go2_mapping/config
