[1.619s] Invoking command in '/home/unitree/odom/build/go2_mapping': PYTHONPATH=/home/unitree/odom/build/go2_mapping/prefix_override:/home/unitree/odom/install/go2_mapping/lib/python3.8/site-packages:${PYTHONPATH} /usr/bin/python3 setup.py develop --editable --build-directory /home/unitree/odom/build/go2_mapping/build --no-deps install_data
[2.091s] running develop
[2.308s] running egg_info
[2.309s] writing go2_mapping.egg-info/PKG-INFO
[2.309s] writing dependency_links to go2_mapping.egg-info/dependency_links.txt
[2.309s] writing entry points to go2_mapping.egg-info/entry_points.txt
[2.309s] writing requirements to go2_mapping.egg-info/requires.txt
[2.310s] writing top-level names to go2_mapping.egg-info/top_level.txt
[2.367s] reading manifest file 'go2_mapping.egg-info/SOURCES.txt'
[2.369s] writing manifest file 'go2_mapping.egg-info/SOURCES.txt'
[2.432s] running build_ext
[2.433s] Creating /home/unitree/odom/install/go2_mapping/lib/python3.8/site-packages/go2-mapping.egg-link (link to .)
[2.435s] Installing odom_to_tf script to /home/unitree/odom/install/go2_mapping/lib/go2_mapping
[2.435s] 
[2.435s] Installed /home/unitree/odom/build/go2_mapping
[2.436s] running install_data
[2.436s] copying package.xml -> /home/unitree/odom/install/go2_mapping/share/go2_mapping
[2.436s] copying launch/go2_mapping.launch.py -> /home/unitree/odom/install/go2_mapping/share/go2_mapping/launch
[2.436s] copying launch/pointcloud_to_laserscan.launch.py -> /home/unitree/odom/install/go2_mapping/share/go2_mapping/launch
[2.437s] copying launch/go2_slam_full.launch.py -> /home/unitree/odom/install/go2_mapping/share/go2_mapping/launch
[2.437s] copying config/pointcloud_to_laserscan.yaml -> /home/unitree/odom/install/go2_mapping/share/go2_mapping/config
[2.438s] copying config/slam_params.yaml -> /home/unitree/odom/install/go2_mapping/share/go2_mapping/config
[2.438s] copying config/slam_params_go2.yaml -> /home/unitree/odom/install/go2_mapping/share/go2_mapping/config
[2.509s] Invoked command in '/home/unitree/odom/build/go2_mapping' returned '0': PYTHONPATH=/home/unitree/odom/build/go2_mapping/prefix_override:/home/unitree/odom/install/go2_mapping/lib/python3.8/site-packages:${PYTHONPATH} /usr/bin/python3 setup.py develop --editable --build-directory /home/unitree/odom/build/go2_mapping/build --no-deps install_data
