[4.862s] DEBUG:colcon:Command line arguments: ['/usr/bin/colcon', 'build', '--packages-select', 'go2_mapping']
[4.862s] DEBUG:colcon:Parsed command line arguments: Namespace(allow_overriding=[], ament_cmake_args=None, base_paths=['.'], build_base='build', catkin_cmake_args=None, catkin_skip_building_tests=False, cmake_args=None, cmake_clean_cache=False, cmake_clean_first=False, cmake_force_configure=False, cmake_target=None, cmake_target_skip_unavailable=False, continue_on_error=False, event_handlers=None, executor='parallel', ignore_user_meta=False, install_base='install', log_base=None, log_level=None, main=<bound method BuildVerb.main of <colcon_core.verb.build.BuildVerb object at 0xffff8f814f10>>, merge_install=False, metas=['./colcon.meta'], packages_above=None, packages_above_and_dependencies=None, packages_above_depth=None, packages_end=None, packages_ignore=None, packages_ignore_regex=None, packages_select=['go2_mapping'], packages_select_build_failed=False, packages_select_by_dep=None, packages_select_regex=None, packages_select_test_failures=False, packages_skip=None, packages_skip_build_finished=False, packages_skip_by_dep=None, packages_skip_regex=None, packages_skip_test_passed=False, packages_skip_up_to=None, packages_start=None, packages_up_to=None, packages_up_to_regex=None, parallel_workers=4, paths=None, symlink_install=False, test_result_base=None, verb_extension=<colcon_core.verb.build.BuildVerb object at 0xffff8f814f10>, verb_name='build', verb_parser=<colcon_defaults.argument_parser.defaults.DefaultArgumentsDecorator object at 0xffff8f43b280>)
[5.097s] Level 1:colcon.colcon_core.package_discovery:discover_packages(colcon_meta) check parameters
[5.098s] Level 1:colcon.colcon_core.package_discovery:discover_packages(recursive) check parameters
[5.098s] Level 1:colcon.colcon_core.package_discovery:discover_packages(ignore) check parameters
[5.098s] Level 1:colcon.colcon_core.package_discovery:discover_packages(path) check parameters
[5.098s] Level 1:colcon.colcon_core.package_discovery:discover_packages(colcon_meta) discover
[5.098s] Level 1:colcon.colcon_core.package_discovery:discover_packages(recursive) discover
[5.098s] INFO:colcon.colcon_core.package_discovery:Crawling recursively for packages in '/home/unitree/odom'
[5.098s] Level 1:colcon.colcon_core.package_identification:_identify(.) by extensions ['ignore', 'ignore_ament_install']
[5.099s] Level 1:colcon.colcon_core.package_identification:_identify(.) by extension 'ignore'
[5.099s] Level 1:colcon.colcon_core.package_identification:_identify(.) by extension 'ignore_ament_install'
[5.099s] Level 1:colcon.colcon_core.package_identification:_identify(.) by extensions ['colcon_pkg']
[5.099s] Level 1:colcon.colcon_core.package_identification:_identify(.) by extension 'colcon_pkg'
[5.099s] Level 1:colcon.colcon_core.package_identification:_identify(.) by extensions ['colcon_meta']
[5.099s] Level 1:colcon.colcon_core.package_identification:_identify(.) by extension 'colcon_meta'
[5.099s] Level 1:colcon.colcon_core.package_identification:_identify(.) by extensions ['ros']
[5.099s] Level 1:colcon.colcon_core.package_identification:_identify(.) by extension 'ros'
[5.124s] Level 1:colcon.colcon_core.package_identification:_identify(.) by extensions ['cmake', 'python']
[5.124s] Level 1:colcon.colcon_core.package_identification:_identify(.) by extension 'cmake'
[5.124s] Level 1:colcon.colcon_core.package_identification:_identify(.) by extension 'python'
[5.124s] Level 1:colcon.colcon_core.package_identification:_identify(.) by extensions ['python_setup_py']
[5.124s] Level 1:colcon.colcon_core.package_identification:_identify(.) by extension 'python_setup_py'
[5.125s] Level 1:colcon.colcon_core.package_identification:_identify(build) by extensions ['ignore', 'ignore_ament_install']
[5.125s] Level 1:colcon.colcon_core.package_identification:_identify(build) by extension 'ignore'
[5.125s] Level 1:colcon.colcon_core.package_identification:_identify(build) ignored
[5.125s] Level 1:colcon.colcon_core.package_identification:_identify(install) by extensions ['ignore', 'ignore_ament_install']
[5.125s] Level 1:colcon.colcon_core.package_identification:_identify(install) by extension 'ignore'
[5.125s] Level 1:colcon.colcon_core.package_identification:_identify(install) ignored
[5.126s] Level 1:colcon.colcon_core.package_identification:_identify(log) by extensions ['ignore', 'ignore_ament_install']
[5.126s] Level 1:colcon.colcon_core.package_identification:_identify(log) by extension 'ignore'
[5.126s] Level 1:colcon.colcon_core.package_identification:_identify(log) ignored
[5.126s] Level 1:colcon.colcon_core.package_identification:_identify(maps) by extensions ['ignore', 'ignore_ament_install']
[5.126s] Level 1:colcon.colcon_core.package_identification:_identify(maps) by extension 'ignore'
[5.126s] Level 1:colcon.colcon_core.package_identification:_identify(maps) by extension 'ignore_ament_install'
[5.127s] Level 1:colcon.colcon_core.package_identification:_identify(maps) by extensions ['colcon_pkg']
[5.127s] Level 1:colcon.colcon_core.package_identification:_identify(maps) by extension 'colcon_pkg'
[5.127s] Level 1:colcon.colcon_core.package_identification:_identify(maps) by extensions ['colcon_meta']
[5.127s] Level 1:colcon.colcon_core.package_identification:_identify(maps) by extension 'colcon_meta'
[5.127s] Level 1:colcon.colcon_core.package_identification:_identify(maps) by extensions ['ros']
[5.127s] Level 1:colcon.colcon_core.package_identification:_identify(maps) by extension 'ros'
[5.127s] Level 1:colcon.colcon_core.package_identification:_identify(maps) by extensions ['cmake', 'python']
[5.127s] Level 1:colcon.colcon_core.package_identification:_identify(maps) by extension 'cmake'
[5.127s] Level 1:colcon.colcon_core.package_identification:_identify(maps) by extension 'python'
[5.127s] Level 1:colcon.colcon_core.package_identification:_identify(maps) by extensions ['python_setup_py']
[5.127s] Level 1:colcon.colcon_core.package_identification:_identify(maps) by extension 'python_setup_py'
[5.128s] Level 1:colcon.colcon_core.package_identification:_identify(src) by extensions ['ignore', 'ignore_ament_install']
[5.128s] Level 1:colcon.colcon_core.package_identification:_identify(src) by extension 'ignore'
[5.128s] Level 1:colcon.colcon_core.package_identification:_identify(src) by extension 'ignore_ament_install'
[5.128s] Level 1:colcon.colcon_core.package_identification:_identify(src) by extensions ['colcon_pkg']
[5.128s] Level 1:colcon.colcon_core.package_identification:_identify(src) by extension 'colcon_pkg'
[5.128s] Level 1:colcon.colcon_core.package_identification:_identify(src) by extensions ['colcon_meta']
[5.128s] Level 1:colcon.colcon_core.package_identification:_identify(src) by extension 'colcon_meta'
[5.128s] Level 1:colcon.colcon_core.package_identification:_identify(src) by extensions ['ros']
[5.128s] Level 1:colcon.colcon_core.package_identification:_identify(src) by extension 'ros'
[5.129s] Level 1:colcon.colcon_core.package_identification:_identify(src) by extensions ['cmake', 'python']
[5.129s] Level 1:colcon.colcon_core.package_identification:_identify(src) by extension 'cmake'
[5.129s] Level 1:colcon.colcon_core.package_identification:_identify(src) by extension 'python'
[5.129s] Level 1:colcon.colcon_core.package_identification:_identify(src) by extensions ['python_setup_py']
[5.129s] Level 1:colcon.colcon_core.package_identification:_identify(src) by extension 'python_setup_py'
[5.129s] Level 1:colcon.colcon_core.package_identification:_identify(src/go2_mapping) by extensions ['ignore', 'ignore_ament_install']
[5.129s] Level 1:colcon.colcon_core.package_identification:_identify(src/go2_mapping) by extension 'ignore'
[5.129s] Level 1:colcon.colcon_core.package_identification:_identify(src/go2_mapping) by extension 'ignore_ament_install'
[5.130s] Level 1:colcon.colcon_core.package_identification:_identify(src/go2_mapping) by extensions ['colcon_pkg']
[5.130s] Level 1:colcon.colcon_core.package_identification:_identify(src/go2_mapping) by extension 'colcon_pkg'
[5.130s] Level 1:colcon.colcon_core.package_identification:_identify(src/go2_mapping) by extensions ['colcon_meta']
[5.130s] Level 1:colcon.colcon_core.package_identification:_identify(src/go2_mapping) by extension 'colcon_meta'
[5.130s] Level 1:colcon.colcon_core.package_identification:_identify(src/go2_mapping) by extensions ['ros']
[5.130s] Level 1:colcon.colcon_core.package_identification:_identify(src/go2_mapping) by extension 'ros'
[5.136s] DEBUG:colcon.colcon_core.package_identification:Package 'src/go2_mapping' with type 'ros.ament_python' and name 'go2_mapping'
[5.137s] Level 1:colcon.colcon_core.package_identification:_identify(xt16_ws) by extensions ['ignore', 'ignore_ament_install']
[5.137s] Level 1:colcon.colcon_core.package_identification:_identify(xt16_ws) by extension 'ignore'
[5.137s] Level 1:colcon.colcon_core.package_identification:_identify(xt16_ws) by extension 'ignore_ament_install'
[5.137s] Level 1:colcon.colcon_core.package_identification:_identify(xt16_ws) by extensions ['colcon_pkg']
[5.137s] Level 1:colcon.colcon_core.package_identification:_identify(xt16_ws) by extension 'colcon_pkg'
[5.137s] Level 1:colcon.colcon_core.package_identification:_identify(xt16_ws) by extensions ['colcon_meta']
[5.138s] Level 1:colcon.colcon_core.package_identification:_identify(xt16_ws) by extension 'colcon_meta'
[5.138s] Level 1:colcon.colcon_core.package_identification:_identify(xt16_ws) by extensions ['ros']
[5.138s] Level 1:colcon.colcon_core.package_identification:_identify(xt16_ws) by extension 'ros'
[5.138s] Level 1:colcon.colcon_core.package_identification:_identify(xt16_ws) by extensions ['cmake', 'python']
[5.138s] Level 1:colcon.colcon_core.package_identification:_identify(xt16_ws) by extension 'cmake'
[5.138s] Level 1:colcon.colcon_core.package_identification:_identify(xt16_ws) by extension 'python'
[5.138s] Level 1:colcon.colcon_core.package_identification:_identify(xt16_ws) by extensions ['python_setup_py']
[5.138s] Level 1:colcon.colcon_core.package_identification:_identify(xt16_ws) by extension 'python_setup_py'
[5.139s] Level 1:colcon.colcon_core.package_identification:_identify(xt16_ws/build) by extensions ['ignore', 'ignore_ament_install']
[5.139s] Level 1:colcon.colcon_core.package_identification:_identify(xt16_ws/build) by extension 'ignore'
[5.139s] Level 1:colcon.colcon_core.package_identification:_identify(xt16_ws/build) ignored
[5.139s] Level 1:colcon.colcon_core.package_identification:_identify(xt16_ws/install) by extensions ['ignore', 'ignore_ament_install']
[5.139s] Level 1:colcon.colcon_core.package_identification:_identify(xt16_ws/install) by extension 'ignore'
[5.139s] Level 1:colcon.colcon_core.package_identification:_identify(xt16_ws/install) ignored
[5.139s] Level 1:colcon.colcon_core.package_identification:_identify(xt16_ws/log) by extensions ['ignore', 'ignore_ament_install']
[5.140s] Level 1:colcon.colcon_core.package_identification:_identify(xt16_ws/log) by extension 'ignore'
[5.140s] Level 1:colcon.colcon_core.package_identification:_identify(xt16_ws/log) ignored
[5.140s] Level 1:colcon.colcon_core.package_identification:_identify(xt16_ws/src) by extensions ['ignore', 'ignore_ament_install']
[5.140s] Level 1:colcon.colcon_core.package_identification:_identify(xt16_ws/src) by extension 'ignore'
[5.140s] Level 1:colcon.colcon_core.package_identification:_identify(xt16_ws/src) by extension 'ignore_ament_install'
[5.140s] Level 1:colcon.colcon_core.package_identification:_identify(xt16_ws/src) by extensions ['colcon_pkg']
[5.140s] Level 1:colcon.colcon_core.package_identification:_identify(xt16_ws/src) by extension 'colcon_pkg'
[5.141s] Level 1:colcon.colcon_core.package_identification:_identify(xt16_ws/src) by extensions ['colcon_meta']
[5.141s] Level 1:colcon.colcon_core.package_identification:_identify(xt16_ws/src) by extension 'colcon_meta'
[5.141s] Level 1:colcon.colcon_core.package_identification:_identify(xt16_ws/src) by extensions ['ros']
[5.141s] Level 1:colcon.colcon_core.package_identification:_identify(xt16_ws/src) by extension 'ros'
[5.141s] Level 1:colcon.colcon_core.package_identification:_identify(xt16_ws/src) by extensions ['cmake', 'python']
[5.141s] Level 1:colcon.colcon_core.package_identification:_identify(xt16_ws/src) by extension 'cmake'
[5.141s] Level 1:colcon.colcon_core.package_identification:_identify(xt16_ws/src) by extension 'python'
[5.141s] Level 1:colcon.colcon_core.package_identification:_identify(xt16_ws/src) by extensions ['python_setup_py']
[5.141s] Level 1:colcon.colcon_core.package_identification:_identify(xt16_ws/src) by extension 'python_setup_py'
[5.142s] Level 1:colcon.colcon_core.package_identification:_identify(xt16_ws/src/HesaiLidar_ROS_2.0) by extensions ['ignore', 'ignore_ament_install']
[5.142s] Level 1:colcon.colcon_core.package_identification:_identify(xt16_ws/src/HesaiLidar_ROS_2.0) by extension 'ignore'
[5.142s] Level 1:colcon.colcon_core.package_identification:_identify(xt16_ws/src/HesaiLidar_ROS_2.0) by extension 'ignore_ament_install'
[5.142s] Level 1:colcon.colcon_core.package_identification:_identify(xt16_ws/src/HesaiLidar_ROS_2.0) by extensions ['colcon_pkg']
[5.142s] Level 1:colcon.colcon_core.package_identification:_identify(xt16_ws/src/HesaiLidar_ROS_2.0) by extension 'colcon_pkg'
[5.142s] Level 1:colcon.colcon_core.package_identification:_identify(xt16_ws/src/HesaiLidar_ROS_2.0) by extensions ['colcon_meta']
[5.142s] Level 1:colcon.colcon_core.package_identification:_identify(xt16_ws/src/HesaiLidar_ROS_2.0) by extension 'colcon_meta'
[5.142s] Level 1:colcon.colcon_core.package_identification:_identify(xt16_ws/src/HesaiLidar_ROS_2.0) by extensions ['ros']
[5.142s] Level 1:colcon.colcon_core.package_identification:_identify(xt16_ws/src/HesaiLidar_ROS_2.0) by extension 'ros'
[5.160s] DEBUG:colcon.colcon_core.package_identification:Package 'xt16_ws/src/HesaiLidar_ROS_2.0' with type 'ros.ament_cmake' and name 'hesai_ros_driver'
[5.160s] Level 1:colcon.colcon_core.package_discovery:discover_packages(recursive) using defaults
[5.161s] Level 1:colcon.colcon_core.package_discovery:discover_packages(ignore) discover
[5.161s] Level 1:colcon.colcon_core.package_discovery:discover_packages(ignore) using defaults
[5.161s] Level 1:colcon.colcon_core.package_discovery:discover_packages(path) discover
[5.161s] Level 1:colcon.colcon_core.package_discovery:discover_packages(path) using defaults
[5.432s] INFO:colcon.colcon_core.package_selection:Skipping not selected package 'hesai_ros_driver' in 'xt16_ws/src/HesaiLidar_ROS_2.0'
[5.586s] Level 1:colcon.colcon_core.package_discovery:discover_packages(prefix_path) check parameters
[5.587s] Level 1:colcon.colcon_core.package_discovery:discover_packages(prefix_path) discover
[5.745s] DEBUG:colcon.colcon_installed_package_information.package_discovery:Found 1 installed packages in /home/unitree/odom/install
[5.826s] DEBUG:colcon.colcon_installed_package_information.package_discovery:Found 295 installed packages in /opt/ros/foxy
[5.829s] Level 1:colcon.colcon_core.package_discovery:discover_packages(prefix_path) using defaults
[6.194s] Level 5:colcon.colcon_core.verb:set package 'go2_mapping' build argument 'cmake_args' from command line to 'None'
[6.194s] Level 5:colcon.colcon_core.verb:set package 'go2_mapping' build argument 'cmake_target' from command line to 'None'
[6.194s] Level 5:colcon.colcon_core.verb:set package 'go2_mapping' build argument 'cmake_target_skip_unavailable' from command line to 'False'
[6.194s] Level 5:colcon.colcon_core.verb:set package 'go2_mapping' build argument 'cmake_clean_cache' from command line to 'False'
[6.194s] Level 5:colcon.colcon_core.verb:set package 'go2_mapping' build argument 'cmake_clean_first' from command line to 'False'
[6.194s] Level 5:colcon.colcon_core.verb:set package 'go2_mapping' build argument 'cmake_force_configure' from command line to 'False'
[6.194s] Level 5:colcon.colcon_core.verb:set package 'go2_mapping' build argument 'ament_cmake_args' from command line to 'None'
[6.194s] Level 5:colcon.colcon_core.verb:set package 'go2_mapping' build argument 'catkin_cmake_args' from command line to 'None'
[6.194s] Level 5:colcon.colcon_core.verb:set package 'go2_mapping' build argument 'catkin_skip_building_tests' from command line to 'False'
[6.195s] DEBUG:colcon.colcon_core.verb:Building package 'go2_mapping' with the following arguments: {'ament_cmake_args': None, 'build_base': '/home/unitree/odom/build/go2_mapping', 'catkin_cmake_args': None, 'catkin_skip_building_tests': False, 'cmake_args': None, 'cmake_clean_cache': False, 'cmake_clean_first': False, 'cmake_force_configure': False, 'cmake_target': None, 'cmake_target_skip_unavailable': False, 'install_base': '/home/unitree/odom/install/go2_mapping', 'merge_install': False, 'path': '/home/unitree/odom/src/go2_mapping', 'symlink_install': False, 'test_result_base': None}
[6.272s] INFO:colcon.colcon_core.executor:Executing jobs using 'parallel' executor
[6.351s] DEBUG:colcon.colcon_parallel_executor.executor.parallel:run_until_complete
[6.352s] INFO:colcon.colcon_ros.task.ament_python.build:Building ROS package in '/home/unitree/odom/src/go2_mapping' with build type 'ament_python'
[6.352s] Level 1:colcon.colcon_core.shell:create_environment_hook('go2_mapping', 'ament_prefix_path')
[6.436s] INFO:colcon.colcon_core.plugin_system:Skipping extension 'colcon_core.shell.bat': Not used on non-Windows systems
[6.436s] INFO:colcon.colcon_core.shell:Creating environment hook '/home/unitree/odom/install/go2_mapping/share/go2_mapping/hook/ament_prefix_path.ps1'
[6.438s] INFO:colcon.colcon_core.shell:Creating environment descriptor '/home/unitree/odom/install/go2_mapping/share/go2_mapping/hook/ament_prefix_path.dsv'
[6.439s] INFO:colcon.colcon_core.shell:Creating environment hook '/home/unitree/odom/install/go2_mapping/share/go2_mapping/hook/ament_prefix_path.sh'
[6.519s] INFO:colcon.colcon_core.shell:Skip shell extension 'powershell' for command environment: Not usable outside of PowerShell
[6.520s] DEBUG:colcon.colcon_core.shell:Skip shell extension 'dsv' for command environment
[7.322s] INFO:colcon.colcon_core.task.python.build:Building Python package in '/home/unitree/odom/src/go2_mapping'
[7.405s] INFO:colcon.colcon_core.shell:Skip shell extension 'powershell' for command environment: Not usable outside of PowerShell
[7.405s] DEBUG:colcon.colcon_core.shell:Skip shell extension 'dsv' for command environment
[8.531s] DEBUG:colcon.colcon_core.event_handler.log_command:Invoking command in '/home/unitree/odom/src/go2_mapping': PYTHONPATH=/home/unitree/odom/build/go2_mapping/prefix_override:/home/unitree/odom/install/go2_mapping/lib/python3.8/site-packages:${PYTHONPATH} /usr/bin/python3 setup.py egg_info --egg-base ../../build/go2_mapping build --build-base /home/unitree/odom/build/go2_mapping/build install --record /home/unitree/odom/build/go2_mapping/install.log --single-version-externally-managed
[9.123s] DEBUG:colcon.colcon_core.event_handler.log_command:Invoked command in '/home/unitree/odom/src/go2_mapping' returned '0': PYTHONPATH=/home/unitree/odom/build/go2_mapping/prefix_override:/home/unitree/odom/install/go2_mapping/lib/python3.8/site-packages:${PYTHONPATH} /usr/bin/python3 setup.py egg_info --egg-base ../../build/go2_mapping build --build-base /home/unitree/odom/build/go2_mapping/build install --record /home/unitree/odom/build/go2_mapping/install.log --single-version-externally-managed
[9.231s] Level 1:colcon.colcon_core.environment:checking '/home/unitree/odom/install/go2_mapping' for CMake module files
[9.232s] Level 1:colcon.colcon_core.environment:checking '/home/unitree/odom/install/go2_mapping' for CMake config files
[9.233s] Level 1:colcon.colcon_core.environment:checking '/home/unitree/odom/install/go2_mapping/lib'
[9.234s] Level 1:colcon.colcon_core.environment:checking '/home/unitree/odom/install/go2_mapping/bin'
[9.234s] Level 1:colcon.colcon_core.environment:checking '/home/unitree/odom/install/go2_mapping/lib/pkgconfig/go2_mapping.pc'
[9.234s] Level 1:colcon.colcon_core.environment:checking '/home/unitree/odom/install/go2_mapping/lib/python3.8/site-packages'
[9.235s] Level 1:colcon.colcon_core.shell:create_environment_hook('go2_mapping', 'pythonpath')
[9.315s] INFO:colcon.colcon_core.shell:Creating environment hook '/home/unitree/odom/install/go2_mapping/share/go2_mapping/hook/pythonpath.ps1'
[9.317s] INFO:colcon.colcon_core.shell:Creating environment descriptor '/home/unitree/odom/install/go2_mapping/share/go2_mapping/hook/pythonpath.dsv'
[9.317s] INFO:colcon.colcon_core.shell:Creating environment hook '/home/unitree/odom/install/go2_mapping/share/go2_mapping/hook/pythonpath.sh'
[9.318s] Level 1:colcon.colcon_core.environment:checking '/home/unitree/odom/install/go2_mapping/bin'
[9.318s] Level 1:colcon.colcon_core.environment:create_environment_scripts_only(go2_mapping)
[9.397s] INFO:colcon.colcon_core.shell:Creating package script '/home/unitree/odom/install/go2_mapping/share/go2_mapping/package.ps1'
[9.399s] INFO:colcon.colcon_core.shell:Creating package descriptor '/home/unitree/odom/install/go2_mapping/share/go2_mapping/package.dsv'
[9.400s] INFO:colcon.colcon_core.shell:Creating package script '/home/unitree/odom/install/go2_mapping/share/go2_mapping/package.sh'
[9.402s] INFO:colcon.colcon_core.shell:Creating package script '/home/unitree/odom/install/go2_mapping/share/go2_mapping/package.bash'
[9.403s] INFO:colcon.colcon_core.shell:Creating package script '/home/unitree/odom/install/go2_mapping/share/go2_mapping/package.zsh'
[9.405s] Level 1:colcon.colcon_core.environment:create_file_with_runtime_dependencies(/home/unitree/odom/install/go2_mapping/share/colcon-core/packages/go2_mapping)
[9.405s] DEBUG:colcon.colcon_parallel_executor.executor.parallel:closing loop
[9.406s] DEBUG:colcon.colcon_parallel_executor.executor.parallel:loop closed
[9.406s] DEBUG:colcon.colcon_parallel_executor.executor.parallel:run_until_complete finished with '0'
[9.407s] DEBUG:colcon.colcon_core.event_reactor:joining thread
[9.513s] INFO:colcon.colcon_core.plugin_system:Skipping extension 'colcon_notification.desktop_notification.terminal_notifier': Not used on non-Darwin systems
[9.514s] INFO:colcon.colcon_core.plugin_system:Skipping extension 'colcon_notification.desktop_notification.win32': Not used on non-Windows systems
[9.514s] INFO:colcon.colcon_notification.desktop_notification:Sending desktop notification using 'notify2'
[9.569s] DEBUG:colcon.colcon_notification.desktop_notification.notify2:Failed to initialize notify2: org.freedesktop.DBus.Error.Spawn.ChildExited: Process org.freedesktop.Notifications exited with status 1
[9.569s] DEBUG:colcon.colcon_core.event_reactor:joined thread
[9.686s] INFO:colcon.colcon_core.shell:Creating prefix script '/home/unitree/odom/install/local_setup.ps1'
[9.688s] INFO:colcon.colcon_core.shell:Creating prefix util module '/home/unitree/odom/install/_local_setup_util_ps1.py'
[9.690s] INFO:colcon.colcon_core.shell:Creating prefix chain script '/home/unitree/odom/install/setup.ps1'
[9.770s] INFO:colcon.colcon_core.shell:Creating prefix script '/home/unitree/odom/install/local_setup.sh'
[9.771s] INFO:colcon.colcon_core.shell:Creating prefix util module '/home/unitree/odom/install/_local_setup_util_sh.py'
[9.772s] INFO:colcon.colcon_core.shell:Creating prefix chain script '/home/unitree/odom/install/setup.sh'
[9.851s] INFO:colcon.colcon_core.shell:Creating prefix script '/home/unitree/odom/install/local_setup.bash'
[9.852s] INFO:colcon.colcon_core.shell:Creating prefix chain script '/home/unitree/odom/install/setup.bash'
[9.932s] INFO:colcon.colcon_core.shell:Creating prefix script '/home/unitree/odom/install/local_setup.zsh'
[9.933s] INFO:colcon.colcon_core.shell:Creating prefix chain script '/home/unitree/odom/install/setup.zsh'
