running develop
Removing /home/unitree/odom/install/go2_mapping/lib/python3.8/site-packages/go2-mapping.egg-link (link to .)
running egg_info
writing ../../build/go2_mapping/go2_mapping.egg-info/PKG-INFO
writing dependency_links to ../../build/go2_mapping/go2_mapping.egg-info/dependency_links.txt
writing entry points to ../../build/go2_mapping/go2_mapping.egg-info/entry_points.txt
writing requirements to ../../build/go2_mapping/go2_mapping.egg-info/requires.txt
writing top-level names to ../../build/go2_mapping/go2_mapping.egg-info/top_level.txt
reading manifest file '../../build/go2_mapping/go2_mapping.egg-info/SOURCES.txt'
writing manifest file '../../build/go2_mapping/go2_mapping.egg-info/SOURCES.txt'
running build
running build_py
copying go2_mapping/rviz_click_logger.py -> /home/unitree/odom/build/go2_mapping/build/lib/go2_mapping
copying go2_mapping/goal_pose_relay.py -> /home/unitree/odom/build/go2_mapping/build/lib/go2_mapping
copying go2_mapping/__init__.py -> /home/unitree/odom/build/go2_mapping/build/lib/go2_mapping
copying go2_mapping/odom_to_tf.py -> /home/unitree/odom/build/go2_mapping/build/lib/go2_mapping
running build_scripts
running install
running install_lib
creating /home/unitree/odom/install/go2_mapping/lib/python3.8/site-packages/go2_mapping
copying /home/unitree/odom/build/go2_mapping/build/lib/go2_mapping/rviz_click_logger.py -> /home/unitree/odom/install/go2_mapping/lib/python3.8/site-packages/go2_mapping
copying /home/unitree/odom/build/go2_mapping/build/lib/go2_mapping/goal_pose_relay.py -> /home/unitree/odom/install/go2_mapping/lib/python3.8/site-packages/go2_mapping
copying /home/unitree/odom/build/go2_mapping/build/lib/go2_mapping/__init__.py -> /home/unitree/odom/install/go2_mapping/lib/python3.8/site-packages/go2_mapping
copying /home/unitree/odom/build/go2_mapping/build/lib/go2_mapping/odom_to_tf.py -> /home/unitree/odom/install/go2_mapping/lib/python3.8/site-packages/go2_mapping
byte-compiling /home/unitree/odom/install/go2_mapping/lib/python3.8/site-packages/go2_mapping/rviz_click_logger.py to rviz_click_logger.cpython-38.pyc
byte-compiling /home/unitree/odom/install/go2_mapping/lib/python3.8/site-packages/go2_mapping/goal_pose_relay.py to goal_pose_relay.cpython-38.pyc
byte-compiling /home/unitree/odom/install/go2_mapping/lib/python3.8/site-packages/go2_mapping/__init__.py to __init__.cpython-38.pyc
byte-compiling /home/unitree/odom/install/go2_mapping/lib/python3.8/site-packages/go2_mapping/odom_to_tf.py to odom_to_tf.cpython-38.pyc
running install_data
copying resource/go2_mapping -> /home/unitree/odom/install/go2_mapping/share/ament_index/resource_index/packages
copying package.xml -> /home/unitree/odom/install/go2_mapping/share/go2_mapping
copying launch/go2_navigation.launch.py -> /home/unitree/odom/install/go2_mapping/share/go2_mapping/launch
copying launch/go2_mapping.launch.py -> /home/unitree/odom/install/go2_mapping/share/go2_mapping/launch
copying launch/go2_bridge.launch.py -> /home/unitree/odom/install/go2_mapping/share/go2_mapping/launch
copying launch/pointcloud_to_laserscan.launch.py -> /home/unitree/odom/install/go2_mapping/share/go2_mapping/launch
copying config/go2_nav2_params.yaml -> /home/unitree/odom/install/go2_mapping/share/go2_mapping/config
copying config/pointcloud_to_laserscan.yaml -> /home/unitree/odom/install/go2_mapping/share/go2_mapping/config
copying config/slam_params.yaml -> /home/unitree/odom/install/go2_mapping/share/go2_mapping/config
copying config/slam_params_go2.yaml -> /home/unitree/odom/install/go2_mapping/share/go2_mapping/config
running install_egg_info
Copying ../../build/go2_mapping/go2_mapping.egg-info to /home/unitree/odom/install/go2_mapping/lib/python3.8/site-packages/go2_mapping-1.0.0-py3.8.egg-info
running install_scripts
changing mode of /home/unitree/odom/install/go2_mapping/lib/go2_mapping/save_map.py to 775
Installing goal_pose_relay script to /home/unitree/odom/install/go2_mapping/lib/go2_mapping
Installing odom_to_tf script to /home/unitree/odom/install/go2_mapping/lib/go2_mapping
Installing rviz_click_logger script to /home/unitree/odom/install/go2_mapping/lib/go2_mapping
writing list of installed files to '/home/unitree/odom/build/go2_mapping/install.log'
