[1.709s] Invoking command in '/home/unitree/odom/build/go2_mapping': PYTHONPATH=/home/unitree/odom/build/go2_mapping/prefix_override:/home/unitree/odom/install/go2_mapping/lib/python3.8/site-packages:${PYTHONPATH} /usr/bin/python3 setup.py develop --uninstall --editable --build-directory /home/unitree/odom/build/go2_mapping/build
[2.244s] running develop
[2.612s] Removing /home/unitree/odom/install/go2_mapping/lib/python3.8/site-packages/go2-mapping.egg-link (link to .)
[2.612s] /home/unitree/.local/lib/python3.8/site-packages/setuptools/_distutils/dist.py:261: UserWarning: Unknown distribution option: 'tests_require'
[2.612s]   warnings.warn(msg)
[2.612s] /home/unitree/.local/lib/python3.8/site-packages/setuptools/command/develop.py:41: EasyInstallDeprecationWarning: easy_install command is deprecated.
[2.612s] !!
[2.613s] 
[2.613s]         ********************************************************************************
[2.613s]         Please avoid running ``setup.py`` and ``easy_install``.
[2.613s]         Instead, use pypa/build, pypa/installer or other
[2.613s]         standards-based tools.
[2.613s] 
[2.613s]         See https://github.com/pypa/setuptools/issues/917 for details.
[2.613s]         ********************************************************************************
[2.613s] 
[2.613s] !!
[2.614s]   easy_install.initialize_options(self)
[2.614s] /home/unitree/.local/lib/python3.8/site-packages/setuptools/_distutils/cmd.py:66: SetuptoolsDeprecationWarning: setup.py install is deprecated.
[2.614s] !!
[2.614s] 
[2.614s]         ********************************************************************************
[2.614s]         Please avoid running ``setup.py`` directly.
[2.614s]         Instead, use pypa/build, pypa/installer or other
[2.614s]         standards-based tools.
[2.614s] 
[2.614s]         See https://blog.ganssle.io/articles/2021/10/setup-py-deprecated.html for details.
[2.615s]         ********************************************************************************
[2.615s] 
[2.615s] !!
[2.615s]   self.initialize_options()
[2.615s] Note: you must uninstall or replace scripts manually!
[2.686s] Invoked command in '/home/unitree/odom/build/go2_mapping' returned '0': PYTHONPATH=/home/unitree/odom/build/go2_mapping/prefix_override:/home/unitree/odom/install/go2_mapping/lib/python3.8/site-packages:${PYTHONPATH} /usr/bin/python3 setup.py develop --uninstall --editable --build-directory /home/unitree/odom/build/go2_mapping/build
[2.692s] Invoking command in '/home/unitree/odom/src/go2_mapping': PYTHONPATH=/home/unitree/odom/build/go2_mapping/prefix_override:/home/unitree/odom/install/go2_mapping/lib/python3.8/site-packages:${PYTHONPATH} /usr/bin/python3 setup.py egg_info --egg-base ../../build/go2_mapping build --build-base /home/unitree/odom/build/go2_mapping/build install --record /home/unitree/odom/build/go2_mapping/install.log --single-version-externally-managed
[3.099s] running egg_info
[3.127s] writing ../../build/go2_mapping/go2_mapping.egg-info/PKG-INFO
[3.128s] writing dependency_links to ../../build/go2_mapping/go2_mapping.egg-info/dependency_links.txt
[3.129s] writing entry points to ../../build/go2_mapping/go2_mapping.egg-info/entry_points.txt
[3.129s] writing requirements to ../../build/go2_mapping/go2_mapping.egg-info/requires.txt
[3.129s] writing top-level names to ../../build/go2_mapping/go2_mapping.egg-info/top_level.txt
[3.375s] reading manifest file '../../build/go2_mapping/go2_mapping.egg-info/SOURCES.txt'
[3.378s] writing manifest file '../../build/go2_mapping/go2_mapping.egg-info/SOURCES.txt'
[3.379s] running build
[3.379s] running build_py
[3.379s] copying go2_mapping/rviz_click_logger.py -> /home/unitree/odom/build/go2_mapping/build/lib/go2_mapping
[3.380s] copying go2_mapping/goal_pose_relay.py -> /home/unitree/odom/build/go2_mapping/build/lib/go2_mapping
[3.380s] copying go2_mapping/__init__.py -> /home/unitree/odom/build/go2_mapping/build/lib/go2_mapping
[3.380s] copying go2_mapping/odom_to_tf.py -> /home/unitree/odom/build/go2_mapping/build/lib/go2_mapping
[3.381s] running build_scripts
[3.381s] running install
[3.390s] running install_lib
[3.419s] creating /home/unitree/odom/install/go2_mapping/lib/python3.8/site-packages/go2_mapping
[3.419s] copying /home/unitree/odom/build/go2_mapping/build/lib/go2_mapping/rviz_click_logger.py -> /home/unitree/odom/install/go2_mapping/lib/python3.8/site-packages/go2_mapping
[3.419s] copying /home/unitree/odom/build/go2_mapping/build/lib/go2_mapping/goal_pose_relay.py -> /home/unitree/odom/install/go2_mapping/lib/python3.8/site-packages/go2_mapping
[3.420s] copying /home/unitree/odom/build/go2_mapping/build/lib/go2_mapping/__init__.py -> /home/unitree/odom/install/go2_mapping/lib/python3.8/site-packages/go2_mapping
[3.420s] copying /home/unitree/odom/build/go2_mapping/build/lib/go2_mapping/odom_to_tf.py -> /home/unitree/odom/install/go2_mapping/lib/python3.8/site-packages/go2_mapping
[3.421s] byte-compiling /home/unitree/odom/install/go2_mapping/lib/python3.8/site-packages/go2_mapping/rviz_click_logger.py to rviz_click_logger.cpython-38.pyc
[3.422s] byte-compiling /home/unitree/odom/install/go2_mapping/lib/python3.8/site-packages/go2_mapping/goal_pose_relay.py to goal_pose_relay.cpython-38.pyc
[3.423s] byte-compiling /home/unitree/odom/install/go2_mapping/lib/python3.8/site-packages/go2_mapping/__init__.py to __init__.cpython-38.pyc
[3.424s] byte-compiling /home/unitree/odom/install/go2_mapping/lib/python3.8/site-packages/go2_mapping/odom_to_tf.py to odom_to_tf.cpython-38.pyc
[3.425s] running install_data
[3.453s] copying resource/go2_mapping -> /home/unitree/odom/install/go2_mapping/share/ament_index/resource_index/packages
[3.453s] copying package.xml -> /home/unitree/odom/install/go2_mapping/share/go2_mapping
[3.454s] copying launch/go2_navigation.launch.py -> /home/unitree/odom/install/go2_mapping/share/go2_mapping/launch
[3.454s] copying launch/go2_mapping.launch.py -> /home/unitree/odom/install/go2_mapping/share/go2_mapping/launch
[3.454s] copying launch/go2_bridge.launch.py -> /home/unitree/odom/install/go2_mapping/share/go2_mapping/launch
[3.455s] copying launch/pointcloud_to_laserscan.launch.py -> /home/unitree/odom/install/go2_mapping/share/go2_mapping/launch
[3.455s] copying config/go2_nav2_params.yaml -> /home/unitree/odom/install/go2_mapping/share/go2_mapping/config
[3.456s] copying config/pointcloud_to_laserscan.yaml -> /home/unitree/odom/install/go2_mapping/share/go2_mapping/config
[3.456s] copying config/slam_params.yaml -> /home/unitree/odom/install/go2_mapping/share/go2_mapping/config
[3.456s] copying config/slam_params_go2.yaml -> /home/unitree/odom/install/go2_mapping/share/go2_mapping/config
[3.456s] running install_egg_info
[3.487s] Copying ../../build/go2_mapping/go2_mapping.egg-info to /home/unitree/odom/install/go2_mapping/lib/python3.8/site-packages/go2_mapping-1.0.0-py3.8.egg-info
[3.489s] running install_scripts
[3.518s] changing mode of /home/unitree/odom/install/go2_mapping/lib/go2_mapping/save_map.py to 775
[3.531s] Installing goal_pose_relay script to /home/unitree/odom/install/go2_mapping/lib/go2_mapping
[3.531s] Installing odom_to_tf script to /home/unitree/odom/install/go2_mapping/lib/go2_mapping
[3.531s] Installing rviz_click_logger script to /home/unitree/odom/install/go2_mapping/lib/go2_mapping
[3.532s] writing list of installed files to '/home/unitree/odom/build/go2_mapping/install.log'
[3.532s] /home/unitree/.local/lib/python3.8/site-packages/setuptools/_distutils/dist.py:261: UserWarning: Unknown distribution option: 'tests_require'
[3.533s]   warnings.warn(msg)
[3.533s] /home/unitree/.local/lib/python3.8/site-packages/setuptools/_distutils/cmd.py:66: SetuptoolsDeprecationWarning: setup.py install is deprecated.
[3.533s] !!
[3.533s] 
[3.533s]         ********************************************************************************
[3.533s]         Please avoid running ``setup.py`` directly.
[3.533s]         Instead, use pypa/build, pypa/installer or other
[3.533s]         standards-based tools.
[3.533s] 
[3.533s]         See https://blog.ganssle.io/articles/2021/10/setup-py-deprecated.html for details.
[3.534s]         ********************************************************************************
[3.534s] 
[3.534s] !!
[3.534s]   self.initialize_options()
[3.598s] Invoked command in '/home/unitree/odom/src/go2_mapping' returned '0': PYTHONPATH=/home/unitree/odom/build/go2_mapping/prefix_override:/home/unitree/odom/install/go2_mapping/lib/python3.8/site-packages:${PYTHONPATH} /usr/bin/python3 setup.py egg_info --egg-base ../../build/go2_mapping build --build-base /home/unitree/odom/build/go2_mapping/build install --record /home/unitree/odom/build/go2_mapping/install.log --single-version-externally-managed
