[3.524s] Invoking command in '/home/unitree/odom/build/go2_mapping': PYTHONPATH=/home/unitree/odom/build/go2_mapping/prefix_override:/home/unitree/odom/install/go2_mapping/lib/python3.8/site-packages:${PYTHONPATH} /usr/bin/python3 setup.py develop --uninstall --editable --build-directory /home/unitree/odom/build/go2_mapping/build
[5.714s] running develop
[6.133s] Removing /home/unitree/odom/install/go2_mapping/lib/python3.8/site-packages/go2-mapping.egg-link (link to .)
[6.135s] Note: you must uninstall or replace scripts manually!
[6.220s] Invoked command in '/home/unitree/odom/build/go2_mapping' returned '0': PYTHONPATH=/home/unitree/odom/build/go2_mapping/prefix_override:/home/unitree/odom/install/go2_mapping/lib/python3.8/site-packages:${PYTHONPATH} /usr/bin/python3 setup.py develop --uninstall --editable --build-directory /home/unitree/odom/build/go2_mapping/build
[6.230s] Invoking command in '/home/unitree/odom/src/go2_mapping': PYTHONPATH=/home/unitree/odom/build/go2_mapping/prefix_override:/home/unitree/odom/install/go2_mapping/lib/python3.8/site-packages:${PYTHONPATH} /usr/bin/python3 setup.py egg_info --egg-base ../../build/go2_mapping build --build-base /home/unitree/odom/build/go2_mapping/build install --record /home/unitree/odom/build/go2_mapping/install.log --single-version-externally-managed
[6.913s] running egg_info
[6.917s] writing ../../build/go2_mapping/go2_mapping.egg-info/PKG-INFO
[6.920s] writing dependency_links to ../../build/go2_mapping/go2_mapping.egg-info/dependency_links.txt
[6.922s] writing entry points to ../../build/go2_mapping/go2_mapping.egg-info/entry_points.txt
[6.924s] writing requirements to ../../build/go2_mapping/go2_mapping.egg-info/requires.txt
[6.926s] writing top-level names to ../../build/go2_mapping/go2_mapping.egg-info/top_level.txt
[7.056s] reading manifest file '../../build/go2_mapping/go2_mapping.egg-info/SOURCES.txt'
[7.061s] writing manifest file '../../build/go2_mapping/go2_mapping.egg-info/SOURCES.txt'
[7.064s] running build
[7.065s] running build_py
[7.068s] running build_scripts
[7.069s] running install
[7.078s] running install_lib
[7.083s] creating /home/unitree/odom/install/go2_mapping/lib/python3.8/site-packages/go2_mapping
[7.085s] copying /home/unitree/odom/build/go2_mapping/build/lib/go2_mapping/__init__.py -> /home/unitree/odom/install/go2_mapping/lib/python3.8/site-packages/go2_mapping
[7.086s] copying /home/unitree/odom/build/go2_mapping/build/lib/go2_mapping/odom_to_tf.py -> /home/unitree/odom/install/go2_mapping/lib/python3.8/site-packages/go2_mapping
[7.089s] byte-compiling /home/unitree/odom/install/go2_mapping/lib/python3.8/site-packages/go2_mapping/__init__.py to __init__.cpython-38.pyc
[7.095s] byte-compiling /home/unitree/odom/install/go2_mapping/lib/python3.8/site-packages/go2_mapping/odom_to_tf.py to odom_to_tf.cpython-38.pyc
[7.098s] running install_data
[7.103s] copying launch/go2_navigation.launch.py -> /home/unitree/odom/install/go2_mapping/share/go2_mapping/launch
[7.107s] copying launch/go2_mapping.launch.py -> /home/unitree/odom/install/go2_mapping/share/go2_mapping/launch
[7.109s] running install_egg_info
[7.123s] Copying ../../build/go2_mapping/go2_mapping.egg-info to /home/unitree/odom/install/go2_mapping/lib/python3.8/site-packages/go2_mapping-1.0.0-py3.8.egg-info
[7.139s] running install_scripts
[7.240s] changing mode of /home/unitree/odom/install/go2_mapping/lib/go2_mapping/save_map.py to 775
[7.273s] Installing odom_to_tf script to /home/unitree/odom/install/go2_mapping/lib/go2_mapping
[7.278s] writing list of installed files to '/home/unitree/odom/build/go2_mapping/install.log'
[7.359s] Invoked command in '/home/unitree/odom/src/go2_mapping' returned '0': PYTHONPATH=/home/unitree/odom/build/go2_mapping/prefix_override:/home/unitree/odom/install/go2_mapping/lib/python3.8/site-packages:${PYTHONPATH} /usr/bin/python3 setup.py egg_info --egg-base ../../build/go2_mapping build --build-base /home/unitree/odom/build/go2_mapping/build install --record /home/unitree/odom/build/go2_mapping/install.log --single-version-externally-managed
