[4.463s] DEBUG:colcon:Command line arguments: ['/usr/bin/colcon', 'build', '--symlink-install']
[4.463s] DEBUG:colcon:Parsed command line arguments: Namespace(allow_overriding=[], ament_cmake_args=None, base_paths=['.'], build_base='build', catkin_cmake_args=None, catkin_skip_building_tests=False, cmake_args=None, cmake_clean_cache=False, cmake_clean_first=False, cmake_force_configure=False, cmake_target=None, cmake_target_skip_unavailable=False, continue_on_error=False, event_handlers=None, executor='parallel', ignore_user_meta=False, install_base='install', log_base=None, log_level=None, main=<bound method BuildVerb.main of <colcon_core.verb.build.BuildVerb object at 0xffffbcd94b50>>, merge_install=False, metas=['./colcon.meta'], packages_above=None, packages_above_and_dependencies=None, packages_above_depth=None, packages_end=None, packages_ignore=None, packages_ignore_regex=None, packages_select=None, packages_select_build_failed=False, packages_select_by_dep=None, packages_select_regex=None, packages_select_test_failures=False, packages_skip=None, packages_skip_build_finished=False, packages_skip_by_dep=None, packages_skip_regex=None, packages_skip_test_passed=False, packages_skip_up_to=None, packages_start=None, packages_up_to=None, packages_up_to_regex=None, parallel_workers=4, paths=None, symlink_install=True, test_result_base=None, verb_extension=<colcon_core.verb.build.BuildVerb object at 0xffffbcd94b50>, verb_name='build', verb_parser=<colcon_defaults.argument_parser.defaults.DefaultArgumentsDecorator object at 0xffffbc95a520>)
[4.675s] Level 1:colcon.colcon_core.package_discovery:discover_packages(colcon_meta) check parameters
[4.676s] Level 1:colcon.colcon_core.package_discovery:discover_packages(recursive) check parameters
[4.676s] Level 1:colcon.colcon_core.package_discovery:discover_packages(ignore) check parameters
[4.676s] Level 1:colcon.colcon_core.package_discovery:discover_packages(path) check parameters
[4.676s] Level 1:colcon.colcon_core.package_discovery:discover_packages(colcon_meta) discover
[4.676s] Level 1:colcon.colcon_core.package_discovery:discover_packages(recursive) discover
[4.676s] INFO:colcon.colcon_core.package_discovery:Crawling recursively for packages in '/home/unitree/xt16_ws'
[4.676s] Level 1:colcon.colcon_core.package_identification:_identify(.) by extensions ['ignore', 'ignore_ament_install']
[4.677s] Level 1:colcon.colcon_core.package_identification:_identify(.) by extension 'ignore'
[4.677s] Level 1:colcon.colcon_core.package_identification:_identify(.) by extension 'ignore_ament_install'
[4.677s] Level 1:colcon.colcon_core.package_identification:_identify(.) by extensions ['colcon_pkg']
[4.677s] Level 1:colcon.colcon_core.package_identification:_identify(.) by extension 'colcon_pkg'
[4.677s] Level 1:colcon.colcon_core.package_identification:_identify(.) by extensions ['colcon_meta']
[4.677s] Level 1:colcon.colcon_core.package_identification:_identify(.) by extension 'colcon_meta'
[4.677s] Level 1:colcon.colcon_core.package_identification:_identify(.) by extensions ['ros']
[4.677s] Level 1:colcon.colcon_core.package_identification:_identify(.) by extension 'ros'
[4.697s] Level 1:colcon.colcon_core.package_identification:_identify(.) by extensions ['cmake', 'python']
[4.697s] Level 1:colcon.colcon_core.package_identification:_identify(.) by extension 'cmake'
[4.698s] Level 1:colcon.colcon_core.package_identification:_identify(.) by extension 'python'
[4.698s] Level 1:colcon.colcon_core.package_identification:_identify(.) by extensions ['python_setup_py']
[4.698s] Level 1:colcon.colcon_core.package_identification:_identify(.) by extension 'python_setup_py'
[4.698s] Level 1:colcon.colcon_core.package_identification:_identify(build) by extensions ['ignore', 'ignore_ament_install']
[4.698s] Level 1:colcon.colcon_core.package_identification:_identify(build) by extension 'ignore'
[4.698s] Level 1:colcon.colcon_core.package_identification:_identify(build) ignored
[4.699s] Level 1:colcon.colcon_core.package_identification:_identify(install) by extensions ['ignore', 'ignore_ament_install']
[4.699s] Level 1:colcon.colcon_core.package_identification:_identify(install) by extension 'ignore'
[4.699s] Level 1:colcon.colcon_core.package_identification:_identify(install) ignored
[4.699s] Level 1:colcon.colcon_core.package_identification:_identify(log) by extensions ['ignore', 'ignore_ament_install']
[4.699s] Level 1:colcon.colcon_core.package_identification:_identify(log) by extension 'ignore'
[4.699s] Level 1:colcon.colcon_core.package_identification:_identify(log) ignored
[4.699s] Level 1:colcon.colcon_core.package_identification:_identify(src) by extensions ['ignore', 'ignore_ament_install']
[4.700s] Level 1:colcon.colcon_core.package_identification:_identify(src) by extension 'ignore'
[4.700s] Level 1:colcon.colcon_core.package_identification:_identify(src) by extension 'ignore_ament_install'
[4.700s] Level 1:colcon.colcon_core.package_identification:_identify(src) by extensions ['colcon_pkg']
[4.700s] Level 1:colcon.colcon_core.package_identification:_identify(src) by extension 'colcon_pkg'
[4.700s] Level 1:colcon.colcon_core.package_identification:_identify(src) by extensions ['colcon_meta']
[4.700s] Level 1:colcon.colcon_core.package_identification:_identify(src) by extension 'colcon_meta'
[4.700s] Level 1:colcon.colcon_core.package_identification:_identify(src) by extensions ['ros']
[4.700s] Level 1:colcon.colcon_core.package_identification:_identify(src) by extension 'ros'
[4.700s] Level 1:colcon.colcon_core.package_identification:_identify(src) by extensions ['cmake', 'python']
[4.700s] Level 1:colcon.colcon_core.package_identification:_identify(src) by extension 'cmake'
[4.701s] Level 1:colcon.colcon_core.package_identification:_identify(src) by extension 'python'
[4.701s] Level 1:colcon.colcon_core.package_identification:_identify(src) by extensions ['python_setup_py']
[4.701s] Level 1:colcon.colcon_core.package_identification:_identify(src) by extension 'python_setup_py'
[4.701s] Level 1:colcon.colcon_core.package_identification:_identify(src/HesaiLidar_ROS_2.0) by extensions ['ignore', 'ignore_ament_install']
[4.701s] Level 1:colcon.colcon_core.package_identification:_identify(src/HesaiLidar_ROS_2.0) by extension 'ignore'
[4.701s] Level 1:colcon.colcon_core.package_identification:_identify(src/HesaiLidar_ROS_2.0) by extension 'ignore_ament_install'
[4.701s] Level 1:colcon.colcon_core.package_identification:_identify(src/HesaiLidar_ROS_2.0) by extensions ['colcon_pkg']
[4.701s] Level 1:colcon.colcon_core.package_identification:_identify(src/HesaiLidar_ROS_2.0) by extension 'colcon_pkg'
[4.701s] Level 1:colcon.colcon_core.package_identification:_identify(src/HesaiLidar_ROS_2.0) by extensions ['colcon_meta']
[4.701s] Level 1:colcon.colcon_core.package_identification:_identify(src/HesaiLidar_ROS_2.0) by extension 'colcon_meta'
[4.702s] Level 1:colcon.colcon_core.package_identification:_identify(src/HesaiLidar_ROS_2.0) by extensions ['ros']
[4.702s] Level 1:colcon.colcon_core.package_identification:_identify(src/HesaiLidar_ROS_2.0) by extension 'ros'
[4.723s] DEBUG:colcon.colcon_core.package_identification:Package 'src/HesaiLidar_ROS_2.0' with type 'ros.ament_cmake' and name 'hesai_ros_driver'
[4.723s] Level 1:colcon.colcon_core.package_discovery:discover_packages(recursive) using defaults
[4.723s] Level 1:colcon.colcon_core.package_discovery:discover_packages(ignore) discover
[4.723s] Level 1:colcon.colcon_core.package_discovery:discover_packages(ignore) using defaults
[4.723s] Level 1:colcon.colcon_core.package_discovery:discover_packages(path) discover
[4.723s] Level 1:colcon.colcon_core.package_discovery:discover_packages(path) using defaults
[5.128s] Level 1:colcon.colcon_core.package_discovery:discover_packages(prefix_path) check parameters
[5.129s] Level 1:colcon.colcon_core.package_discovery:discover_packages(prefix_path) discover
[5.280s] DEBUG:colcon.colcon_installed_package_information.package_discovery:Found 0 installed packages in /home/unitree/xt16_ws/install
[5.355s] DEBUG:colcon.colcon_installed_package_information.package_discovery:Found 2 installed packages in /home/unitree/cyclonedds_ws/install
[5.430s] DEBUG:colcon.colcon_installed_package_information.package_discovery:Found 0 installed packages in /home/unitree/unitree_test_ws/install
[5.534s] DEBUG:colcon.colcon_installed_package_information.package_discovery:Found 295 installed packages in /opt/ros/foxy
[5.537s] Level 1:colcon.colcon_core.package_discovery:discover_packages(prefix_path) using defaults
[5.819s] Level 5:colcon.colcon_core.verb:set package 'hesai_ros_driver' build argument 'cmake_args' from command line to 'None'
[5.819s] Level 5:colcon.colcon_core.verb:set package 'hesai_ros_driver' build argument 'cmake_target' from command line to 'None'
[5.819s] Level 5:colcon.colcon_core.verb:set package 'hesai_ros_driver' build argument 'cmake_target_skip_unavailable' from command line to 'False'
[5.819s] Level 5:colcon.colcon_core.verb:set package 'hesai_ros_driver' build argument 'cmake_clean_cache' from command line to 'False'
[5.819s] Level 5:colcon.colcon_core.verb:set package 'hesai_ros_driver' build argument 'cmake_clean_first' from command line to 'False'
[5.819s] Level 5:colcon.colcon_core.verb:set package 'hesai_ros_driver' build argument 'cmake_force_configure' from command line to 'False'
[5.819s] Level 5:colcon.colcon_core.verb:set package 'hesai_ros_driver' build argument 'ament_cmake_args' from command line to 'None'
[5.819s] Level 5:colcon.colcon_core.verb:set package 'hesai_ros_driver' build argument 'catkin_cmake_args' from command line to 'None'
[5.819s] Level 5:colcon.colcon_core.verb:set package 'hesai_ros_driver' build argument 'catkin_skip_building_tests' from command line to 'False'
[5.819s] DEBUG:colcon.colcon_core.verb:Building package 'hesai_ros_driver' with the following arguments: {'ament_cmake_args': None, 'build_base': '/home/unitree/xt16_ws/build/hesai_ros_driver', 'catkin_cmake_args': None, 'catkin_skip_building_tests': False, 'cmake_args': None, 'cmake_clean_cache': False, 'cmake_clean_first': False, 'cmake_force_configure': False, 'cmake_target': None, 'cmake_target_skip_unavailable': False, 'install_base': '/home/unitree/xt16_ws/install/hesai_ros_driver', 'merge_install': False, 'path': '/home/unitree/xt16_ws/src/HesaiLidar_ROS_2.0', 'symlink_install': True, 'test_result_base': None}
[5.894s] INFO:colcon.colcon_core.executor:Executing jobs using 'parallel' executor
[5.970s] DEBUG:colcon.colcon_parallel_executor.executor.parallel:run_until_complete
[5.971s] INFO:colcon.colcon_ros.task.ament_cmake.build:Building ROS package in '/home/unitree/xt16_ws/src/HesaiLidar_ROS_2.0' with build type 'ament_cmake'
[5.971s] INFO:colcon.colcon_cmake.task.cmake.build:Building CMake package in '/home/unitree/xt16_ws/src/HesaiLidar_ROS_2.0'
[6.050s] INFO:colcon.colcon_core.plugin_system:Skipping extension 'colcon_core.shell.bat': Not used on non-Windows systems
[6.051s] INFO:colcon.colcon_core.shell:Skip shell extension 'powershell' for command environment: Not usable outside of PowerShell
[6.051s] DEBUG:colcon.colcon_core.shell:Skip shell extension 'dsv' for command environment
[6.477s] DEBUG:colcon.colcon_core.event_handler.log_command:Invoking command in '/home/unitree/xt16_ws/build/hesai_ros_driver': CMAKE_PREFIX_PATH=${CMAKE_PREFIX_PATH}:/opt/ros/foxy /usr/bin/cmake /home/unitree/xt16_ws/src/HesaiLidar_ROS_2.0 -DAMENT_CMAKE_SYMLINK_INSTALL=1 -DCMAKE_INSTALL_PREFIX=/home/unitree/xt16_ws/install/hesai_ros_driver
[12.817s] DEBUG:colcon.colcon_core.event_handler.log_command:Invoked command in '/home/unitree/xt16_ws/build/hesai_ros_driver' returned '0': CMAKE_PREFIX_PATH=${CMAKE_PREFIX_PATH}:/opt/ros/foxy /usr/bin/cmake /home/unitree/xt16_ws/src/HesaiLidar_ROS_2.0 -DAMENT_CMAKE_SYMLINK_INSTALL=1 -DCMAKE_INSTALL_PREFIX=/home/unitree/xt16_ws/install/hesai_ros_driver
[12.825s] DEBUG:colcon.colcon_core.event_handler.log_command:Invoking command in '/home/unitree/xt16_ws/build/hesai_ros_driver': CMAKE_PREFIX_PATH=${CMAKE_PREFIX_PATH}:/opt/ros/foxy /usr/bin/cmake --build /home/unitree/xt16_ws/build/hesai_ros_driver -- -j4 -l4
[87.330s] DEBUG:colcon.colcon_core.event_handler.log_command:Invoked command in '/home/unitree/xt16_ws/build/hesai_ros_driver' returned '0': CMAKE_PREFIX_PATH=${CMAKE_PREFIX_PATH}:/opt/ros/foxy /usr/bin/cmake --build /home/unitree/xt16_ws/build/hesai_ros_driver -- -j4 -l4
[87.551s] DEBUG:colcon.colcon_core.event_handler.log_command:Invoking command in '/home/unitree/xt16_ws/build/hesai_ros_driver': CMAKE_PREFIX_PATH=${CMAKE_PREFIX_PATH}:/opt/ros/foxy /usr/bin/cmake --install /home/unitree/xt16_ws/build/hesai_ros_driver
[90.406s] Level 1:colcon.colcon_core.environment:create_environment_scripts_only(hesai_ros_driver)
[90.407s] DEBUG:colcon.colcon_core.event_handler.log_command:Invoked command in '/home/unitree/xt16_ws/build/hesai_ros_driver' returned '0': CMAKE_PREFIX_PATH=${CMAKE_PREFIX_PATH}:/opt/ros/foxy /usr/bin/cmake --install /home/unitree/xt16_ws/build/hesai_ros_driver
[90.512s] Level 1:colcon.colcon_core.environment:checking '/home/unitree/xt16_ws/install/hesai_ros_driver' for CMake module files
[90.513s] Level 1:colcon.colcon_core.environment:checking '/home/unitree/xt16_ws/install/hesai_ros_driver' for CMake config files
[90.515s] Level 1:colcon.colcon_core.shell:create_environment_hook('hesai_ros_driver', 'cmake_prefix_path')
[90.593s] INFO:colcon.colcon_core.shell:Creating environment hook '/home/unitree/xt16_ws/install/hesai_ros_driver/share/hesai_ros_driver/hook/cmake_prefix_path.ps1'
[90.595s] INFO:colcon.colcon_core.shell:Creating environment descriptor '/home/unitree/xt16_ws/install/hesai_ros_driver/share/hesai_ros_driver/hook/cmake_prefix_path.dsv'
[90.596s] INFO:colcon.colcon_core.shell:Creating environment hook '/home/unitree/xt16_ws/install/hesai_ros_driver/share/hesai_ros_driver/hook/cmake_prefix_path.sh'
[90.598s] Level 1:colcon.colcon_core.environment:checking '/home/unitree/xt16_ws/install/hesai_ros_driver/lib'
[90.598s] Level 1:colcon.colcon_core.shell:create_environment_hook('hesai_ros_driver', 'ld_library_path_lib')
[90.675s] INFO:colcon.colcon_core.shell:Creating environment hook '/home/unitree/xt16_ws/install/hesai_ros_driver/share/hesai_ros_driver/hook/ld_library_path_lib.ps1'
[90.676s] INFO:colcon.colcon_core.shell:Creating environment descriptor '/home/unitree/xt16_ws/install/hesai_ros_driver/share/hesai_ros_driver/hook/ld_library_path_lib.dsv'
[90.676s] INFO:colcon.colcon_core.shell:Creating environment hook '/home/unitree/xt16_ws/install/hesai_ros_driver/share/hesai_ros_driver/hook/ld_library_path_lib.sh'
[90.677s] Level 1:colcon.colcon_core.environment:checking '/home/unitree/xt16_ws/install/hesai_ros_driver/bin'
[90.677s] Level 1:colcon.colcon_core.environment:checking '/home/unitree/xt16_ws/install/hesai_ros_driver/lib/pkgconfig/hesai_ros_driver.pc'
[90.677s] Level 1:colcon.colcon_core.environment:checking '/home/unitree/xt16_ws/install/hesai_ros_driver/lib/python3.8/site-packages'
[90.678s] Level 1:colcon.colcon_core.environment:checking '/home/unitree/xt16_ws/install/hesai_ros_driver/bin'
[90.755s] INFO:colcon.colcon_core.shell:Creating package script '/home/unitree/xt16_ws/install/hesai_ros_driver/share/hesai_ros_driver/package.ps1'
[90.756s] INFO:colcon.colcon_core.shell:Creating package descriptor '/home/unitree/xt16_ws/install/hesai_ros_driver/share/hesai_ros_driver/package.dsv'
[90.757s] INFO:colcon.colcon_core.shell:Creating package script '/home/unitree/xt16_ws/install/hesai_ros_driver/share/hesai_ros_driver/package.sh'
[90.758s] INFO:colcon.colcon_core.shell:Creating package script '/home/unitree/xt16_ws/install/hesai_ros_driver/share/hesai_ros_driver/package.bash'
[90.760s] INFO:colcon.colcon_core.shell:Creating package script '/home/unitree/xt16_ws/install/hesai_ros_driver/share/hesai_ros_driver/package.zsh'
[90.761s] Level 1:colcon.colcon_core.environment:create_file_with_runtime_dependencies(/home/unitree/xt16_ws/install/hesai_ros_driver/share/colcon-core/packages/hesai_ros_driver)
[91.040s] Level 1:colcon.colcon_core.environment:create_environment_scripts_only(hesai_ros_driver)
[91.116s] Level 1:colcon.colcon_core.environment:checking '/home/unitree/xt16_ws/install/hesai_ros_driver' for CMake module files
[91.117s] Level 1:colcon.colcon_core.environment:checking '/home/unitree/xt16_ws/install/hesai_ros_driver' for CMake config files
[91.119s] Level 1:colcon.colcon_core.shell:create_environment_hook('hesai_ros_driver', 'cmake_prefix_path')
[91.195s] INFO:colcon.colcon_core.shell:Creating environment hook '/home/unitree/xt16_ws/install/hesai_ros_driver/share/hesai_ros_driver/hook/cmake_prefix_path.ps1'
[91.196s] INFO:colcon.colcon_core.shell:Creating environment descriptor '/home/unitree/xt16_ws/install/hesai_ros_driver/share/hesai_ros_driver/hook/cmake_prefix_path.dsv'
[91.196s] INFO:colcon.colcon_core.shell:Creating environment hook '/home/unitree/xt16_ws/install/hesai_ros_driver/share/hesai_ros_driver/hook/cmake_prefix_path.sh'
[91.197s] Level 1:colcon.colcon_core.environment:checking '/home/unitree/xt16_ws/install/hesai_ros_driver/lib'
[91.197s] Level 1:colcon.colcon_core.shell:create_environment_hook('hesai_ros_driver', 'ld_library_path_lib')
[91.274s] INFO:colcon.colcon_core.shell:Creating environment hook '/home/unitree/xt16_ws/install/hesai_ros_driver/share/hesai_ros_driver/hook/ld_library_path_lib.ps1'
[91.275s] INFO:colcon.colcon_core.shell:Creating environment descriptor '/home/unitree/xt16_ws/install/hesai_ros_driver/share/hesai_ros_driver/hook/ld_library_path_lib.dsv'
[91.276s] INFO:colcon.colcon_core.shell:Creating environment hook '/home/unitree/xt16_ws/install/hesai_ros_driver/share/hesai_ros_driver/hook/ld_library_path_lib.sh'
[91.276s] Level 1:colcon.colcon_core.environment:checking '/home/unitree/xt16_ws/install/hesai_ros_driver/bin'
[91.276s] Level 1:colcon.colcon_core.environment:checking '/home/unitree/xt16_ws/install/hesai_ros_driver/lib/pkgconfig/hesai_ros_driver.pc'
[91.277s] Level 1:colcon.colcon_core.environment:checking '/home/unitree/xt16_ws/install/hesai_ros_driver/lib/python3.8/site-packages'
[91.277s] Level 1:colcon.colcon_core.environment:checking '/home/unitree/xt16_ws/install/hesai_ros_driver/bin'
[91.354s] INFO:colcon.colcon_core.shell:Creating package script '/home/unitree/xt16_ws/install/hesai_ros_driver/share/hesai_ros_driver/package.ps1'
[91.355s] INFO:colcon.colcon_core.shell:Creating package descriptor '/home/unitree/xt16_ws/install/hesai_ros_driver/share/hesai_ros_driver/package.dsv'
[91.356s] INFO:colcon.colcon_core.shell:Creating package script '/home/unitree/xt16_ws/install/hesai_ros_driver/share/hesai_ros_driver/package.sh'
[91.357s] INFO:colcon.colcon_core.shell:Creating package script '/home/unitree/xt16_ws/install/hesai_ros_driver/share/hesai_ros_driver/package.bash'
[91.357s] INFO:colcon.colcon_core.shell:Creating package script '/home/unitree/xt16_ws/install/hesai_ros_driver/share/hesai_ros_driver/package.zsh'
[91.358s] Level 1:colcon.colcon_core.environment:create_file_with_runtime_dependencies(/home/unitree/xt16_ws/install/hesai_ros_driver/share/colcon-core/packages/hesai_ros_driver)
[91.359s] DEBUG:colcon.colcon_parallel_executor.executor.parallel:closing loop
[91.359s] DEBUG:colcon.colcon_parallel_executor.executor.parallel:loop closed
[91.359s] DEBUG:colcon.colcon_parallel_executor.executor.parallel:run_until_complete finished with '0'
[91.360s] DEBUG:colcon.colcon_core.event_reactor:joining thread
[91.458s] INFO:colcon.colcon_core.plugin_system:Skipping extension 'colcon_notification.desktop_notification.terminal_notifier': Not used on non-Darwin systems
[91.458s] INFO:colcon.colcon_core.plugin_system:Skipping extension 'colcon_notification.desktop_notification.win32': Not used on non-Windows systems
[91.459s] INFO:colcon.colcon_notification.desktop_notification:Sending desktop notification using 'notify2'
[91.480s] DEBUG:colcon.colcon_notification.desktop_notification.notify2:Failed to initialize notify2: org.freedesktop.DBus.Error.Spawn.ChildExited: Process org.freedesktop.Notifications exited with status 1
[91.480s] DEBUG:colcon.colcon_core.event_reactor:joined thread
[91.557s] INFO:colcon.colcon_core.shell:Creating prefix script '/home/unitree/xt16_ws/install/local_setup.ps1'
[91.559s] INFO:colcon.colcon_core.shell:Creating prefix util module '/home/unitree/xt16_ws/install/_local_setup_util_ps1.py'
[91.561s] INFO:colcon.colcon_core.shell:Creating prefix chain script '/home/unitree/xt16_ws/install/setup.ps1'
[91.639s] INFO:colcon.colcon_core.shell:Creating prefix script '/home/unitree/xt16_ws/install/local_setup.sh'
[91.640s] INFO:colcon.colcon_core.shell:Creating prefix util module '/home/unitree/xt16_ws/install/_local_setup_util_sh.py'
[91.640s] INFO:colcon.colcon_core.shell:Creating prefix chain script '/home/unitree/xt16_ws/install/setup.sh'
[91.717s] INFO:colcon.colcon_core.shell:Creating prefix script '/home/unitree/xt16_ws/install/local_setup.bash'
[91.717s] INFO:colcon.colcon_core.shell:Creating prefix chain script '/home/unitree/xt16_ws/install/setup.bash'
[91.793s] INFO:colcon.colcon_core.shell:Creating prefix script '/home/unitree/xt16_ws/install/local_setup.zsh'
[91.794s] INFO:colcon.colcon_core.shell:Creating prefix chain script '/home/unitree/xt16_ws/install/setup.zsh'
