[2.034s] Invoking command in '/home/unitree/odom/src/go2_mapping': PYTHONPATH=/home/unitree/odom/build/go2_mapping/prefix_override:/home/unitree/odom/install/go2_mapping/lib/python3.8/site-packages:${PYTHONPATH} /usr/bin/python3 setup.py egg_info --egg-base ../../build/go2_mapping build --build-base /home/unitree/odom/build/go2_mapping/build install --record /home/unitree/odom/build/go2_mapping/install.log --single-version-externally-managed
[2.459s] running egg_info
[2.459s] writing ../../build/go2_mapping/go2_mapping.egg-info/PKG-INFO
[2.460s] writing dependency_links to ../../build/go2_mapping/go2_mapping.egg-info/dependency_links.txt
[2.460s] writing entry points to ../../build/go2_mapping/go2_mapping.egg-info/entry_points.txt
[2.461s] writing requirements to ../../build/go2_mapping/go2_mapping.egg-info/requires.txt
[2.461s] writing top-level names to ../../build/go2_mapping/go2_mapping.egg-info/top_level.txt
[2.519s] reading manifest file '../../build/go2_mapping/go2_mapping.egg-info/SOURCES.txt'
[2.521s] writing manifest file '../../build/go2_mapping/go2_mapping.egg-info/SOURCES.txt'
[2.521s] running build
[2.521s] running build_py
[2.522s] running install
[2.523s] running install_lib
[2.526s] running install_data
[2.527s] copying launch/go2_slam_full.launch.py -> /home/unitree/odom/install/go2_mapping/share/go2_mapping/launch
[2.527s] running install_egg_info
[2.530s] removing '/home/unitree/odom/install/go2_mapping/lib/python3.8/site-packages/go2_mapping-1.0.0-py3.8.egg-info' (and everything under it)
[2.531s] Copying ../../build/go2_mapping/go2_mapping.egg-info to /home/unitree/odom/install/go2_mapping/lib/python3.8/site-packages/go2_mapping-1.0.0-py3.8.egg-info
[2.533s] running install_scripts
[2.565s] Installing odom_to_tf script to /home/unitree/odom/install/go2_mapping/lib/go2_mapping
[2.566s] writing list of installed files to '/home/unitree/odom/build/go2_mapping/install.log'
[2.621s] Invoked command in '/home/unitree/odom/src/go2_mapping' returned '0': PYTHONPATH=/home/unitree/odom/build/go2_mapping/prefix_override:/home/unitree/odom/install/go2_mapping/lib/python3.8/site-packages:${PYTHONPATH} /usr/bin/python3 setup.py egg_info --egg-base ../../build/go2_mapping build --build-base /home/unitree/odom/build/go2_mapping/build install --record /home/unitree/odom/build/go2_mapping/install.log --single-version-externally-managed
