[9.437s] DEBUG:colcon:Command line arguments: ['/usr/bin/colcon', 'build', '--packages-select', 'go2_mapping']
[9.437s] DEBUG:colcon:Parsed command line arguments: Namespace(allow_overriding=[], ament_cmake_args=None, base_paths=['.'], build_base='build', catkin_cmake_args=None, catkin_skip_building_tests=False, cmake_args=None, cmake_clean_cache=False, cmake_clean_first=False, cmake_force_configure=False, cmake_target=None, cmake_target_skip_unavailable=False, continue_on_error=False, event_handlers=None, executor='parallel', ignore_user_meta=False, install_base='install', log_base=None, log_level=None, main=<bound method BuildVerb.main of <colcon_core.verb.build.BuildVerb object at 0xffffb2fb14f0>>, merge_install=False, metas=['./colcon.meta'], packages_above=None, packages_above_and_dependencies=None, packages_above_depth=None, packages_end=None, packages_ignore=None, packages_ignore_regex=None, packages_select=['go2_mapping'], packages_select_build_failed=False, packages_select_by_dep=None, packages_select_regex=None, packages_select_test_failures=False, packages_skip=None, packages_skip_build_finished=False, packages_skip_by_dep=None, packages_skip_regex=None, packages_skip_test_passed=False, packages_skip_up_to=None, packages_start=None, packages_up_to=None, packages_up_to_regex=None, parallel_workers=4, paths=None, symlink_install=False, test_result_base=None, verb_extension=<colcon_core.verb.build.BuildVerb object at 0xffffb2fb14f0>, verb_name='build', verb_parser=<colcon_defaults.argument_parser.defaults.DefaultArgumentsDecorator object at 0xffffb2bca4f0>)
[9.703s] Level 1:colcon.colcon_core.package_discovery:discover_packages(colcon_meta) check parameters
[9.703s] Level 1:colcon.colcon_core.package_discovery:discover_packages(recursive) check parameters
[9.703s] Level 1:colcon.colcon_core.package_discovery:discover_packages(ignore) check parameters
[9.704s] Level 1:colcon.colcon_core.package_discovery:discover_packages(path) check parameters
[9.704s] Level 1:colcon.colcon_core.package_discovery:discover_packages(colcon_meta) discover
[9.704s] Level 1:colcon.colcon_core.package_discovery:discover_packages(recursive) discover
[9.704s] INFO:colcon.colcon_core.package_discovery:Crawling recursively for packages in '/home/unitree/odom'
[9.704s] Level 1:colcon.colcon_core.package_identification:_identify(.) by extensions ['ignore', 'ignore_ament_install']
[9.704s] Level 1:colcon.colcon_core.package_identification:_identify(.) by extension 'ignore'
[9.705s] Level 1:colcon.colcon_core.package_identification:_identify(.) by extension 'ignore_ament_install'
[9.705s] Level 1:colcon.colcon_core.package_identification:_identify(.) by extensions ['colcon_pkg']
[9.705s] Level 1:colcon.colcon_core.package_identification:_identify(.) by extension 'colcon_pkg'
[9.705s] Level 1:colcon.colcon_core.package_identification:_identify(.) by extensions ['colcon_meta']
[9.705s] Level 1:colcon.colcon_core.package_identification:_identify(.) by extension 'colcon_meta'
[9.705s] Level 1:colcon.colcon_core.package_identification:_identify(.) by extensions ['ros']
[9.705s] Level 1:colcon.colcon_core.package_identification:_identify(.) by extension 'ros'
[9.731s] Level 1:colcon.colcon_core.package_identification:_identify(.) by extensions ['cmake', 'python']
[9.731s] Level 1:colcon.colcon_core.package_identification:_identify(.) by extension 'cmake'
[9.731s] Level 1:colcon.colcon_core.package_identification:_identify(.) by extension 'python'
[9.731s] Level 1:colcon.colcon_core.package_identification:_identify(.) by extensions ['python_setup_py']
[9.731s] Level 1:colcon.colcon_core.package_identification:_identify(.) by extension 'python_setup_py'
[9.732s] Level 1:colcon.colcon_core.package_identification:_identify(GO2_URDF) by extensions ['ignore', 'ignore_ament_install']
[9.732s] Level 1:colcon.colcon_core.package_identification:_identify(GO2_URDF) by extension 'ignore'
[9.733s] Level 1:colcon.colcon_core.package_identification:_identify(GO2_URDF) by extension 'ignore_ament_install'
[9.733s] Level 1:colcon.colcon_core.package_identification:_identify(GO2_URDF) by extensions ['colcon_pkg']
[9.733s] Level 1:colcon.colcon_core.package_identification:_identify(GO2_URDF) by extension 'colcon_pkg'
[9.733s] Level 1:colcon.colcon_core.package_identification:_identify(GO2_URDF) by extensions ['colcon_meta']
[9.733s] Level 1:colcon.colcon_core.package_identification:_identify(GO2_URDF) by extension 'colcon_meta'
[9.733s] Level 1:colcon.colcon_core.package_identification:_identify(GO2_URDF) by extensions ['ros']
[9.733s] Level 1:colcon.colcon_core.package_identification:_identify(GO2_URDF) by extension 'ros'
[9.742s] DEBUG:colcon.colcon_core.package_identification:Package 'GO2_URDF' with type 'ros.catkin' and name 'go2_description'
[9.743s] Level 1:colcon.colcon_core.package_identification:_identify(build) by extensions ['ignore', 'ignore_ament_install']
[9.743s] Level 1:colcon.colcon_core.package_identification:_identify(build) by extension 'ignore'
[9.743s] Level 1:colcon.colcon_core.package_identification:_identify(build) ignored
[9.743s] Level 1:colcon.colcon_core.package_identification:_identify(install) by extensions ['ignore', 'ignore_ament_install']
[9.744s] Level 1:colcon.colcon_core.package_identification:_identify(install) by extension 'ignore'
[9.744s] Level 1:colcon.colcon_core.package_identification:_identify(install) ignored
[9.744s] Level 1:colcon.colcon_core.package_identification:_identify(log) by extensions ['ignore', 'ignore_ament_install']
[9.744s] Level 1:colcon.colcon_core.package_identification:_identify(log) by extension 'ignore'
[9.744s] Level 1:colcon.colcon_core.package_identification:_identify(log) ignored
[9.745s] Level 1:colcon.colcon_core.package_identification:_identify(maps) by extensions ['ignore', 'ignore_ament_install']
[9.745s] Level 1:colcon.colcon_core.package_identification:_identify(maps) by extension 'ignore'
[9.745s] Level 1:colcon.colcon_core.package_identification:_identify(maps) by extension 'ignore_ament_install'
[9.745s] Level 1:colcon.colcon_core.package_identification:_identify(maps) by extensions ['colcon_pkg']
[9.745s] Level 1:colcon.colcon_core.package_identification:_identify(maps) by extension 'colcon_pkg'
[9.745s] Level 1:colcon.colcon_core.package_identification:_identify(maps) by extensions ['colcon_meta']
[9.745s] Level 1:colcon.colcon_core.package_identification:_identify(maps) by extension 'colcon_meta'
[9.745s] Level 1:colcon.colcon_core.package_identification:_identify(maps) by extensions ['ros']
[9.745s] Level 1:colcon.colcon_core.package_identification:_identify(maps) by extension 'ros'
[9.746s] Level 1:colcon.colcon_core.package_identification:_identify(maps) by extensions ['cmake', 'python']
[9.746s] Level 1:colcon.colcon_core.package_identification:_identify(maps) by extension 'cmake'
[9.746s] Level 1:colcon.colcon_core.package_identification:_identify(maps) by extension 'python'
[9.746s] Level 1:colcon.colcon_core.package_identification:_identify(maps) by extensions ['python_setup_py']
[9.746s] Level 1:colcon.colcon_core.package_identification:_identify(maps) by extension 'python_setup_py'
[9.746s] Level 1:colcon.colcon_core.package_identification:_identify(noneed) by extensions ['ignore', 'ignore_ament_install']
[9.747s] Level 1:colcon.colcon_core.package_identification:_identify(noneed) by extension 'ignore'
[9.747s] Level 1:colcon.colcon_core.package_identification:_identify(noneed) by extension 'ignore_ament_install'
[9.747s] Level 1:colcon.colcon_core.package_identification:_identify(noneed) by extensions ['colcon_pkg']
[9.747s] Level 1:colcon.colcon_core.package_identification:_identify(noneed) by extension 'colcon_pkg'
[9.747s] Level 1:colcon.colcon_core.package_identification:_identify(noneed) by extensions ['colcon_meta']
[9.747s] Level 1:colcon.colcon_core.package_identification:_identify(noneed) by extension 'colcon_meta'
[9.747s] Level 1:colcon.colcon_core.package_identification:_identify(noneed) by extensions ['ros']
[9.748s] Level 1:colcon.colcon_core.package_identification:_identify(noneed) by extension 'ros'
[9.748s] Level 1:colcon.colcon_core.package_identification:_identify(noneed) by extensions ['cmake', 'python']
[9.748s] Level 1:colcon.colcon_core.package_identification:_identify(noneed) by extension 'cmake'
[9.748s] Level 1:colcon.colcon_core.package_identification:_identify(noneed) by extension 'python'
[9.748s] Level 1:colcon.colcon_core.package_identification:_identify(noneed) by extensions ['python_setup_py']
[9.748s] Level 1:colcon.colcon_core.package_identification:_identify(noneed) by extension 'python_setup_py'
[9.749s] Level 1:colcon.colcon_core.package_identification:_identify(rviz) by extensions ['ignore', 'ignore_ament_install']
[9.749s] Level 1:colcon.colcon_core.package_identification:_identify(rviz) by extension 'ignore'
[9.749s] Level 1:colcon.colcon_core.package_identification:_identify(rviz) by extension 'ignore_ament_install'
[9.749s] Level 1:colcon.colcon_core.package_identification:_identify(rviz) by extensions ['colcon_pkg']
[9.749s] Level 1:colcon.colcon_core.package_identification:_identify(rviz) by extension 'colcon_pkg'
[9.749s] Level 1:colcon.colcon_core.package_identification:_identify(rviz) by extensions ['colcon_meta']
[9.750s] Level 1:colcon.colcon_core.package_identification:_identify(rviz) by extension 'colcon_meta'
[9.750s] Level 1:colcon.colcon_core.package_identification:_identify(rviz) by extensions ['ros']
[9.750s] Level 1:colcon.colcon_core.package_identification:_identify(rviz) by extension 'ros'
[9.750s] Level 1:colcon.colcon_core.package_identification:_identify(rviz) by extensions ['cmake', 'python']
[9.750s] Level 1:colcon.colcon_core.package_identification:_identify(rviz) by extension 'cmake'
[9.750s] Level 1:colcon.colcon_core.package_identification:_identify(rviz) by extension 'python'
[9.750s] Level 1:colcon.colcon_core.package_identification:_identify(rviz) by extensions ['python_setup_py']
[9.750s] Level 1:colcon.colcon_core.package_identification:_identify(rviz) by extension 'python_setup_py'
[9.751s] Level 1:colcon.colcon_core.package_identification:_identify(rviz/__pycache__) by extensions ['ignore', 'ignore_ament_install']
[9.751s] Level 1:colcon.colcon_core.package_identification:_identify(rviz/__pycache__) by extension 'ignore'
[9.751s] Level 1:colcon.colcon_core.package_identification:_identify(rviz/__pycache__) by extension 'ignore_ament_install'
[9.751s] Level 1:colcon.colcon_core.package_identification:_identify(rviz/__pycache__) by extensions ['colcon_pkg']
[9.751s] Level 1:colcon.colcon_core.package_identification:_identify(rviz/__pycache__) by extension 'colcon_pkg'
[9.751s] Level 1:colcon.colcon_core.package_identification:_identify(rviz/__pycache__) by extensions ['colcon_meta']
[9.752s] Level 1:colcon.colcon_core.package_identification:_identify(rviz/__pycache__) by extension 'colcon_meta'
[9.752s] Level 1:colcon.colcon_core.package_identification:_identify(rviz/__pycache__) by extensions ['ros']
[9.752s] Level 1:colcon.colcon_core.package_identification:_identify(rviz/__pycache__) by extension 'ros'
[9.752s] Level 1:colcon.colcon_core.package_identification:_identify(rviz/__pycache__) by extensions ['cmake', 'python']
[9.752s] Level 1:colcon.colcon_core.package_identification:_identify(rviz/__pycache__) by extension 'cmake'
[9.752s] Level 1:colcon.colcon_core.package_identification:_identify(rviz/__pycache__) by extension 'python'
[9.752s] Level 1:colcon.colcon_core.package_identification:_identify(rviz/__pycache__) by extensions ['python_setup_py']
[9.752s] Level 1:colcon.colcon_core.package_identification:_identify(rviz/__pycache__) by extension 'python_setup_py'
[9.753s] Level 1:colcon.colcon_core.package_identification:_identify(src) by extensions ['ignore', 'ignore_ament_install']
[9.753s] Level 1:colcon.colcon_core.package_identification:_identify(src) by extension 'ignore'
[9.753s] Level 1:colcon.colcon_core.package_identification:_identify(src) by extension 'ignore_ament_install'
[9.753s] Level 1:colcon.colcon_core.package_identification:_identify(src) by extensions ['colcon_pkg']
[9.753s] Level 1:colcon.colcon_core.package_identification:_identify(src) by extension 'colcon_pkg'
[9.754s] Level 1:colcon.colcon_core.package_identification:_identify(src) by extensions ['colcon_meta']
[9.754s] Level 1:colcon.colcon_core.package_identification:_identify(src) by extension 'colcon_meta'
[9.754s] Level 1:colcon.colcon_core.package_identification:_identify(src) by extensions ['ros']
[9.754s] Level 1:colcon.colcon_core.package_identification:_identify(src) by extension 'ros'
[9.754s] Level 1:colcon.colcon_core.package_identification:_identify(src) by extensions ['cmake', 'python']
[9.754s] Level 1:colcon.colcon_core.package_identification:_identify(src) by extension 'cmake'
[9.754s] Level 1:colcon.colcon_core.package_identification:_identify(src) by extension 'python'
[9.754s] Level 1:colcon.colcon_core.package_identification:_identify(src) by extensions ['python_setup_py']
[9.754s] Level 1:colcon.colcon_core.package_identification:_identify(src) by extension 'python_setup_py'
[9.755s] Level 1:colcon.colcon_core.package_identification:_identify(src/go2_mapping) by extensions ['ignore', 'ignore_ament_install']
[9.755s] Level 1:colcon.colcon_core.package_identification:_identify(src/go2_mapping) by extension 'ignore'
[9.755s] Level 1:colcon.colcon_core.package_identification:_identify(src/go2_mapping) by extension 'ignore_ament_install'
[9.756s] Level 1:colcon.colcon_core.package_identification:_identify(src/go2_mapping) by extensions ['colcon_pkg']
[9.756s] Level 1:colcon.colcon_core.package_identification:_identify(src/go2_mapping) by extension 'colcon_pkg'
[9.756s] Level 1:colcon.colcon_core.package_identification:_identify(src/go2_mapping) by extensions ['colcon_meta']
[9.756s] Level 1:colcon.colcon_core.package_identification:_identify(src/go2_mapping) by extension 'colcon_meta'
[9.756s] Level 1:colcon.colcon_core.package_identification:_identify(src/go2_mapping) by extensions ['ros']
[9.756s] Level 1:colcon.colcon_core.package_identification:_identify(src/go2_mapping) by extension 'ros'
[9.759s] DEBUG:colcon.colcon_core.package_identification:Package 'src/go2_mapping' with type 'ros.ament_python' and name 'go2_mapping'
[9.760s] Level 1:colcon.colcon_core.package_identification:_identify(xt16_ws) by extensions ['ignore', 'ignore_ament_install']
[9.760s] Level 1:colcon.colcon_core.package_identification:_identify(xt16_ws) by extension 'ignore'
[9.760s] Level 1:colcon.colcon_core.package_identification:_identify(xt16_ws) by extension 'ignore_ament_install'
[9.760s] Level 1:colcon.colcon_core.package_identification:_identify(xt16_ws) by extensions ['colcon_pkg']
[9.760s] Level 1:colcon.colcon_core.package_identification:_identify(xt16_ws) by extension 'colcon_pkg'
[9.760s] Level 1:colcon.colcon_core.package_identification:_identify(xt16_ws) by extensions ['colcon_meta']
[9.761s] Level 1:colcon.colcon_core.package_identification:_identify(xt16_ws) by extension 'colcon_meta'
[9.761s] Level 1:colcon.colcon_core.package_identification:_identify(xt16_ws) by extensions ['ros']
[9.761s] Level 1:colcon.colcon_core.package_identification:_identify(xt16_ws) by extension 'ros'
[9.761s] Level 1:colcon.colcon_core.package_identification:_identify(xt16_ws) by extensions ['cmake', 'python']
[9.761s] Level 1:colcon.colcon_core.package_identification:_identify(xt16_ws) by extension 'cmake'
[9.761s] Level 1:colcon.colcon_core.package_identification:_identify(xt16_ws) by extension 'python'
[9.761s] Level 1:colcon.colcon_core.package_identification:_identify(xt16_ws) by extensions ['python_setup_py']
[9.761s] Level 1:colcon.colcon_core.package_identification:_identify(xt16_ws) by extension 'python_setup_py'
[9.762s] Level 1:colcon.colcon_core.package_identification:_identify(xt16_ws/build) by extensions ['ignore', 'ignore_ament_install']
[9.762s] Level 1:colcon.colcon_core.package_identification:_identify(xt16_ws/build) by extension 'ignore'
[9.763s] Level 1:colcon.colcon_core.package_identification:_identify(xt16_ws/build) ignored
[9.764s] Level 1:colcon.colcon_core.package_identification:_identify(xt16_ws/install) by extensions ['ignore', 'ignore_ament_install']
[9.764s] Level 1:colcon.colcon_core.package_identification:_identify(xt16_ws/install) by extension 'ignore'
[9.764s] Level 1:colcon.colcon_core.package_identification:_identify(xt16_ws/install) ignored
[9.765s] Level 1:colcon.colcon_core.package_identification:_identify(xt16_ws/log) by extensions ['ignore', 'ignore_ament_install']
[9.765s] Level 1:colcon.colcon_core.package_identification:_identify(xt16_ws/log) by extension 'ignore'
[9.765s] Level 1:colcon.colcon_core.package_identification:_identify(xt16_ws/log) ignored
[9.765s] Level 1:colcon.colcon_core.package_identification:_identify(xt16_ws/src) by extensions ['ignore', 'ignore_ament_install']
[9.766s] Level 1:colcon.colcon_core.package_identification:_identify(xt16_ws/src) by extension 'ignore'
[9.766s] Level 1:colcon.colcon_core.package_identification:_identify(xt16_ws/src) by extension 'ignore_ament_install'
[9.766s] Level 1:colcon.colcon_core.package_identification:_identify(xt16_ws/src) by extensions ['colcon_pkg']
[9.766s] Level 1:colcon.colcon_core.package_identification:_identify(xt16_ws/src) by extension 'colcon_pkg'
[9.766s] Level 1:colcon.colcon_core.package_identification:_identify(xt16_ws/src) by extensions ['colcon_meta']
[9.766s] Level 1:colcon.colcon_core.package_identification:_identify(xt16_ws/src) by extension 'colcon_meta'
[9.766s] Level 1:colcon.colcon_core.package_identification:_identify(xt16_ws/src) by extensions ['ros']
[9.766s] Level 1:colcon.colcon_core.package_identification:_identify(xt16_ws/src) by extension 'ros'
[9.766s] Level 1:colcon.colcon_core.package_identification:_identify(xt16_ws/src) by extensions ['cmake', 'python']
[9.767s] Level 1:colcon.colcon_core.package_identification:_identify(xt16_ws/src) by extension 'cmake'
[9.767s] Level 1:colcon.colcon_core.package_identification:_identify(xt16_ws/src) by extension 'python'
[9.767s] Level 1:colcon.colcon_core.package_identification:_identify(xt16_ws/src) by extensions ['python_setup_py']
[9.767s] Level 1:colcon.colcon_core.package_identification:_identify(xt16_ws/src) by extension 'python_setup_py'
[9.767s] Level 1:colcon.colcon_core.package_identification:_identify(xt16_ws/src/HesaiLidar_ROS_2.0) by extensions ['ignore', 'ignore_ament_install']
[9.768s] Level 1:colcon.colcon_core.package_identification:_identify(xt16_ws/src/HesaiLidar_ROS_2.0) by extension 'ignore'
[9.768s] Level 1:colcon.colcon_core.package_identification:_identify(xt16_ws/src/HesaiLidar_ROS_2.0) by extension 'ignore_ament_install'
[9.768s] Level 1:colcon.colcon_core.package_identification:_identify(xt16_ws/src/HesaiLidar_ROS_2.0) by extensions ['colcon_pkg']
[9.768s] Level 1:colcon.colcon_core.package_identification:_identify(xt16_ws/src/HesaiLidar_ROS_2.0) by extension 'colcon_pkg'
[9.768s] Level 1:colcon.colcon_core.package_identification:_identify(xt16_ws/src/HesaiLidar_ROS_2.0) by extensions ['colcon_meta']
[9.768s] Level 1:colcon.colcon_core.package_identification:_identify(xt16_ws/src/HesaiLidar_ROS_2.0) by extension 'colcon_meta'
[9.768s] Level 1:colcon.colcon_core.package_identification:_identify(xt16_ws/src/HesaiLidar_ROS_2.0) by extensions ['ros']
[9.768s] Level 1:colcon.colcon_core.package_identification:_identify(xt16_ws/src/HesaiLidar_ROS_2.0) by extension 'ros'
[9.786s] DEBUG:colcon.colcon_core.package_identification:Package 'xt16_ws/src/HesaiLidar_ROS_2.0' with type 'ros.ament_cmake' and name 'hesai_ros_driver'
[9.786s] Level 1:colcon.colcon_core.package_discovery:discover_packages(recursive) using defaults
[9.786s] Level 1:colcon.colcon_core.package_discovery:discover_packages(ignore) discover
[9.786s] Level 1:colcon.colcon_core.package_discovery:discover_packages(ignore) using defaults
[9.786s] Level 1:colcon.colcon_core.package_discovery:discover_packages(path) discover
[9.786s] Level 1:colcon.colcon_core.package_discovery:discover_packages(path) using defaults
[10.068s] INFO:colcon.colcon_core.package_selection:Skipping not selected package 'go2_description' in 'GO2_URDF'
[10.068s] INFO:colcon.colcon_core.package_selection:Skipping not selected package 'hesai_ros_driver' in 'xt16_ws/src/HesaiLidar_ROS_2.0'
[10.225s] Level 1:colcon.colcon_core.package_discovery:discover_packages(prefix_path) check parameters
[10.226s] Level 1:colcon.colcon_core.package_discovery:discover_packages(prefix_path) discover
[10.393s] DEBUG:colcon.colcon_installed_package_information.package_discovery:Found 304 installed packages in /opt/ros/foxy
[10.396s] Level 1:colcon.colcon_core.package_discovery:discover_packages(prefix_path) using defaults
[10.801s] Level 5:colcon.colcon_core.verb:set package 'go2_mapping' build argument 'cmake_args' from command line to 'None'
[10.801s] Level 5:colcon.colcon_core.verb:set package 'go2_mapping' build argument 'cmake_target' from command line to 'None'
[10.801s] Level 5:colcon.colcon_core.verb:set package 'go2_mapping' build argument 'cmake_target_skip_unavailable' from command line to 'False'
[10.801s] Level 5:colcon.colcon_core.verb:set package 'go2_mapping' build argument 'cmake_clean_cache' from command line to 'False'
[10.801s] Level 5:colcon.colcon_core.verb:set package 'go2_mapping' build argument 'cmake_clean_first' from command line to 'False'
[10.802s] Level 5:colcon.colcon_core.verb:set package 'go2_mapping' build argument 'cmake_force_configure' from command line to 'False'
[10.802s] Level 5:colcon.colcon_core.verb:set package 'go2_mapping' build argument 'ament_cmake_args' from command line to 'None'
[10.802s] Level 5:colcon.colcon_core.verb:set package 'go2_mapping' build argument 'catkin_cmake_args' from command line to 'None'
[10.802s] Level 5:colcon.colcon_core.verb:set package 'go2_mapping' build argument 'catkin_skip_building_tests' from command line to 'False'
[10.802s] DEBUG:colcon.colcon_core.verb:Building package 'go2_mapping' with the following arguments: {'ament_cmake_args': None, 'build_base': '/home/unitree/odom/build/go2_mapping', 'catkin_cmake_args': None, 'catkin_skip_building_tests': False, 'cmake_args': None, 'cmake_clean_cache': False, 'cmake_clean_first': False, 'cmake_force_configure': False, 'cmake_target': None, 'cmake_target_skip_unavailable': False, 'install_base': '/home/unitree/odom/install/go2_mapping', 'merge_install': False, 'path': '/home/unitree/odom/src/go2_mapping', 'symlink_install': False, 'test_result_base': None}
[10.882s] INFO:colcon.colcon_core.executor:Executing jobs using 'parallel' executor
[10.963s] DEBUG:colcon.colcon_parallel_executor.executor.parallel:run_until_complete
[10.964s] INFO:colcon.colcon_ros.task.ament_python.build:Building ROS package in '/home/unitree/odom/src/go2_mapping' with build type 'ament_python'
[10.964s] Level 1:colcon.colcon_core.shell:create_environment_hook('go2_mapping', 'ament_prefix_path')
[11.053s] INFO:colcon.colcon_core.plugin_system:Skipping extension 'colcon_core.shell.bat': Not used on non-Windows systems
[11.053s] INFO:colcon.colcon_core.shell:Creating environment hook '/home/unitree/odom/install/go2_mapping/share/go2_mapping/hook/ament_prefix_path.ps1'
[11.057s] INFO:colcon.colcon_core.shell:Creating environment descriptor '/home/unitree/odom/install/go2_mapping/share/go2_mapping/hook/ament_prefix_path.dsv'
[11.059s] INFO:colcon.colcon_core.shell:Creating environment hook '/home/unitree/odom/install/go2_mapping/share/go2_mapping/hook/ament_prefix_path.sh'
[11.140s] INFO:colcon.colcon_core.shell:Skip shell extension 'powershell' for command environment: Not usable outside of PowerShell
[11.140s] DEBUG:colcon.colcon_core.shell:Skip shell extension 'dsv' for command environment
[11.841s] INFO:colcon.colcon_core.task.python.build:Building Python package in '/home/unitree/odom/src/go2_mapping'
[11.940s] INFO:colcon.colcon_core.shell:Skip shell extension 'powershell' for command environment: Not usable outside of PowerShell
[11.941s] DEBUG:colcon.colcon_core.shell:Skip shell extension 'dsv' for command environment
[13.155s] DEBUG:colcon.colcon_core.event_handler.log_command:Invoking command in '/home/unitree/odom/src/go2_mapping': PYTHONPATH=/home/unitree/odom/build/go2_mapping/prefix_override:/home/unitree/odom/install/go2_mapping/lib/python3.8/site-packages:${PYTHONPATH} /usr/bin/python3 setup.py egg_info --egg-base ../../build/go2_mapping build --build-base /home/unitree/odom/build/go2_mapping/build install --record /home/unitree/odom/build/go2_mapping/install.log --single-version-externally-managed
[13.808s] DEBUG:colcon.colcon_core.event_handler.log_command:Invoked command in '/home/unitree/odom/src/go2_mapping' returned '0': PYTHONPATH=/home/unitree/odom/build/go2_mapping/prefix_override:/home/unitree/odom/install/go2_mapping/lib/python3.8/site-packages:${PYTHONPATH} /usr/bin/python3 setup.py egg_info --egg-base ../../build/go2_mapping build --build-base /home/unitree/odom/build/go2_mapping/build install --record /home/unitree/odom/build/go2_mapping/install.log --single-version-externally-managed
[13.899s] Level 1:colcon.colcon_core.environment:checking '/home/unitree/odom/install/go2_mapping' for CMake module files
[13.901s] Level 1:colcon.colcon_core.environment:checking '/home/unitree/odom/install/go2_mapping' for CMake config files
[13.903s] Level 1:colcon.colcon_core.environment:checking '/home/unitree/odom/install/go2_mapping/lib'
[13.903s] Level 1:colcon.colcon_core.environment:checking '/home/unitree/odom/install/go2_mapping/bin'
[13.904s] Level 1:colcon.colcon_core.environment:checking '/home/unitree/odom/install/go2_mapping/lib/pkgconfig/go2_mapping.pc'
[13.904s] Level 1:colcon.colcon_core.environment:checking '/home/unitree/odom/install/go2_mapping/lib/python3.8/site-packages'
[13.904s] Level 1:colcon.colcon_core.shell:create_environment_hook('go2_mapping', 'pythonpath')
[13.988s] INFO:colcon.colcon_core.shell:Creating environment hook '/home/unitree/odom/install/go2_mapping/share/go2_mapping/hook/pythonpath.ps1'
[13.989s] INFO:colcon.colcon_core.shell:Creating environment descriptor '/home/unitree/odom/install/go2_mapping/share/go2_mapping/hook/pythonpath.dsv'
[13.990s] INFO:colcon.colcon_core.shell:Creating environment hook '/home/unitree/odom/install/go2_mapping/share/go2_mapping/hook/pythonpath.sh'
[13.991s] Level 1:colcon.colcon_core.environment:checking '/home/unitree/odom/install/go2_mapping/bin'
[13.991s] Level 1:colcon.colcon_core.environment:create_environment_scripts_only(go2_mapping)
[14.073s] INFO:colcon.colcon_core.shell:Creating package script '/home/unitree/odom/install/go2_mapping/share/go2_mapping/package.ps1'
[14.075s] INFO:colcon.colcon_core.shell:Creating package descriptor '/home/unitree/odom/install/go2_mapping/share/go2_mapping/package.dsv'
[14.077s] INFO:colcon.colcon_core.shell:Creating package script '/home/unitree/odom/install/go2_mapping/share/go2_mapping/package.sh'
[14.078s] INFO:colcon.colcon_core.shell:Creating package script '/home/unitree/odom/install/go2_mapping/share/go2_mapping/package.bash'
[14.080s] INFO:colcon.colcon_core.shell:Creating package script '/home/unitree/odom/install/go2_mapping/share/go2_mapping/package.zsh'
[14.081s] Level 1:colcon.colcon_core.environment:create_file_with_runtime_dependencies(/home/unitree/odom/install/go2_mapping/share/colcon-core/packages/go2_mapping)
[14.082s] DEBUG:colcon.colcon_parallel_executor.executor.parallel:closing loop
[14.083s] DEBUG:colcon.colcon_parallel_executor.executor.parallel:loop closed
[14.083s] DEBUG:colcon.colcon_parallel_executor.executor.parallel:run_until_complete finished with '0'
[14.083s] DEBUG:colcon.colcon_core.event_reactor:joining thread
[14.182s] INFO:colcon.colcon_core.plugin_system:Skipping extension 'colcon_notification.desktop_notification.terminal_notifier': Not used on non-Darwin systems
[14.183s] INFO:colcon.colcon_core.plugin_system:Skipping extension 'colcon_notification.desktop_notification.win32': Not used on non-Windows systems
[14.183s] INFO:colcon.colcon_notification.desktop_notification:Sending desktop notification using 'notify2'
[14.258s] DEBUG:colcon.colcon_notification.desktop_notification.notify2:Failed to initialize notify2: org.freedesktop.DBus.Error.Spawn.ChildExited: Process org.freedesktop.Notifications exited with status 1
[14.258s] DEBUG:colcon.colcon_core.event_reactor:joined thread
[14.341s] INFO:colcon.colcon_core.shell:Creating prefix script '/home/unitree/odom/install/local_setup.ps1'
[14.343s] INFO:colcon.colcon_core.shell:Creating prefix util module '/home/unitree/odom/install/_local_setup_util_ps1.py'
[14.346s] INFO:colcon.colcon_core.shell:Creating prefix chain script '/home/unitree/odom/install/setup.ps1'
[14.428s] INFO:colcon.colcon_core.shell:Creating prefix script '/home/unitree/odom/install/local_setup.sh'
[14.429s] INFO:colcon.colcon_core.shell:Creating prefix util module '/home/unitree/odom/install/_local_setup_util_sh.py'
[14.430s] INFO:colcon.colcon_core.shell:Creating prefix chain script '/home/unitree/odom/install/setup.sh'
[14.513s] INFO:colcon.colcon_core.shell:Creating prefix script '/home/unitree/odom/install/local_setup.bash'
[14.514s] INFO:colcon.colcon_core.shell:Creating prefix chain script '/home/unitree/odom/install/setup.bash'
[14.596s] INFO:colcon.colcon_core.shell:Creating prefix script '/home/unitree/odom/install/local_setup.zsh'
[14.598s] INFO:colcon.colcon_core.shell:Creating prefix chain script '/home/unitree/odom/install/setup.zsh'
