[5.167s] DEBUG:colcon:Command line arguments: ['/usr/bin/colcon', 'build', '--packages-select', 'go2_mapping']
[5.167s] DEBUG:colcon:Parsed command line arguments: Namespace(allow_overriding=[], ament_cmake_args=None, base_paths=['.'], build_base='build', catkin_cmake_args=None, catkin_skip_building_tests=False, cmake_args=None, cmake_clean_cache=False, cmake_clean_first=False, cmake_force_configure=False, cmake_target=None, cmake_target_skip_unavailable=False, continue_on_error=False, event_handlers=None, executor='parallel', ignore_user_meta=False, install_base='install', log_base=None, log_level=None, main=<bound method BuildVerb.main of <colcon_core.verb.build.BuildVerb object at 0xffffa15e1d00>>, merge_install=False, metas=['./colcon.meta'], packages_above=None, packages_above_and_dependencies=None, packages_above_depth=None, packages_end=None, packages_ignore=None, packages_ignore_regex=None, packages_select=['go2_mapping'], packages_select_build_failed=False, packages_select_by_dep=None, packages_select_regex=None, packages_select_test_failures=False, packages_skip=None, packages_skip_build_finished=False, packages_skip_by_dep=None, packages_skip_regex=None, packages_skip_test_passed=False, packages_skip_up_to=None, packages_start=None, packages_up_to=None, packages_up_to_regex=None, parallel_workers=4, paths=None, symlink_install=False, test_result_base=None, verb_extension=<colcon_core.verb.build.BuildVerb object at 0xffffa15e1d00>, verb_name='build', verb_parser=<colcon_defaults.argument_parser.defaults.DefaultArgumentsDecorator object at 0xffffa1229640>)
[5.672s] Level 1:colcon.colcon_core.package_discovery:discover_packages(colcon_meta) check parameters
[5.672s] Level 1:colcon.colcon_core.package_discovery:discover_packages(recursive) check parameters
[5.673s] Level 1:colcon.colcon_core.package_discovery:discover_packages(ignore) check parameters
[5.673s] Level 1:colcon.colcon_core.package_discovery:discover_packages(path) check parameters
[5.673s] Level 1:colcon.colcon_core.package_discovery:discover_packages(colcon_meta) discover
[5.673s] Level 1:colcon.colcon_core.package_discovery:discover_packages(recursive) discover
[5.674s] INFO:colcon.colcon_core.package_discovery:Crawling recursively for packages in '/home/unitree/odom'
[5.674s] Level 1:colcon.colcon_core.package_identification:_identify(.) by extensions ['ignore', 'ignore_ament_install']
[5.674s] Level 1:colcon.colcon_core.package_identification:_identify(.) by extension 'ignore'
[5.675s] Level 1:colcon.colcon_core.package_identification:_identify(.) by extension 'ignore_ament_install'
[5.675s] Level 1:colcon.colcon_core.package_identification:_identify(.) by extensions ['colcon_pkg']
[5.675s] Level 1:colcon.colcon_core.package_identification:_identify(.) by extension 'colcon_pkg'
[5.675s] Level 1:colcon.colcon_core.package_identification:_identify(.) by extensions ['colcon_meta']
[5.675s] Level 1:colcon.colcon_core.package_identification:_identify(.) by extension 'colcon_meta'
[5.676s] Level 1:colcon.colcon_core.package_identification:_identify(.) by extensions ['ros']
[5.676s] Level 1:colcon.colcon_core.package_identification:_identify(.) by extension 'ros'
[5.790s] Level 1:colcon.colcon_core.package_identification:_identify(.) by extensions ['cmake', 'python']
[5.791s] Level 1:colcon.colcon_core.package_identification:_identify(.) by extension 'cmake'
[5.791s] Level 1:colcon.colcon_core.package_identification:_identify(.) by extension 'python'
[5.791s] Level 1:colcon.colcon_core.package_identification:_identify(.) by extensions ['python_setup_py']
[5.791s] Level 1:colcon.colcon_core.package_identification:_identify(.) by extension 'python_setup_py'
[5.792s] Level 1:colcon.colcon_core.package_identification:_identify(GO2_URDF) by extensions ['ignore', 'ignore_ament_install']
[5.792s] Level 1:colcon.colcon_core.package_identification:_identify(GO2_URDF) by extension 'ignore'
[5.793s] Level 1:colcon.colcon_core.package_identification:_identify(GO2_URDF) by extension 'ignore_ament_install'
[5.793s] Level 1:colcon.colcon_core.package_identification:_identify(GO2_URDF) by extensions ['colcon_pkg']
[5.793s] Level 1:colcon.colcon_core.package_identification:_identify(GO2_URDF) by extension 'colcon_pkg'
[5.793s] Level 1:colcon.colcon_core.package_identification:_identify(GO2_URDF) by extensions ['colcon_meta']
[5.793s] Level 1:colcon.colcon_core.package_identification:_identify(GO2_URDF) by extension 'colcon_meta'
[5.793s] Level 1:colcon.colcon_core.package_identification:_identify(GO2_URDF) by extensions ['ros']
[5.794s] Level 1:colcon.colcon_core.package_identification:_identify(GO2_URDF) by extension 'ros'
[5.817s] DEBUG:colcon.colcon_core.package_identification:Package 'GO2_URDF' with type 'ros.catkin' and name 'go2_description'
[5.818s] Level 1:colcon.colcon_core.package_identification:_identify(build) by extensions ['ignore', 'ignore_ament_install']
[5.819s] Level 1:colcon.colcon_core.package_identification:_identify(build) by extension 'ignore'
[5.819s] Level 1:colcon.colcon_core.package_identification:_identify(build) ignored
[5.820s] Level 1:colcon.colcon_core.package_identification:_identify(install) by extensions ['ignore', 'ignore_ament_install']
[5.820s] Level 1:colcon.colcon_core.package_identification:_identify(install) by extension 'ignore'
[5.820s] Level 1:colcon.colcon_core.package_identification:_identify(install) ignored
[5.820s] Level 1:colcon.colcon_core.package_identification:_identify(log) by extensions ['ignore', 'ignore_ament_install']
[5.821s] Level 1:colcon.colcon_core.package_identification:_identify(log) by extension 'ignore'
[5.821s] Level 1:colcon.colcon_core.package_identification:_identify(log) ignored
[5.861s] Level 1:colcon.colcon_core.package_identification:_identify(maps) by extensions ['ignore', 'ignore_ament_install']
[5.861s] Level 1:colcon.colcon_core.package_identification:_identify(maps) by extension 'ignore'
[5.861s] Level 1:colcon.colcon_core.package_identification:_identify(maps) by extension 'ignore_ament_install'
[5.862s] Level 1:colcon.colcon_core.package_identification:_identify(maps) by extensions ['colcon_pkg']
[5.862s] Level 1:colcon.colcon_core.package_identification:_identify(maps) by extension 'colcon_pkg'
[5.862s] Level 1:colcon.colcon_core.package_identification:_identify(maps) by extensions ['colcon_meta']
[5.862s] Level 1:colcon.colcon_core.package_identification:_identify(maps) by extension 'colcon_meta'
[5.862s] Level 1:colcon.colcon_core.package_identification:_identify(maps) by extensions ['ros']
[5.862s] Level 1:colcon.colcon_core.package_identification:_identify(maps) by extension 'ros'
[5.862s] Level 1:colcon.colcon_core.package_identification:_identify(maps) by extensions ['cmake', 'python']
[5.862s] Level 1:colcon.colcon_core.package_identification:_identify(maps) by extension 'cmake'
[5.862s] Level 1:colcon.colcon_core.package_identification:_identify(maps) by extension 'python'
[5.863s] Level 1:colcon.colcon_core.package_identification:_identify(maps) by extensions ['python_setup_py']
[5.863s] Level 1:colcon.colcon_core.package_identification:_identify(maps) by extension 'python_setup_py'
[5.866s] Level 1:colcon.colcon_core.package_identification:_identify(rviz) by extensions ['ignore', 'ignore_ament_install']
[5.866s] Level 1:colcon.colcon_core.package_identification:_identify(rviz) by extension 'ignore'
[5.866s] Level 1:colcon.colcon_core.package_identification:_identify(rviz) by extension 'ignore_ament_install'
[5.867s] Level 1:colcon.colcon_core.package_identification:_identify(rviz) by extensions ['colcon_pkg']
[5.867s] Level 1:colcon.colcon_core.package_identification:_identify(rviz) by extension 'colcon_pkg'
[5.867s] Level 1:colcon.colcon_core.package_identification:_identify(rviz) by extensions ['colcon_meta']
[5.867s] Level 1:colcon.colcon_core.package_identification:_identify(rviz) by extension 'colcon_meta'
[5.867s] Level 1:colcon.colcon_core.package_identification:_identify(rviz) by extensions ['ros']
[5.867s] Level 1:colcon.colcon_core.package_identification:_identify(rviz) by extension 'ros'
[5.867s] Level 1:colcon.colcon_core.package_identification:_identify(rviz) by extensions ['cmake', 'python']
[5.867s] Level 1:colcon.colcon_core.package_identification:_identify(rviz) by extension 'cmake'
[5.868s] Level 1:colcon.colcon_core.package_identification:_identify(rviz) by extension 'python'
[5.868s] Level 1:colcon.colcon_core.package_identification:_identify(rviz) by extensions ['python_setup_py']
[5.868s] Level 1:colcon.colcon_core.package_identification:_identify(rviz) by extension 'python_setup_py'
[5.869s] Level 1:colcon.colcon_core.package_identification:_identify(rviz/__pycache__) by extensions ['ignore', 'ignore_ament_install']
[5.869s] Level 1:colcon.colcon_core.package_identification:_identify(rviz/__pycache__) by extension 'ignore'
[5.870s] Level 1:colcon.colcon_core.package_identification:_identify(rviz/__pycache__) by extension 'ignore_ament_install'
[5.870s] Level 1:colcon.colcon_core.package_identification:_identify(rviz/__pycache__) by extensions ['colcon_pkg']
[5.870s] Level 1:colcon.colcon_core.package_identification:_identify(rviz/__pycache__) by extension 'colcon_pkg'
[5.870s] Level 1:colcon.colcon_core.package_identification:_identify(rviz/__pycache__) by extensions ['colcon_meta']
[5.870s] Level 1:colcon.colcon_core.package_identification:_identify(rviz/__pycache__) by extension 'colcon_meta'
[5.870s] Level 1:colcon.colcon_core.package_identification:_identify(rviz/__pycache__) by extensions ['ros']
[5.870s] Level 1:colcon.colcon_core.package_identification:_identify(rviz/__pycache__) by extension 'ros'
[5.870s] Level 1:colcon.colcon_core.package_identification:_identify(rviz/__pycache__) by extensions ['cmake', 'python']
[5.871s] Level 1:colcon.colcon_core.package_identification:_identify(rviz/__pycache__) by extension 'cmake'
[5.871s] Level 1:colcon.colcon_core.package_identification:_identify(rviz/__pycache__) by extension 'python'
[5.871s] Level 1:colcon.colcon_core.package_identification:_identify(rviz/__pycache__) by extensions ['python_setup_py']
[5.871s] Level 1:colcon.colcon_core.package_identification:_identify(rviz/__pycache__) by extension 'python_setup_py'
[5.871s] Level 1:colcon.colcon_core.package_identification:_identify(src) by extensions ['ignore', 'ignore_ament_install']
[5.871s] Level 1:colcon.colcon_core.package_identification:_identify(src) by extension 'ignore'
[5.871s] Level 1:colcon.colcon_core.package_identification:_identify(src) by extension 'ignore_ament_install'
[5.872s] Level 1:colcon.colcon_core.package_identification:_identify(src) by extensions ['colcon_pkg']
[5.872s] Level 1:colcon.colcon_core.package_identification:_identify(src) by extension 'colcon_pkg'
[5.872s] Level 1:colcon.colcon_core.package_identification:_identify(src) by extensions ['colcon_meta']
[5.872s] Level 1:colcon.colcon_core.package_identification:_identify(src) by extension 'colcon_meta'
[5.872s] Level 1:colcon.colcon_core.package_identification:_identify(src) by extensions ['ros']
[5.872s] Level 1:colcon.colcon_core.package_identification:_identify(src) by extension 'ros'
[5.872s] Level 1:colcon.colcon_core.package_identification:_identify(src) by extensions ['cmake', 'python']
[5.872s] Level 1:colcon.colcon_core.package_identification:_identify(src) by extension 'cmake'
[5.872s] Level 1:colcon.colcon_core.package_identification:_identify(src) by extension 'python'
[5.873s] Level 1:colcon.colcon_core.package_identification:_identify(src) by extensions ['python_setup_py']
[5.873s] Level 1:colcon.colcon_core.package_identification:_identify(src) by extension 'python_setup_py'
[5.873s] Level 1:colcon.colcon_core.package_identification:_identify(src/go2_mapping) by extensions ['ignore', 'ignore_ament_install']
[5.900s] Level 1:colcon.colcon_core.package_identification:_identify(src/go2_mapping) by extension 'ignore'
[5.900s] Level 1:colcon.colcon_core.package_identification:_identify(src/go2_mapping) by extension 'ignore_ament_install'
[5.900s] Level 1:colcon.colcon_core.package_identification:_identify(src/go2_mapping) by extensions ['colcon_pkg']
[5.900s] Level 1:colcon.colcon_core.package_identification:_identify(src/go2_mapping) by extension 'colcon_pkg'
[5.900s] Level 1:colcon.colcon_core.package_identification:_identify(src/go2_mapping) by extensions ['colcon_meta']
[5.900s] Level 1:colcon.colcon_core.package_identification:_identify(src/go2_mapping) by extension 'colcon_meta'
[5.901s] Level 1:colcon.colcon_core.package_identification:_identify(src/go2_mapping) by extensions ['ros']
[5.901s] Level 1:colcon.colcon_core.package_identification:_identify(src/go2_mapping) by extension 'ros'
[5.928s] DEBUG:colcon.colcon_core.package_identification:Package 'src/go2_mapping' with type 'ros.ament_python' and name 'go2_mapping'
[5.930s] Level 1:colcon.colcon_core.package_identification:_identify(xt16_ws) by extensions ['ignore', 'ignore_ament_install']
[5.930s] Level 1:colcon.colcon_core.package_identification:_identify(xt16_ws) by extension 'ignore'
[5.930s] Level 1:colcon.colcon_core.package_identification:_identify(xt16_ws) by extension 'ignore_ament_install'
[5.931s] Level 1:colcon.colcon_core.package_identification:_identify(xt16_ws) by extensions ['colcon_pkg']
[5.931s] Level 1:colcon.colcon_core.package_identification:_identify(xt16_ws) by extension 'colcon_pkg'
[5.931s] Level 1:colcon.colcon_core.package_identification:_identify(xt16_ws) by extensions ['colcon_meta']
[5.931s] Level 1:colcon.colcon_core.package_identification:_identify(xt16_ws) by extension 'colcon_meta'
[5.931s] Level 1:colcon.colcon_core.package_identification:_identify(xt16_ws) by extensions ['ros']
[5.931s] Level 1:colcon.colcon_core.package_identification:_identify(xt16_ws) by extension 'ros'
[5.932s] Level 1:colcon.colcon_core.package_identification:_identify(xt16_ws) by extensions ['cmake', 'python']
[5.932s] Level 1:colcon.colcon_core.package_identification:_identify(xt16_ws) by extension 'cmake'
[5.932s] Level 1:colcon.colcon_core.package_identification:_identify(xt16_ws) by extension 'python'
[5.932s] Level 1:colcon.colcon_core.package_identification:_identify(xt16_ws) by extensions ['python_setup_py']
[5.932s] Level 1:colcon.colcon_core.package_identification:_identify(xt16_ws) by extension 'python_setup_py'
[5.933s] Level 1:colcon.colcon_core.package_identification:_identify(xt16_ws/build) by extensions ['ignore', 'ignore_ament_install']
[5.933s] Level 1:colcon.colcon_core.package_identification:_identify(xt16_ws/build) by extension 'ignore'
[5.939s] Level 1:colcon.colcon_core.package_identification:_identify(xt16_ws/build) ignored
[5.939s] Level 1:colcon.colcon_core.package_identification:_identify(xt16_ws/install) by extensions ['ignore', 'ignore_ament_install']
[5.940s] Level 1:colcon.colcon_core.package_identification:_identify(xt16_ws/install) by extension 'ignore'
[5.940s] Level 1:colcon.colcon_core.package_identification:_identify(xt16_ws/install) ignored
[5.941s] Level 1:colcon.colcon_core.package_identification:_identify(xt16_ws/log) by extensions ['ignore', 'ignore_ament_install']
[5.941s] Level 1:colcon.colcon_core.package_identification:_identify(xt16_ws/log) by extension 'ignore'
[5.941s] Level 1:colcon.colcon_core.package_identification:_identify(xt16_ws/log) ignored
[5.942s] Level 1:colcon.colcon_core.package_identification:_identify(xt16_ws/src) by extensions ['ignore', 'ignore_ament_install']
[5.942s] Level 1:colcon.colcon_core.package_identification:_identify(xt16_ws/src) by extension 'ignore'
[5.942s] Level 1:colcon.colcon_core.package_identification:_identify(xt16_ws/src) by extension 'ignore_ament_install'
[5.942s] Level 1:colcon.colcon_core.package_identification:_identify(xt16_ws/src) by extensions ['colcon_pkg']
[5.942s] Level 1:colcon.colcon_core.package_identification:_identify(xt16_ws/src) by extension 'colcon_pkg'
[5.942s] Level 1:colcon.colcon_core.package_identification:_identify(xt16_ws/src) by extensions ['colcon_meta']
[5.942s] Level 1:colcon.colcon_core.package_identification:_identify(xt16_ws/src) by extension 'colcon_meta'
[5.943s] Level 1:colcon.colcon_core.package_identification:_identify(xt16_ws/src) by extensions ['ros']
[5.943s] Level 1:colcon.colcon_core.package_identification:_identify(xt16_ws/src) by extension 'ros'
[5.943s] Level 1:colcon.colcon_core.package_identification:_identify(xt16_ws/src) by extensions ['cmake', 'python']
[5.943s] Level 1:colcon.colcon_core.package_identification:_identify(xt16_ws/src) by extension 'cmake'
[5.943s] Level 1:colcon.colcon_core.package_identification:_identify(xt16_ws/src) by extension 'python'
[5.943s] Level 1:colcon.colcon_core.package_identification:_identify(xt16_ws/src) by extensions ['python_setup_py']
[5.943s] Level 1:colcon.colcon_core.package_identification:_identify(xt16_ws/src) by extension 'python_setup_py'
[5.944s] Level 1:colcon.colcon_core.package_identification:_identify(xt16_ws/src/HesaiLidar_ROS_2.0) by extensions ['ignore', 'ignore_ament_install']
[5.944s] Level 1:colcon.colcon_core.package_identification:_identify(xt16_ws/src/HesaiLidar_ROS_2.0) by extension 'ignore'
[5.944s] Level 1:colcon.colcon_core.package_identification:_identify(xt16_ws/src/HesaiLidar_ROS_2.0) by extension 'ignore_ament_install'
[5.944s] Level 1:colcon.colcon_core.package_identification:_identify(xt16_ws/src/HesaiLidar_ROS_2.0) by extensions ['colcon_pkg']
[5.944s] Level 1:colcon.colcon_core.package_identification:_identify(xt16_ws/src/HesaiLidar_ROS_2.0) by extension 'colcon_pkg'
[5.944s] Level 1:colcon.colcon_core.package_identification:_identify(xt16_ws/src/HesaiLidar_ROS_2.0) by extensions ['colcon_meta']
[5.944s] Level 1:colcon.colcon_core.package_identification:_identify(xt16_ws/src/HesaiLidar_ROS_2.0) by extension 'colcon_meta'
[5.945s] Level 1:colcon.colcon_core.package_identification:_identify(xt16_ws/src/HesaiLidar_ROS_2.0) by extensions ['ros']
[5.945s] Level 1:colcon.colcon_core.package_identification:_identify(xt16_ws/src/HesaiLidar_ROS_2.0) by extension 'ros'
[5.963s] DEBUG:colcon.colcon_core.package_identification:Package 'xt16_ws/src/HesaiLidar_ROS_2.0' with type 'ros.ament_cmake' and name 'hesai_ros_driver'
[5.963s] Level 1:colcon.colcon_core.package_discovery:discover_packages(recursive) using defaults
[5.963s] Level 1:colcon.colcon_core.package_discovery:discover_packages(ignore) discover
[5.963s] Level 1:colcon.colcon_core.package_discovery:discover_packages(ignore) using defaults
[5.963s] Level 1:colcon.colcon_core.package_discovery:discover_packages(path) discover
[5.963s] Level 1:colcon.colcon_core.package_discovery:discover_packages(path) using defaults
[6.708s] INFO:colcon.colcon_core.package_selection:Skipping not selected package 'go2_description' in 'GO2_URDF'
[6.709s] INFO:colcon.colcon_core.package_selection:Skipping not selected package 'hesai_ros_driver' in 'xt16_ws/src/HesaiLidar_ROS_2.0'
[6.892s] Level 1:colcon.colcon_core.package_discovery:discover_packages(prefix_path) check parameters
[6.892s] Level 1:colcon.colcon_core.package_discovery:discover_packages(prefix_path) discover
[7.084s] DEBUG:colcon.colcon_installed_package_information.package_discovery:Found 302 installed packages in /opt/ros/foxy
[7.087s] Level 1:colcon.colcon_core.package_discovery:discover_packages(prefix_path) using defaults
[22.140s] Level 5:colcon.colcon_core.verb:set package 'go2_mapping' build argument 'cmake_args' from command line to 'None'
[22.164s] Level 5:colcon.colcon_core.verb:set package 'go2_mapping' build argument 'cmake_target' from command line to 'None'
[22.164s] Level 5:colcon.colcon_core.verb:set package 'go2_mapping' build argument 'cmake_target_skip_unavailable' from command line to 'False'
[22.164s] Level 5:colcon.colcon_core.verb:set package 'go2_mapping' build argument 'cmake_clean_cache' from command line to 'False'
[22.164s] Level 5:colcon.colcon_core.verb:set package 'go2_mapping' build argument 'cmake_clean_first' from command line to 'False'
[22.165s] Level 5:colcon.colcon_core.verb:set package 'go2_mapping' build argument 'cmake_force_configure' from command line to 'False'
[22.165s] Level 5:colcon.colcon_core.verb:set package 'go2_mapping' build argument 'ament_cmake_args' from command line to 'None'
[22.165s] Level 5:colcon.colcon_core.verb:set package 'go2_mapping' build argument 'catkin_cmake_args' from command line to 'None'
[22.165s] Level 5:colcon.colcon_core.verb:set package 'go2_mapping' build argument 'catkin_skip_building_tests' from command line to 'False'
[22.165s] DEBUG:colcon.colcon_core.verb:Building package 'go2_mapping' with the following arguments: {'ament_cmake_args': None, 'build_base': '/home/unitree/odom/build/go2_mapping', 'catkin_cmake_args': None, 'catkin_skip_building_tests': False, 'cmake_args': None, 'cmake_clean_cache': False, 'cmake_clean_first': False, 'cmake_force_configure': False, 'cmake_target': None, 'cmake_target_skip_unavailable': False, 'install_base': '/home/unitree/odom/install/go2_mapping', 'merge_install': False, 'path': '/home/unitree/odom/src/go2_mapping', 'symlink_install': False, 'test_result_base': None}
[22.981s] INFO:colcon.colcon_core.executor:Executing jobs using 'parallel' executor
[23.322s] DEBUG:colcon.colcon_parallel_executor.executor.parallel:run_until_complete
[23.323s] INFO:colcon.colcon_ros.task.ament_python.build:Building ROS package in '/home/unitree/odom/src/go2_mapping' with build type 'ament_python'
[23.323s] Level 1:colcon.colcon_core.shell:create_environment_hook('go2_mapping', 'ament_prefix_path')
[23.585s] INFO:colcon.colcon_core.plugin_system:Skipping extension 'colcon_core.shell.bat': Not used on non-Windows systems
[23.586s] INFO:colcon.colcon_core.shell:Creating environment hook '/home/unitree/odom/install/go2_mapping/share/go2_mapping/hook/ament_prefix_path.ps1'
[23.590s] INFO:colcon.colcon_core.shell:Creating environment descriptor '/home/unitree/odom/install/go2_mapping/share/go2_mapping/hook/ament_prefix_path.dsv'
[23.594s] INFO:colcon.colcon_core.shell:Creating environment hook '/home/unitree/odom/install/go2_mapping/share/go2_mapping/hook/ament_prefix_path.sh'
[23.923s] INFO:colcon.colcon_core.shell:Skip shell extension 'powershell' for command environment: Not usable outside of PowerShell
[23.927s] DEBUG:colcon.colcon_core.shell:Skip shell extension 'dsv' for command environment
[25.058s] INFO:colcon.colcon_core.task.python.build:Building Python package in '/home/unitree/odom/src/go2_mapping'
[25.150s] INFO:colcon.colcon_core.shell:Skip shell extension 'powershell' for command environment: Not usable outside of PowerShell
[25.150s] DEBUG:colcon.colcon_core.shell:Skip shell extension 'dsv' for command environment
[26.320s] DEBUG:colcon.colcon_core.event_handler.log_command:Invoking command in '/home/unitree/odom/src/go2_mapping': PYTHONPATH=/home/unitree/odom/build/go2_mapping/prefix_override:/home/unitree/odom/install/go2_mapping/lib/python3.8/site-packages:${PYTHONPATH} /usr/bin/python3 setup.py egg_info --egg-base ../../build/go2_mapping build --build-base /home/unitree/odom/build/go2_mapping/build install --record /home/unitree/odom/build/go2_mapping/install.log --single-version-externally-managed
[26.954s] DEBUG:colcon.colcon_core.event_handler.log_command:Invoked command in '/home/unitree/odom/src/go2_mapping' returned '0': PYTHONPATH=/home/unitree/odom/build/go2_mapping/prefix_override:/home/unitree/odom/install/go2_mapping/lib/python3.8/site-packages:${PYTHONPATH} /usr/bin/python3 setup.py egg_info --egg-base ../../build/go2_mapping build --build-base /home/unitree/odom/build/go2_mapping/build install --record /home/unitree/odom/build/go2_mapping/install.log --single-version-externally-managed
[27.048s] Level 1:colcon.colcon_core.environment:checking '/home/unitree/odom/install/go2_mapping' for CMake module files
[27.049s] Level 1:colcon.colcon_core.environment:checking '/home/unitree/odom/install/go2_mapping' for CMake config files
[27.051s] Level 1:colcon.colcon_core.environment:checking '/home/unitree/odom/install/go2_mapping/lib'
[27.052s] Level 1:colcon.colcon_core.environment:checking '/home/unitree/odom/install/go2_mapping/bin'
[27.052s] Level 1:colcon.colcon_core.environment:checking '/home/unitree/odom/install/go2_mapping/lib/pkgconfig/go2_mapping.pc'
[27.053s] Level 1:colcon.colcon_core.environment:checking '/home/unitree/odom/install/go2_mapping/lib/python3.8/site-packages'
[27.053s] Level 1:colcon.colcon_core.shell:create_environment_hook('go2_mapping', 'pythonpath')
[27.139s] INFO:colcon.colcon_core.shell:Creating environment hook '/home/unitree/odom/install/go2_mapping/share/go2_mapping/hook/pythonpath.ps1'
[27.141s] INFO:colcon.colcon_core.shell:Creating environment descriptor '/home/unitree/odom/install/go2_mapping/share/go2_mapping/hook/pythonpath.dsv'
[27.142s] INFO:colcon.colcon_core.shell:Creating environment hook '/home/unitree/odom/install/go2_mapping/share/go2_mapping/hook/pythonpath.sh'
[27.144s] Level 1:colcon.colcon_core.environment:checking '/home/unitree/odom/install/go2_mapping/bin'
[27.144s] Level 1:colcon.colcon_core.environment:create_environment_scripts_only(go2_mapping)
[27.233s] INFO:colcon.colcon_core.shell:Creating package script '/home/unitree/odom/install/go2_mapping/share/go2_mapping/package.ps1'
[27.235s] INFO:colcon.colcon_core.shell:Creating package descriptor '/home/unitree/odom/install/go2_mapping/share/go2_mapping/package.dsv'
[27.236s] INFO:colcon.colcon_core.shell:Creating package script '/home/unitree/odom/install/go2_mapping/share/go2_mapping/package.sh'
[27.238s] INFO:colcon.colcon_core.shell:Creating package script '/home/unitree/odom/install/go2_mapping/share/go2_mapping/package.bash'
[27.239s] INFO:colcon.colcon_core.shell:Creating package script '/home/unitree/odom/install/go2_mapping/share/go2_mapping/package.zsh'
[27.241s] Level 1:colcon.colcon_core.environment:create_file_with_runtime_dependencies(/home/unitree/odom/install/go2_mapping/share/colcon-core/packages/go2_mapping)
[27.242s] DEBUG:colcon.colcon_parallel_executor.executor.parallel:closing loop
[27.243s] DEBUG:colcon.colcon_parallel_executor.executor.parallel:loop closed
[27.243s] DEBUG:colcon.colcon_parallel_executor.executor.parallel:run_until_complete finished with '0'
[27.243s] DEBUG:colcon.colcon_core.event_reactor:joining thread
[27.343s] INFO:colcon.colcon_core.plugin_system:Skipping extension 'colcon_notification.desktop_notification.terminal_notifier': Not used on non-Darwin systems
[27.344s] INFO:colcon.colcon_core.plugin_system:Skipping extension 'colcon_notification.desktop_notification.win32': Not used on non-Windows systems
[27.344s] INFO:colcon.colcon_notification.desktop_notification:Sending desktop notification using 'notify2'
[27.418s] DEBUG:colcon.colcon_notification.desktop_notification.notify2:Failed to initialize notify2: org.freedesktop.DBus.Error.Spawn.ChildExited: Process org.freedesktop.Notifications exited with status 1
[27.419s] DEBUG:colcon.colcon_core.event_reactor:joined thread
[27.506s] INFO:colcon.colcon_core.shell:Creating prefix script '/home/unitree/odom/install/local_setup.ps1'
[27.508s] INFO:colcon.colcon_core.shell:Creating prefix util module '/home/unitree/odom/install/_local_setup_util_ps1.py'
[27.511s] INFO:colcon.colcon_core.shell:Creating prefix chain script '/home/unitree/odom/install/setup.ps1'
[27.597s] INFO:colcon.colcon_core.shell:Creating prefix script '/home/unitree/odom/install/local_setup.sh'
[27.599s] INFO:colcon.colcon_core.shell:Creating prefix util module '/home/unitree/odom/install/_local_setup_util_sh.py'
[27.600s] INFO:colcon.colcon_core.shell:Creating prefix chain script '/home/unitree/odom/install/setup.sh'
[27.684s] INFO:colcon.colcon_core.shell:Creating prefix script '/home/unitree/odom/install/local_setup.bash'
[27.686s] INFO:colcon.colcon_core.shell:Creating prefix chain script '/home/unitree/odom/install/setup.bash'
[27.773s] INFO:colcon.colcon_core.shell:Creating prefix script '/home/unitree/odom/install/local_setup.zsh'
[27.775s] INFO:colcon.colcon_core.shell:Creating prefix chain script '/home/unitree/odom/install/setup.zsh'
