[2.353s] Invoking command in '/home/unitree/odom/src/go2_mapping': PYTHONPATH=/home/unitree/odom/build/go2_mapping/prefix_override:/home/unitree/odom/install/go2_mapping/lib/python3.8/site-packages:${PYTHONPATH} /usr/bin/python3 setup.py egg_info --egg-base ../../build/go2_mapping build --build-base /home/unitree/odom/build/go2_mapping/build install --record /home/unitree/odom/build/go2_mapping/install.log --single-version-externally-managed
[2.925s] running egg_info
[2.926s] writing ../../build/go2_mapping/go2_mapping.egg-info/PKG-INFO
[2.927s] writing dependency_links to ../../build/go2_mapping/go2_mapping.egg-info/dependency_links.txt
[2.928s] writing entry points to ../../build/go2_mapping/go2_mapping.egg-info/entry_points.txt
[2.928s] writing requirements to ../../build/go2_mapping/go2_mapping.egg-info/requires.txt
[2.928s] writing top-level names to ../../build/go2_mapping/go2_mapping.egg-info/top_level.txt
[3.004s] reading manifest file '../../build/go2_mapping/go2_mapping.egg-info/SOURCES.txt'
[3.006s] writing manifest file '../../build/go2_mapping/go2_mapping.egg-info/SOURCES.txt'
[3.006s] running build
[3.007s] running build_py
[3.008s] running build_scripts
[3.008s] running install
[3.010s] running install_lib
[3.013s] running install_data
[3.014s] copying launch/go2_navigation.launch.py -> /home/unitree/odom/install/go2_mapping/share/go2_mapping/launch
[3.015s] copying config/go2_nav2_params.yaml -> /home/unitree/odom/install/go2_mapping/share/go2_mapping/config
[3.017s] running install_egg_info
[3.020s] removing '/home/unitree/odom/install/go2_mapping/lib/python3.8/site-packages/go2_mapping-1.0.0-py3.8.egg-info' (and everything under it)
[3.021s] Copying ../../build/go2_mapping/go2_mapping.egg-info to /home/unitree/odom/install/go2_mapping/lib/python3.8/site-packages/go2_mapping-1.0.0-py3.8.egg-info
[3.023s] running install_scripts
[3.063s] changing mode of /home/unitree/odom/install/go2_mapping/lib/go2_mapping/save_map.py to 775
[3.067s] Installing goal_pose_relay script to /home/unitree/odom/install/go2_mapping/lib/go2_mapping
[3.068s] Installing odom_to_tf script to /home/unitree/odom/install/go2_mapping/lib/go2_mapping
[3.069s] writing list of installed files to '/home/unitree/odom/build/go2_mapping/install.log'
[3.160s] Invoked command in '/home/unitree/odom/src/go2_mapping' returned '0': PYTHONPATH=/home/unitree/odom/build/go2_mapping/prefix_override:/home/unitree/odom/install/go2_mapping/lib/python3.8/site-packages:${PYTHONPATH} /usr/bin/python3 setup.py egg_info --egg-base ../../build/go2_mapping build --build-base /home/unitree/odom/build/go2_mapping/build install --record /home/unitree/odom/build/go2_mapping/install.log --single-version-externally-managed
