/home/unitree/odom/install/go2_mapping/lib/python3.8/site-packages/go2_mapping/rviz_click_logger.py
/home/unitree/odom/install/go2_mapping/lib/python3.8/site-packages/go2_mapping/goal_pose_relay.py
/home/unitree/odom/install/go2_mapping/lib/python3.8/site-packages/go2_mapping/__init__.py
/home/unitree/odom/install/go2_mapping/lib/python3.8/site-packages/go2_mapping/odom_to_tf.py
/home/unitree/odom/install/go2_mapping/lib/python3.8/site-packages/go2_mapping/__pycache__/rviz_click_logger.cpython-38.pyc
/home/unitree/odom/install/go2_mapping/lib/python3.8/site-packages/go2_mapping/__pycache__/goal_pose_relay.cpython-38.pyc
/home/unitree/odom/install/go2_mapping/lib/python3.8/site-packages/go2_mapping/__pycache__/__init__.cpython-38.pyc
/home/unitree/odom/install/go2_mapping/lib/python3.8/site-packages/go2_mapping/__pycache__/odom_to_tf.cpython-38.pyc
/home/unitree/odom/install/go2_mapping/share/ament_index/resource_index/packages/go2_mapping
/home/unitree/odom/install/go2_mapping/share/go2_mapping/package.xml
/home/unitree/odom/install/go2_mapping/share/go2_mapping/launch/go2_navigation.launch.py
/home/unitree/odom/install/go2_mapping/share/go2_mapping/launch/go2_mapping.launch.py
/home/unitree/odom/install/go2_mapping/share/go2_mapping/launch/go2_bridge.launch.py
/home/unitree/odom/install/go2_mapping/share/go2_mapping/launch/pointcloud_to_laserscan.launch.py
/home/unitree/odom/install/go2_mapping/share/go2_mapping/config/go2_nav2_params.yaml
/home/unitree/odom/install/go2_mapping/share/go2_mapping/config/pointcloud_to_laserscan.yaml
/home/unitree/odom/install/go2_mapping/share/go2_mapping/config/slam_params.yaml
/home/unitree/odom/install/go2_mapping/share/go2_mapping/config/slam_params_go2.yaml
/home/unitree/odom/install/go2_mapping/lib/python3.8/site-packages/go2_mapping-1.0.0-py3.8.egg-info/dependency_links.txt
/home/unitree/odom/install/go2_mapping/lib/python3.8/site-packages/go2_mapping-1.0.0-py3.8.egg-info/top_level.txt
/home/unitree/odom/install/go2_mapping/lib/python3.8/site-packages/go2_mapping-1.0.0-py3.8.egg-info/requires.txt
/home/unitree/odom/install/go2_mapping/lib/python3.8/site-packages/go2_mapping-1.0.0-py3.8.egg-info/entry_points.txt
/home/unitree/odom/install/go2_mapping/lib/python3.8/site-packages/go2_mapping-1.0.0-py3.8.egg-info/PKG-INFO
/home/unitree/odom/install/go2_mapping/lib/python3.8/site-packages/go2_mapping-1.0.0-py3.8.egg-info/zip-safe
/home/unitree/odom/install/go2_mapping/lib/python3.8/site-packages/go2_mapping-1.0.0-py3.8.egg-info/SOURCES.txt
/home/unitree/odom/install/go2_mapping/lib/go2_mapping/save_map.py
/home/unitree/odom/install/go2_mapping/lib/go2_mapping/goal_pose_relay
/home/unitree/odom/install/go2_mapping/lib/go2_mapping/odom_to_tf
/home/unitree/odom/install/go2_mapping/lib/go2_mapping/rviz_click_logger
